Archive member included to satisfy reference by file (symbol)

pico-rv32ima/petitfatfs/libpetitfatfs.a(pff.c.obj)
                              pico-rv32ima/CMakeFiles/pico-rv32ima.dir/main.c.obj (pf_mount)
pico-rv32ima/petitfatfs/libpetitfatfs.a(mmcbbp.c.obj)
                              pico-rv32ima/petitfatfs/libpetitfatfs.a(pff.c.obj) (disk_initialize)
pico-rv32ima/vga/libvga.a(vga.c.obj)
                              pico-rv32ima/CMakeFiles/pico-rv32ima.dir/terminal.c.obj (termBuf)
pico-rv32ima/ps2/libps2.a(ps2.c.obj)
                              pico-rv32ima/CMakeFiles/pico-rv32ima.dir/terminal.c.obj (PS2_keyAvailable)
C:/Users/nahue/.pico-sdk/toolchain/14_2_Rel1/bin/../lib/gcc/arm-none-eabi/14.2.1/thumb/v8-m.main+fp/softfp\libm.a(libm_a-wf_sqrt.o)
                              pico-rv32ima/CMakeFiles/pico-rv32ima.dir/C_/Users/nahue/.pico-sdk/sdk/2.1.1/src/rp2_common/pico_float/float_math.c.obj (sqrtf)
C:/Users/nahue/.pico-sdk/toolchain/14_2_Rel1/bin/../lib/gcc/arm-none-eabi/14.2.1/thumb/v8-m.main+fp/softfp\libm.a(libm_a-ef_sqrt.o)
                              C:/Users/nahue/.pico-sdk/toolchain/14_2_Rel1/bin/../lib/gcc/arm-none-eabi/14.2.1/thumb/v8-m.main+fp/softfp\libm.a(libm_a-wf_sqrt.o) (__ieee754_sqrtf)
C:/Users/nahue/.pico-sdk/toolchain/14_2_Rel1/bin/../lib/gcc/arm-none-eabi/14.2.1/thumb/v8-m.main+fp/softfp\libgcc.a(_arm_addsubdf3.o)
                              pico-rv32ima/CMakeFiles/pico-rv32ima.dir/main.c.obj (__aeabi_f2d)
C:/Users/nahue/.pico-sdk/toolchain/14_2_Rel1/bin/../lib/gcc/arm-none-eabi/14.2.1/thumb/v8-m.main+fp/softfp\libgcc.a(_aeabi_ldivmod.o)
                              pico-rv32ima/CMakeFiles/pico-rv32ima.dir/C_/Users/nahue/.pico-sdk/sdk/2.1.1/src/common/pico_time/time.c.obj (__aeabi_ldivmod)
C:/Users/nahue/.pico-sdk/toolchain/14_2_Rel1/bin/../lib/gcc/arm-none-eabi/14.2.1/thumb/v8-m.main+fp/softfp\libgcc.a(_aeabi_uldivmod.o)
                              pico-rv32ima/CMakeFiles/pico-rv32ima.dir/terminal.c.obj (__aeabi_uldivmod)
C:/Users/nahue/.pico-sdk/toolchain/14_2_Rel1/bin/../lib/gcc/arm-none-eabi/14.2.1/thumb/v8-m.main+fp/softfp\libgcc.a(_udivmoddi4.o)
                              C:/Users/nahue/.pico-sdk/toolchain/14_2_Rel1/bin/../lib/gcc/arm-none-eabi/14.2.1/thumb/v8-m.main+fp/softfp\libgcc.a(_aeabi_ldivmod.o) (__udivmoddi4)
C:/Users/nahue/.pico-sdk/toolchain/14_2_Rel1/bin/../lib/gcc/arm-none-eabi/14.2.1/thumb/v8-m.main+fp/softfp\libgcc.a(_dvmd_tls.o)
                              C:/Users/nahue/.pico-sdk/toolchain/14_2_Rel1/bin/../lib/gcc/arm-none-eabi/14.2.1/thumb/v8-m.main+fp/softfp\libgcc.a(_aeabi_ldivmod.o) (__aeabi_ldiv0)
C:/Users/nahue/.pico-sdk/toolchain/14_2_Rel1/bin/../lib/gcc/arm-none-eabi/14.2.1/thumb/v8-m.main+fp/softfp\libg.a(libc_a-atoi.o)
                              pico-rv32ima/CMakeFiles/pico-rv32ima.dir/terminal.c.obj (atoi)
C:/Users/nahue/.pico-sdk/toolchain/14_2_Rel1/bin/../lib/gcc/arm-none-eabi/14.2.1/thumb/v8-m.main+fp/softfp\libg.a(libc_a-calloc.o)
                              pico-rv32ima/CMakeFiles/pico-rv32ima.dir/C_/Users/nahue/.pico-sdk/sdk/2.1.1/src/rp2_common/pico_malloc/malloc.c.obj (calloc)
C:/Users/nahue/.pico-sdk/toolchain/14_2_Rel1/bin/../lib/gcc/arm-none-eabi/14.2.1/thumb/v8-m.main+fp/softfp\libg.a(libc_a-callocr.o)
                              C:/Users/nahue/.pico-sdk/toolchain/14_2_Rel1/bin/../lib/gcc/arm-none-eabi/14.2.1/thumb/v8-m.main+fp/softfp\libg.a(libc_a-calloc.o) (_calloc_r)
C:/Users/nahue/.pico-sdk/toolchain/14_2_Rel1/bin/../lib/gcc/arm-none-eabi/14.2.1/thumb/v8-m.main+fp/softfp\libg.a(libc_a-malloc.o)
                              pico-rv32ima/CMakeFiles/pico-rv32ima.dir/C_/Users/nahue/.pico-sdk/sdk/2.1.1/src/rp2_common/pico_malloc/malloc.c.obj (malloc)
C:/Users/nahue/.pico-sdk/toolchain/14_2_Rel1/bin/../lib/gcc/arm-none-eabi/14.2.1/thumb/v8-m.main+fp/softfp\libg.a(libc_a-mallocr.o)
                              C:/Users/nahue/.pico-sdk/toolchain/14_2_Rel1/bin/../lib/gcc/arm-none-eabi/14.2.1/thumb/v8-m.main+fp/softfp\libg.a(libc_a-callocr.o) (_malloc_r)
C:/Users/nahue/.pico-sdk/toolchain/14_2_Rel1/bin/../lib/gcc/arm-none-eabi/14.2.1/thumb/v8-m.main+fp/softfp\libg.a(libc_a-mlock.o)
                              C:/Users/nahue/.pico-sdk/toolchain/14_2_Rel1/bin/../lib/gcc/arm-none-eabi/14.2.1/thumb/v8-m.main+fp/softfp\libg.a(libc_a-mallocr.o) (__malloc_lock)
C:/Users/nahue/.pico-sdk/toolchain/14_2_Rel1/bin/../lib/gcc/arm-none-eabi/14.2.1/thumb/v8-m.main+fp/softfp\libg.a(libc_a-realloc.o)
                              pico-rv32ima/CMakeFiles/pico-rv32ima.dir/C_/Users/nahue/.pico-sdk/sdk/2.1.1/src/rp2_common/pico_malloc/malloc.c.obj (realloc)
C:/Users/nahue/.pico-sdk/toolchain/14_2_Rel1/bin/../lib/gcc/arm-none-eabi/14.2.1/thumb/v8-m.main+fp/softfp\libg.a(libc_a-reallocr.o)
                              C:/Users/nahue/.pico-sdk/toolchain/14_2_Rel1/bin/../lib/gcc/arm-none-eabi/14.2.1/thumb/v8-m.main+fp/softfp\libg.a(libc_a-realloc.o) (_realloc_r)
[...]
Memory Configuration

Name             Origin             Length             Attributes
FLASH            0x10000000         0x00400000         xr
RAM              0x20000000         0x00080000         xrw
SCRATCH_X        0x20080000         0x00001000         xrw
SCRATCH_Y        0x20081000         0x00001000         xrw
*default*        0x00000000         0xffffffff

Linker script and memory map

LOAD C:/Users/nahue/.pico-sdk/toolchain/14_2_Rel1/bin/../lib/gcc/arm-none-eabi/14.2.1/thumb/v8-m.main+fp/softfp/crti.o
LOAD C:/Users/nahue/.pico-sdk/toolchain/14_2_Rel1/bin/../lib/gcc/arm-none-eabi/14.2.1/thumb/v8-m.main+fp/softfp/crtbegin.o
LOAD C:/Users/nahue/.pico-sdk/toolchain/14_2_Rel1/bin/../lib/gcc/arm-none-eabi/14.2.1/thumb/v8-m.main+fp/softfp/crt0.o

.flash_begin    0x10000000        0x0
                0x10000000                        __flash_binary_start = .

.flashtext      0x10000000      0x1f8
                0x10000000                        __logical_binary_start = .
 *(.vectors)
 .vectors       0x10000000      0x124 pico-rv32ima/CMakeFiles/pico-rv32ima.dir/C_/Users/nahue/.pico-sdk/sdk/2.1.1/src/rp2_common/pico_crt0/crt0.S.obj
                0x10000000                __VECTOR_TABLE
                0x10000000                __vectors
                0x10000110                __default_isrs_start
                0x10000110                isr_invalid
                0x10000112                isr_nmi
                0x10000114                isr_hardfault
                0x10000116                isr_svcall
                0x10000118                isr_pendsv
                0x1000011a                isr_systick
                0x1000011c                isr_irq31
                0x1000011c                isr_irq5
                0x1000011c                isr_irq11
                0x1000011c                isr_irq32
                0x1000011c                isr_irq23
                0x1000011c                isr_irq48
                0x1000011c                isr_irq35
                0x1000011c                isr_irq18
                0x1000011c                isr_irq50
                0x1000011c                isr_irq27
                0x1000011c                isr_irq40
                0x1000011c                isr_irq28
                0x1000011c                isr_irq19
                0x1000011c                isr_irq36
                0x1000011c                isr_irq41
                0x1000011c                isr_irq0
                0x1000011c                isr_irq6
                0x1000011c                isr_irq45
                0x1000011c                isr_irq12
                0x1000011c                isr_irq37
                0x1000011c                isr_irq42
                0x1000011c                isr_irq22
                0x1000011c                isr_irq43
                0x1000011c                isr_irq17
                0x1000011c                isr_irq38
                0x1000011c                isr_irq14
                0x1000011c                isr_irq13
                0x1000011c                isr_irq2
                0x1000011c                isr_irq10
                0x1000011c                isr_irq8
                0x1000011c                isr_irq24
                0x1000011c                isr_irq46
                0x1000011c                isr_irq1
                0x1000011c                isr_irq47
                0x1000011c                isr_irq51
                0x1000011c                isr_irq7
                0x1000011c                isr_irq21
                0x1000011c                isr_irq39
                0x1000011c                isr_irq20
                0x1000011c                isr_irq15
                0x1000011c                isr_irq25
                0x1000011c                isr_irq34
                0x1000011c                isr_irq49
                0x1000011c                __unhandled_user_irq
                0x1000011c                isr_irq4
                0x1000011c                isr_irq16
                0x1000011c                isr_irq44
                0x1000011c                isr_irq29
                0x1000011c                isr_irq26
                0x1000011c                __default_isrs_end
                0x1000011c                isr_irq33
                0x1000011c                isr_irq3
                0x1000011c                isr_irq30
                0x1000011c                isr_irq9
                0x10000122                unhandled_user_irq_num_in_r0
 *(.binary_info_header)
 .binary_info_header
                0x10000124       0x14 pico-rv32ima/CMakeFiles/pico-rv32ima.dir/C_/Users/nahue/.pico-sdk/sdk/2.1.1/src/rp2_common/pico_crt0/crt0.S.obj
                0x10000138                        __binary_info_header_end = .
 *(.embedded_block)
 .embedded_block
                0x10000138       0x14 pico-rv32ima/CMakeFiles/pico-rv32ima.dir/C_/Users/nahue/.pico-sdk/sdk/2.1.1/src/rp2_common/pico_crt0/crt0.S.obj
                0x1000014c                        __embedded_block_end = .
 *(.reset)
 .reset         0x1000014c       0xac pico-rv32ima/CMakeFiles/pico-rv32ima.dir/C_/Users/nahue/.pico-sdk/sdk/2.1.1/src/rp2_common/pico_crt0/crt0.S.obj
                0x1000014c                _entry_point
                0x100001f8                        . = ALIGN (0x4)

.boot2          0x100001f8        0x0
                0x100001f8                        __boot2_start__ = .
 *(.boot2)
                0x100001f8                        __boot2_end__ = .
                0x00000001                        ASSERT (((__boot2_end__ - __boot2_start__) <= 0x100), ERROR: Pico second stage bootloader must be no more than 256 bytes in size)

.rodata         0x100001f8        0x0
 *(SORT_BY_ALIGNMENT(SORT_BY_NAME(.flashdata*)))
                0x100001f8                        . = ALIGN (0x4)

.ARM.extab
 *(.ARM.extab* .gnu.linkonce.armextab.*)
                0x100001f8                        __exidx_start = .

.ARM.exidx      0x100001f8        0x8
 *(.ARM.exidx* .gnu.linkonce.armexidx.*)
 .ARM.exidx.text.__udivmoddi4
                0x100001f8        0x8 C:/Users/nahue/.pico-sdk/toolchain/14_2_Rel1/bin/../lib/gcc/arm-none-eabi/14.2.1/thumb/v8-m.main+fp/softfp\libgcc.a(_udivmoddi4.o)
 .ARM.exidx     0x10000200        0x0 C:/Users/nahue/.pico-sdk/toolchain/14_2_Rel1/bin/../lib/gcc/arm-none-eabi/14.2.1/thumb/v8-m.main+fp/softfp\libg.a(libc_a-memcpy.o)
                                  0x8 (size before relaxing)
                0x10000200                        __exidx_end = .
                0x10000200                        . = ALIGN (0x4)
                0x10000200                        __binary_info_start = .

.binary_info    0x10000200       0x24
 *(.binary_info.keep.*)
 .binary_info.keep.__bi_ptr84
                0x10000200        0x4 pico-rv32ima/CMakeFiles/pico-rv32ima.dir/C_/Users/nahue/.pico-sdk/sdk/2.1.1/src/rp2_common/pico_standard_binary_info/standard_binary_info.c.obj
 .binary_info.keep.__bi_ptr78
                0x10000204        0x4 pico-rv32ima/CMakeFiles/pico-rv32ima.dir/C_/Users/nahue/.pico-sdk/sdk/2.1.1/src/rp2_common/pico_standard_binary_info/standard_binary_info.c.obj
 .binary_info.keep.__bi_ptr54
                0x10000208        0x4 pico-rv32ima/CMakeFiles/pico-rv32ima.dir/C_/Users/nahue/.pico-sdk/sdk/2.1.1/src/rp2_common/pico_standard_binary_info/standard_binary_info.c.obj
 .binary_info.keep.__bi_ptr48
                0x1000020c        0x4 pico-rv32ima/CMakeFiles/pico-rv32ima.dir/C_/Users/nahue/.pico-sdk/sdk/2.1.1/src/rp2_common/pico_standard_binary_info/standard_binary_info.c.obj
 .binary_info.keep.__bi_ptr42
                0x10000210        0x4 pico-rv32ima/CMakeFiles/pico-rv32ima.dir/C_/Users/nahue/.pico-sdk/sdk/2.1.1/src/rp2_common/pico_standard_binary_info/standard_binary_info.c.obj
 .binary_info.keep.__bi_ptr34
                0x10000214        0x4 pico-rv32ima/CMakeFiles/pico-rv32ima.dir/C_/Users/nahue/.pico-sdk/sdk/2.1.1/src/rp2_common/pico_standard_binary_info/standard_binary_info.c.obj
 .binary_info.keep.__bi_ptr26
                0x10000218        0x4 pico-rv32ima/CMakeFiles/pico-rv32ima.dir/C_/Users/nahue/.pico-sdk/sdk/2.1.1/src/rp2_common/pico_standard_binary_info/standard_binary_info.c.obj
 .binary_info.keep.__bi_ptr163
                0x1000021c        0x4 pico-rv32ima/CMakeFiles/pico-rv32ima.dir/C_/Users/nahue/.pico-sdk/sdk/2.1.1/lib/tinyusb/hw/bsp/rp2040/family.c.obj
 .binary_info.keep.__bi_ptr153
                0x10000220        0x4 pico-rv32ima/CMakeFiles/pico-rv32ima.dir/C_/Users/nahue/.pico-sdk/sdk/2.1.1/lib/tinyusb/hw/bsp/rp2040/family.c.obj
 *(.binary_info.*)
                0x10000224                        __binary_info_end = .
                0x10000224                        . = ALIGN (0x4)

.ram_vector_table
                0x20000000      0x110
 *(.ram_vector_table)
 .ram_vector_table
                0x20000000      0x110 pico-rv32ima/CMakeFiles/pico-rv32ima.dir/C_/Users/nahue/.pico-sdk/sdk/2.1.1/src/rp2_common/pico_runtime_init/runtime_init.c.obj
                0x20000000                ram_vector_table

.uninitialized_data
                0x20000110        0x0
                0x20000110                        . = ALIGN (0x4)
 *(.uninitialized_data*)

.text           0x20000110     0xd88c load address 0x10000224
                0x20000110                        __ram_text_start__ = .
 *(.init)
 .init          0x20000110        0x4 C:/Users/nahue/.pico-sdk/toolchain/14_2_Rel1/bin/../lib/gcc/arm-none-eabi/14.2.1/thumb/v8-m.main+fp/softfp/crti.o
                0x20000110                _init
 *(.text*)
 .text.register_tm_clones
                0x20000114       0x28 C:/Users/nahue/.pico-sdk/toolchain/14_2_Rel1/bin/../lib/gcc/arm-none-eabi/14.2.1/thumb/v8-m.main+fp/softfp/crtbegin.o
 .text.frame_dummy
                0x2000013c       0x24 C:/Users/nahue/.pico-sdk/toolchain/14_2_Rel1/bin/../lib/gcc/arm-none-eabi/14.2.1/thumb/v8-m.main+fp/softfp/crtbegin.o
 .text.core1_entry
                0x20000160       0xc4 pico-rv32ima/CMakeFiles/pico-rv32ima.dir/main.c.obj
                0x20000160                core1_entry
 .text.gset_sys_clock_khz
                0x20000224       0x94 pico-rv32ima/CMakeFiles/pico-rv32ima.dir/main.c.obj
                0x20000224                gset_sys_clock_khz
 .text.startup.main
                0x200002b8       0x54 pico-rv32ima/CMakeFiles/pico-rv32ima.dir/main.c.obj
                0x200002b8                main
 .text.psram_init
                0x2000030c       0xd0 pico-rv32ima/CMakeFiles/pico-rv32ima.dir/psram.c.obj
                0x2000030c                psram_init
 .text.psram_access
                0x200003dc       0x6c pico-rv32ima/CMakeFiles/pico-rv32ima.dir/psram.c.obj
                0x200003dc                psram_access
 .text.psram_load_data
                0x20000448       0xc4 pico-rv32ima/CMakeFiles/pico-rv32ima.dir/psram.c.obj
                0x20000448                psram_load_data
 *fill*         0x2000050c        0x4 
 .text.cache_reset
                0x20000510       0x3c pico-rv32ima/CMakeFiles/pico-rv32ima.dir/cache.c.obj
                0x20000510                cache_reset
 .text.cache_read
                0x2000054c      0x244 pico-rv32ima/CMakeFiles/pico-rv32ima.dir/cache.c.obj
                0x2000054c                cache_read
 .text.cache_write
                0x20000790      0x28c pico-rv32ima/CMakeFiles/pico-rv32ima.dir/cache.c.obj
                0x20000790                cache_write
 .text.console_init
                0x20000a1c       0x3c pico-rv32ima/CMakeFiles/pico-rv32ima.dir/console.c.obj
                0x20000a1c                console_init
 .text.ser_console_task
                0x20000a58       0xc4 pico-rv32ima/CMakeFiles/pico-rv32ima.dir/console.c.obj
                0x20000a58                ser_console_task
 .text.console_task
                0x20000b1c       0x18 pico-rv32ima/CMakeFiles/pico-rv32ima.dir/console.c.obj
                0x20000b1c                console_task
 .text.console_putc
                0x20000b34       0x2c pico-rv32ima/CMakeFiles/pico-rv32ima.dir/console.c.obj
                0x20000b34                console_putc
 .text.console_puts
                0x20000b60       0x40 pico-rv32ima/CMakeFiles/pico-rv32ima.dir/console.c.obj
                0x20000b60                console_puts
 .text.console_printf
                0x20000ba0       0x58 pico-rv32ima/CMakeFiles/pico-rv32ima.dir/console.c.obj
                0x20000ba0                console_printf
 .text.console_panic
                0x20000bf8       0x2c pico-rv32ima/CMakeFiles/pico-rv32ima.dir/console.c.obj
                0x20000bf8                console_panic
 .text.terminal_init
                0x20000c24       0x40 pico-rv32ima/CMakeFiles/pico-rv32ima.dir/terminal.c.obj
                0x20000c24                terminal_init
 .text.runCSI   0x20000c64      0x124 pico-rv32ima/CMakeFiles/pico-rv32ima.dir/terminal.c.obj
                0x20000c64                runCSI
 .text.parseCSI
                0x20000d88       0x80 pico-rv32ima/CMakeFiles/pico-rv32ima.dir/terminal.c.obj
                0x20000d88                parseCSI
 .text.vt100Emu
                0x20000e08       0xd0 pico-rv32ima/CMakeFiles/pico-rv32ima.dir/terminal.c.obj
                0x20000e08                vt100Emu
 .text.handlePs2Keyboard
                0x20000ed8       0x90 pico-rv32ima/CMakeFiles/pico-rv32ima.dir/terminal.c.obj
                0x20000ed8                handlePs2Keyboard
 .text.terminal_task
                0x20000f68       0xc8 pico-rv32ima/CMakeFiles/pico-rv32ima.dir/terminal.c.obj
                0x20000f68                terminal_task
 .text.riscv_emu
                0x20001030     0x11c0 pico-rv32ima/CMakeFiles/pico-rv32ima.dir/emulator.c.obj
                0x20001030                riscv_emu
 .text.usb_serial_init
                0x200021f0      0x140 pico-rv32ima/CMakeFiles/pico-rv32ima.dir/get_serial.c.obj
                0x200021f0                usb_serial_init
 .text.tud_descriptor_device_cb
                0x20002330        0x8 pico-rv32ima/CMakeFiles/pico-rv32ima.dir/usb_descriptors.c.obj
                0x20002330                tud_descriptor_device_cb
 .text.tud_descriptor_configuration_cb
                0x20002338        0x8 pico-rv32ima/CMakeFiles/pico-rv32ima.dir/usb_descriptors.c.obj
                0x20002338                tud_descriptor_configuration_cb
 .text.tud_descriptor_string_cb
                0x20002340       0x70 pico-rv32ima/CMakeFiles/pico-rv32ima.dir/usb_descriptors.c.obj
                0x20002340                tud_descriptor_string_cb
 .text.gpio_default_irq_handler
                0x200023b0      0x1d4 pico-rv32ima/CMakeFiles/pico-rv32ima.dir/C_/Users/nahue/.pico-sdk/sdk/2.1.1/src/rp2_common/hardware_gpio/gpio.c.obj
 .text.gpio_set_function
                0x20002584       0x3c pico-rv32ima/CMakeFiles/pico-rv32ima.dir/C_/Users/nahue/.pico-sdk/sdk/2.1.1/src/rp2_common/hardware_gpio/gpio.c.obj
                0x20002584                gpio_set_function
 .text.gpio_set_pulls
                0x200025c0       0x28 pico-rv32ima/CMakeFiles/pico-rv32ima.dir/C_/Users/nahue/.pico-sdk/sdk/2.1.1/src/rp2_common/hardware_gpio/gpio.c.obj
                0x200025c0                gpio_set_pulls
 .text.gpio_set_slew_rate
                0x200025e8       0x1c pico-rv32ima/CMakeFiles/pico-rv32ima.dir/C_/Users/nahue/.pico-sdk/sdk/2.1.1/src/rp2_common/hardware_gpio/gpio.c.obj
                0x200025e8                gpio_set_slew_rate
 .text.gpio_set_irq_enabled_with_callback
                0x20002604       0xa8 pico-rv32ima/CMakeFiles/pico-rv32ima.dir/C_/Users/nahue/.pico-sdk/sdk/2.1.1/src/rp2_common/hardware_gpio/gpio.c.obj
                0x20002604                gpio_set_irq_enabled_with_callback
 .text.gpio_init
                0x200026ac       0x48 pico-rv32ima/CMakeFiles/pico-rv32ima.dir/C_/Users/nahue/.pico-sdk/sdk/2.1.1/src/rp2_common/hardware_gpio/gpio.c.obj
                0x200026ac                gpio_init
 .text.panic    0x200026f4       0x30 pico-rv32ima/CMakeFiles/pico-rv32ima.dir/C_/Users/nahue/.pico-sdk/sdk/2.1.1/src/rp2_common/pico_platform_panic/panic.c.obj
                0x200026f4                panic
 .text.hw_claim_lock
                0x20002724       0x24 pico-rv32ima/CMakeFiles/pico-rv32ima.dir/C_/Users/nahue/.pico-sdk/sdk/2.1.1/src/common/hardware_claim/claim.c.obj
                0x20002724                hw_claim_lock
 .text.hw_claim_unlock
                0x20002748       0x14 pico-rv32ima/CMakeFiles/pico-rv32ima.dir/C_/Users/nahue/.pico-sdk/sdk/2.1.1/src/common/hardware_claim/claim.c.obj
                0x20002748                hw_claim_unlock
 .text.hw_claim_or_assert
                0x2000275c       0x58 pico-rv32ima/CMakeFiles/pico-rv32ima.dir/C_/Users/nahue/.pico-sdk/sdk/2.1.1/src/common/hardware_claim/claim.c.obj
                0x2000275c                hw_claim_or_assert
 .text.hw_claim_unused_from_range
                0x200027b4       0x80 pico-rv32ima/CMakeFiles/pico-rv32ima.dir/C_/Users/nahue/.pico-sdk/sdk/2.1.1/src/common/hardware_claim/claim.c.obj
                0x200027b4                hw_claim_unused_from_range
 .text.next_striped_spin_lock_num
                0x20002834       0x18 pico-rv32ima/CMakeFiles/pico-rv32ima.dir/C_/Users/nahue/.pico-sdk/sdk/2.1.1/src/rp2_common/hardware_sync/sync.c.obj
                0x20002834                next_striped_spin_lock_num
 .text.spin_lock_claim_unused
                0x2000284c       0x20 pico-rv32ima/CMakeFiles/pico-rv32ima.dir/C_/Users/nahue/.pico-sdk/sdk/2.1.1/src/rp2_common/hardware_sync/sync.c.obj
                0x2000284c                spin_lock_claim_unused
 .text.spinlock_set_extexclall
                0x2000286c       0x10 pico-rv32ima/CMakeFiles/pico-rv32ima.dir/C_/Users/nahue/.pico-sdk/sdk/2.1.1/src/rp2_common/hardware_sync_spin_lock/sync_spin_lock.c.obj
 .text.spin_locks_reset
                0x2000287c       0x18 pico-rv32ima/CMakeFiles/pico-rv32ima.dir/C_/Users/nahue/.pico-sdk/sdk/2.1.1/src/rp2_common/hardware_sync_spin_lock/sync_spin_lock.c.obj
                0x2000287c                spin_locks_reset
 .text.runtime_init_per_core_irq_priorities
                0x20002894       0x40 pico-rv32ima/CMakeFiles/pico-rv32ima.dir/C_/Users/nahue/.pico-sdk/sdk/2.1.1/src/rp2_common/hardware_irq/irq.c.obj
                0x20002894                runtime_init_per_core_irq_priorities
 .text.irq_set_enabled
                0x200028d4       0x2c pico-rv32ima/CMakeFiles/pico-rv32ima.dir/C_/Users/nahue/.pico-sdk/sdk/2.1.1/src/rp2_common/hardware_irq/irq.c.obj
                0x200028d4                irq_set_enabled
 .text.irq_is_enabled
                0x20002900       0x20 pico-rv32ima/CMakeFiles/pico-rv32ima.dir/C_/Users/nahue/.pico-sdk/sdk/2.1.1/src/rp2_common/hardware_irq/irq.c.obj
                0x20002900                irq_is_enabled
 .text.irq_set_exclusive_handler
                0x20002920       0x60 pico-rv32ima/CMakeFiles/pico-rv32ima.dir/C_/Users/nahue/.pico-sdk/sdk/2.1.1/src/rp2_common/hardware_irq/irq.c.obj
                0x20002920                irq_set_exclusive_handler
 .text.irq_add_shared_handler
                0x20002980      0x1e8 pico-rv32ima/CMakeFiles/pico-rv32ima.dir/C_/Users/nahue/.pico-sdk/sdk/2.1.1/src/rp2_common/hardware_irq/irq.c.obj
                0x20002980                irq_add_shared_handler
 .text.irq_remove_handler
                0x20002b68      0x1f4 pico-rv32ima/CMakeFiles/pico-rv32ima.dir/C_/Users/nahue/.pico-sdk/sdk/2.1.1/src/rp2_common/hardware_irq/irq.c.obj
                0x20002b68                irq_remove_handler
 .text.irq_add_tail_to_free_list
                0x20002d5c       0xbc pico-rv32ima/CMakeFiles/pico-rv32ima.dir/C_/Users/nahue/.pico-sdk/sdk/2.1.1/src/rp2_common/hardware_irq/irq.c.obj
                0x20002d5c                irq_add_tail_to_free_list
 .text.lock_init
                0x20002e18        0xc pico-rv32ima/CMakeFiles/pico-rv32ima.dir/C_/Users/nahue/.pico-sdk/sdk/2.1.1/src/common/pico_sync/lock_core.c.obj
                0x20002e18                lock_init
 .text.runtime_init_mutex
                0x20002e24       0x4c pico-rv32ima/CMakeFiles/pico-rv32ima.dir/C_/Users/nahue/.pico-sdk/sdk/2.1.1/src/common/pico_sync/mutex.c.obj
                0x20002e24                runtime_init_mutex
 .text.mutex_init
                0x20002e70       0x1c pico-rv32ima/CMakeFiles/pico-rv32ima.dir/C_/Users/nahue/.pico-sdk/sdk/2.1.1/src/common/pico_sync/mutex.c.obj
                0x20002e70                mutex_init
 .text.critical_section_init
                0x20002e8c       0x1c pico-rv32ima/CMakeFiles/pico-rv32ima.dir/C_/Users/nahue/.pico-sdk/sdk/2.1.1/src/common/pico_sync/critical_section.c.obj
                0x20002e8c                critical_section_init
 .text.sleep_until_callback
                0x20002ea8       0x3c pico-rv32ima/CMakeFiles/pico-rv32ima.dir/C_/Users/nahue/.pico-sdk/sdk/2.1.1/src/common/pico_time/time.c.obj
 *fill*         0x20002ee4        0x4 
 .text.alarm_pool_irq_handler
                0x20002ee8      0x2f0 pico-rv32ima/CMakeFiles/pico-rv32ima.dir/C_/Users/nahue/.pico-sdk/sdk/2.1.1/src/common/pico_time/time.c.obj
 .text.runtime_init_default_alarm_pool
                0x200031d8      0x100 pico-rv32ima/CMakeFiles/pico-rv32ima.dir/C_/Users/nahue/.pico-sdk/sdk/2.1.1/src/common/pico_time/time.c.obj
                0x200031d8                runtime_init_default_alarm_pool
 .text.alarm_pool_add_alarm_at_force_in_context
                0x200032d8       0xc8 pico-rv32ima/CMakeFiles/pico-rv32ima.dir/C_/Users/nahue/.pico-sdk/sdk/2.1.1/src/common/pico_time/time.c.obj
                0x200032d8                alarm_pool_add_alarm_at_force_in_context
 .text.alarm_pool_cancel_alarm
                0x200033a0       0x80 pico-rv32ima/CMakeFiles/pico-rv32ima.dir/C_/Users/nahue/.pico-sdk/sdk/2.1.1/src/common/pico_time/time.c.obj
                0x200033a0                alarm_pool_cancel_alarm
 .text.sleep_us
                0x20003420       0xd8 pico-rv32ima/CMakeFiles/pico-rv32ima.dir/C_/Users/nahue/.pico-sdk/sdk/2.1.1/src/common/pico_time/time.c.obj
                0x20003420                sleep_us
 .text.sleep_ms
                0x200034f8       0xdc pico-rv32ima/CMakeFiles/pico-rv32ima.dir/C_/Users/nahue/.pico-sdk/sdk/2.1.1/src/common/pico_time/time.c.obj
                0x200034f8                sleep_ms
 .text.best_effort_wfe_or_timeout
                0x200035d4       0xd4 pico-rv32ima/CMakeFiles/pico-rv32ima.dir/C_/Users/nahue/.pico-sdk/sdk/2.1.1/src/common/pico_time/time.c.obj
                0x200035d4                best_effort_wfe_or_timeout
 .text.timer_hardware_alarm_claim
                0x200036a8       0x24 pico-rv32ima/CMakeFiles/pico-rv32ima.dir/C_/Users/nahue/.pico-sdk/sdk/2.1.1/src/rp2_common/hardware_timer/timer.c.obj
                0x200036a8                timer_hardware_alarm_claim
 .text.timer_time_us_64
                0x200036cc       0x10 pico-rv32ima/CMakeFiles/pico-rv32ima.dir/C_/Users/nahue/.pico-sdk/sdk/2.1.1/src/rp2_common/hardware_timer/timer.c.obj
                0x200036cc                timer_time_us_64
 .text.time_us_64
                0x200036dc       0x14 pico-rv32ima/CMakeFiles/pico-rv32ima.dir/C_/Users/nahue/.pico-sdk/sdk/2.1.1/src/rp2_common/hardware_timer/timer.c.obj
                0x200036dc                time_us_64
 .text.busy_wait_until
                0x200036f0       0x24 pico-rv32ima/CMakeFiles/pico-rv32ima.dir/C_/Users/nahue/.pico-sdk/sdk/2.1.1/src/rp2_common/hardware_timer/timer.c.obj
                0x200036f0                busy_wait_until
 .text.queue_init_with_spinlock
                0x20003714       0x24 pico-rv32ima/CMakeFiles/pico-rv32ima.dir/C_/Users/nahue/.pico-sdk/sdk/2.1.1/src/common/pico_util/queue.c.obj
                0x20003714                queue_init_with_spinlock
 .text.queue_try_add
                0x20003738       0x74 pico-rv32ima/CMakeFiles/pico-rv32ima.dir/C_/Users/nahue/.pico-sdk/sdk/2.1.1/src/common/pico_util/queue.c.obj
                0x20003738                queue_try_add
 .text.queue_try_remove
                0x200037ac       0x80 pico-rv32ima/CMakeFiles/pico-rv32ima.dir/C_/Users/nahue/.pico-sdk/sdk/2.1.1/src/common/pico_util/queue.c.obj
                0x200037ac                queue_try_remove
 .text.queue_add_blocking
                0x2000382c       0x7c pico-rv32ima/CMakeFiles/pico-rv32ima.dir/C_/Users/nahue/.pico-sdk/sdk/2.1.1/src/common/pico_util/queue.c.obj
                0x2000382c                queue_add_blocking
 .text.queue_remove_blocking
                0x200038a8       0x8c pico-rv32ima/CMakeFiles/pico-rv32ima.dir/C_/Users/nahue/.pico-sdk/sdk/2.1.1/src/common/pico_util/queue.c.obj
                0x200038a8                queue_remove_blocking
 .text.queue_peek_blocking
                0x20003934       0x70 pico-rv32ima/CMakeFiles/pico-rv32ima.dir/C_/Users/nahue/.pico-sdk/sdk/2.1.1/src/common/pico_util/queue.c.obj
                0x20003934                queue_peek_blocking
 .text.clock_configure
                0x200039a4       0xfc pico-rv32ima/CMakeFiles/pico-rv32ima.dir/C_/Users/nahue/.pico-sdk/sdk/2.1.1/src/rp2_common/hardware_clocks/clocks.c.obj
                0x200039a4                clock_configure
 .text.clock_configure_undivided
                0x20003aa0       0xd0 pico-rv32ima/CMakeFiles/pico-rv32ima.dir/C_/Users/nahue/.pico-sdk/sdk/2.1.1/src/rp2_common/hardware_clocks/clocks.c.obj
                0x20003aa0                clock_configure_undivided
 .text.clock_get_hz
                0x20003b70        0xc pico-rv32ima/CMakeFiles/pico-rv32ima.dir/C_/Users/nahue/.pico-sdk/sdk/2.1.1/src/rp2_common/hardware_clocks/clocks.c.obj
                0x20003b70                clock_get_hz
 .text.check_sys_clock_khz
                0x20003b7c      0x19c pico-rv32ima/CMakeFiles/pico-rv32ima.dir/C_/Users/nahue/.pico-sdk/sdk/2.1.1/src/rp2_common/hardware_clocks/clocks.c.obj
                0x20003b7c                check_sys_clock_khz
 .text.pll_init
                0x20003d18       0x8c pico-rv32ima/CMakeFiles/pico-rv32ima.dir/C_/Users/nahue/.pico-sdk/sdk/2.1.1/src/rp2_common/hardware_pll/pll.c.obj
                0x20003d18                pll_init
 .text.vreg_set_voltage
                0x20003da4       0x44 pico-rv32ima/CMakeFiles/pico-rv32ima.dir/C_/Users/nahue/.pico-sdk/sdk/2.1.1/src/rp2_common/hardware_vreg/vreg.c.obj
                0x20003da4                vreg_set_voltage
 .text.vreg_disable_voltage_limit
                0x20003de8       0x10 pico-rv32ima/CMakeFiles/pico-rv32ima.dir/C_/Users/nahue/.pico-sdk/sdk/2.1.1/src/rp2_common/hardware_vreg/vreg.c.obj
                0x20003de8                vreg_disable_voltage_limit
 .text.tick_start
                0x20003df8       0x18 pico-rv32ima/CMakeFiles/pico-rv32ima.dir/C_/Users/nahue/.pico-sdk/sdk/2.1.1/src/rp2_common/hardware_ticks/ticks.c.obj
                0x20003df8                tick_start
 .text.rom_func_lookup
                0x20003e10       0x18 pico-rv32ima/CMakeFiles/pico-rv32ima.dir/C_/Users/nahue/.pico-sdk/sdk/2.1.1/src/rp2_common/pico_bootrom/bootrom.c.obj
                0x20003e10                rom_func_lookup
 .text.runtime_init_bootrom_locking_enable
                0x20003e28       0x14 pico-rv32ima/CMakeFiles/pico-rv32ima.dir/C_/Users/nahue/.pico-sdk/sdk/2.1.1/src/rp2_common/pico_bootrom/bootrom_lock.c.obj
                0x20003e28                runtime_init_bootrom_locking_enable
 .text.runtime_init_boot_locks_reset
                0x20003e3c       0x1c pico-rv32ima/CMakeFiles/pico-rv32ima.dir/C_/Users/nahue/.pico-sdk/sdk/2.1.1/src/rp2_common/hardware_boot_lock/boot_lock.c.obj
                0x20003e3c                runtime_init_boot_locks_reset
 .text.xosc_init
                0x20003e58       0x30 pico-rv32ima/CMakeFiles/pico-rv32ima.dir/C_/Users/nahue/.pico-sdk/sdk/2.1.1/src/rp2_common/hardware_xosc/xosc.c.obj
                0x20003e58                xosc_init
 .text.first_per_core_initializer
                0x20003e88        0x4 pico-rv32ima/CMakeFiles/pico-rv32ima.dir/C_/Users/nahue/.pico-sdk/sdk/2.1.1/src/rp2_common/pico_runtime/runtime.c.obj
 .text.hard_assertion_failure
                0x20003e8c        0xc pico-rv32ima/CMakeFiles/pico-rv32ima.dir/C_/Users/nahue/.pico-sdk/sdk/2.1.1/src/rp2_common/pico_runtime/runtime.c.obj
                0x20003e8c                hard_assertion_failure
 .text.runtime_run_initializers
                0x20003e98       0x20 pico-rv32ima/CMakeFiles/pico-rv32ima.dir/C_/Users/nahue/.pico-sdk/sdk/2.1.1/src/rp2_common/pico_runtime/runtime.c.obj
                0x20003e98                runtime_run_initializers
 .text.runtime_run_per_core_initializers
                0x20003eb8       0x20 pico-rv32ima/CMakeFiles/pico-rv32ima.dir/C_/Users/nahue/.pico-sdk/sdk/2.1.1/src/rp2_common/pico_runtime/runtime.c.obj
                0x20003eb8                runtime_run_per_core_initializers
 .text.runtime_init_early_resets
                0x20003ed8       0x34 pico-rv32ima/CMakeFiles/pico-rv32ima.dir/C_/Users/nahue/.pico-sdk/sdk/2.1.1/src/rp2_common/pico_runtime_init/runtime_init.c.obj
                0x20003ed8                runtime_init_early_resets
 .text.runtime_init_usb_power_down
                0x20003f0c       0x1c pico-rv32ima/CMakeFiles/pico-rv32ima.dir/C_/Users/nahue/.pico-sdk/sdk/2.1.1/src/rp2_common/pico_runtime_init/runtime_init.c.obj
                0x20003f0c                runtime_init_usb_power_down
 .text.runtime_init_per_core_enable_coprocessors
                0x20003f28       0x1c pico-rv32ima/CMakeFiles/pico-rv32ima.dir/C_/Users/nahue/.pico-sdk/sdk/2.1.1/src/rp2_common/pico_runtime_init/runtime_init.c.obj
                0x20003f28                runtime_init_per_core_enable_coprocessors
 .text.runtime_init_post_clock_resets
                0x20003f44       0x20 pico-rv32ima/CMakeFiles/pico-rv32ima.dir/C_/Users/nahue/.pico-sdk/sdk/2.1.1/src/rp2_common/pico_runtime_init/runtime_init.c.obj
                0x20003f44                runtime_init_post_clock_resets
 .text.runtime_init_bootrom_reset
                0x20003f64       0x14 pico-rv32ima/CMakeFiles/pico-rv32ima.dir/C_/Users/nahue/.pico-sdk/sdk/2.1.1/src/rp2_common/pico_runtime_init/runtime_init.c.obj
                0x20003f64                runtime_init_bootrom_reset
 .text.runtime_init_per_core_bootrom_reset
                0x20003f78       0x14 pico-rv32ima/CMakeFiles/pico-rv32ima.dir/C_/Users/nahue/.pico-sdk/sdk/2.1.1/src/rp2_common/pico_runtime_init/runtime_init.c.obj
                0x20003f78                runtime_init_per_core_bootrom_reset
 .text.runtime_init_spin_locks_reset
                0x20003f8c        0x4 pico-rv32ima/CMakeFiles/pico-rv32ima.dir/C_/Users/nahue/.pico-sdk/sdk/2.1.1/src/rp2_common/pico_runtime_init/runtime_init.c.obj
                0x20003f8c                runtime_init_spin_locks_reset
 .text.runtime_init_install_ram_vector_table
                0x20003f90       0x20 pico-rv32ima/CMakeFiles/pico-rv32ima.dir/C_/Users/nahue/.pico-sdk/sdk/2.1.1/src/rp2_common/pico_runtime_init/runtime_init.c.obj
                0x20003f90                runtime_init_install_ram_vector_table
 .text.runtime_init_clocks
                0x20003fb0       0xdc pico-rv32ima/CMakeFiles/pico-rv32ima.dir/C_/Users/nahue/.pico-sdk/sdk/2.1.1/src/rp2_common/pico_runtime_init/runtime_init_clocks.c.obj
                0x20003fb0                runtime_init_clocks
 .text.__rp2350_dcp_engaged_state_save_restore
                0x2000408c       0x3a pico-rv32ima/CMakeFiles/pico-rv32ima.dir/C_/Users/nahue/.pico-sdk/sdk/2.1.1/src/rp2_common/pico_double/double_aeabi_dcp.S.obj
 *fill*         0x200040c6        0x2 
 .text.__wrap___aeabi_dadd
                0x200040c8       0x28 pico-rv32ima/CMakeFiles/pico-rv32ima.dir/C_/Users/nahue/.pico-sdk/sdk/2.1.1/src/rp2_common/pico_double/double_aeabi_dcp.S.obj
                0x200040d0                __wrap___aeabi_dadd
 .text.__wrap___aeabi_dsub
                0x200040f0       0x28 pico-rv32ima/CMakeFiles/pico-rv32ima.dir/C_/Users/nahue/.pico-sdk/sdk/2.1.1/src/rp2_common/pico_double/double_aeabi_dcp.S.obj
                0x200040f8                __wrap___aeabi_dsub
 .text.__wrap___aeabi_dmul
                0x20004118       0x4c pico-rv32ima/CMakeFiles/pico-rv32ima.dir/C_/Users/nahue/.pico-sdk/sdk/2.1.1/src/rp2_common/pico_double/double_aeabi_dcp.S.obj
                0x20004120                __wrap___aeabi_dmul
 .text.__wrap___aeabi_ddiv
                0x20004164       0x9c pico-rv32ima/CMakeFiles/pico-rv32ima.dir/C_/Users/nahue/.pico-sdk/sdk/2.1.1/src/rp2_common/pico_double/double_aeabi_dcp.S.obj
                0x2000416c                __wrap___aeabi_ddiv
 .text.__wrap___aeabi_i2d
                0x20004200       0x24 pico-rv32ima/CMakeFiles/pico-rv32ima.dir/C_/Users/nahue/.pico-sdk/sdk/2.1.1/src/rp2_common/pico_double/double_aeabi_dcp.S.obj
                0x20004208                int2double
                0x20004208                __wrap___aeabi_i2d
 .text.__wrap___aeabi_ui2d
                0x20004224       0x24 pico-rv32ima/CMakeFiles/pico-rv32ima.dir/C_/Users/nahue/.pico-sdk/sdk/2.1.1/src/rp2_common/pico_double/double_aeabi_dcp.S.obj
                0x2000422c                uint2double
                0x2000422c                __wrap___aeabi_ui2d
 .text.__wrap___aeabi_d2iz
                0x20004248       0x24 pico-rv32ima/CMakeFiles/pico-rv32ima.dir/C_/Users/nahue/.pico-sdk/sdk/2.1.1/src/rp2_common/pico_double/double_aeabi_dcp.S.obj
                0x20004250                double2int_z
                0x20004250                __wrap___aeabi_d2iz
 .text.__wrap___aeabi_dcmpun
                0x2000426c       0x24 pico-rv32ima/CMakeFiles/pico-rv32ima.dir/C_/Users/nahue/.pico-sdk/sdk/2.1.1/src/rp2_common/pico_double/double_aeabi_dcp.S.obj
                0x20004274                __wrap___aeabi_dcmpun
 .text.__wrap___aeabi_dcmpeq
                0x20004290       0x24 pico-rv32ima/CMakeFiles/pico-rv32ima.dir/C_/Users/nahue/.pico-sdk/sdk/2.1.1/src/rp2_common/pico_double/double_aeabi_dcp.S.obj
                0x20004298                __wrap___aeabi_dcmpeq
 .text.__wrap___aeabi_dcmplt
                0x200042b4       0x28 pico-rv32ima/CMakeFiles/pico-rv32ima.dir/C_/Users/nahue/.pico-sdk/sdk/2.1.1/src/rp2_common/pico_double/double_aeabi_dcp.S.obj
                0x200042bc                __wrap___aeabi_dcmplt
 .text.__wrap___aeabi_dcmple
                0x200042dc       0x28 pico-rv32ima/CMakeFiles/pico-rv32ima.dir/C_/Users/nahue/.pico-sdk/sdk/2.1.1/src/rp2_common/pico_double/double_aeabi_dcp.S.obj
                0x200042e4                __wrap___aeabi_dcmple
 .text.__wrap___aeabi_dcmpgt
                0x20004304       0x28 pico-rv32ima/CMakeFiles/pico-rv32ima.dir/C_/Users/nahue/.pico-sdk/sdk/2.1.1/src/rp2_common/pico_double/double_aeabi_dcp.S.obj
                0x2000430c                __wrap___aeabi_dcmpgt
 .text.__wrap_calloc
                0x2000432c       0x40 pico-rv32ima/CMakeFiles/pico-rv32ima.dir/C_/Users/nahue/.pico-sdk/sdk/2.1.1/src/rp2_common/pico_malloc/malloc.c.obj
                0x2000432c                __wrap_calloc
 .text._out_char
                0x2000436c        0x8 pico-rv32ima/CMakeFiles/pico-rv32ima.dir/C_/Users/nahue/.pico-sdk/sdk/2.1.1/src/rp2_common/pico_printf/printf.c.obj
 .text.weak_raw_printf
                0x20004374       0x48 pico-rv32ima/CMakeFiles/pico-rv32ima.dir/C_/Users/nahue/.pico-sdk/sdk/2.1.1/src/rp2_common/pico_printf/printf.c.obj
                0x20004374                weak_raw_printf
 .text.weak_raw_vprintf
                0x200043bc       0x30 pico-rv32ima/CMakeFiles/pico-rv32ima.dir/C_/Users/nahue/.pico-sdk/sdk/2.1.1/src/rp2_common/pico_printf/printf.c.obj
                0x200043bc                weak_raw_vprintf
 .text._exit    0x200043ec        0x4 pico-rv32ima/CMakeFiles/pico-rv32ima.dir/C_/Users/nahue/.pico-sdk/sdk/2.1.1/src/rp2_common/pico_clib_interface/newlib_interface.c.obj
                0x200043ec                _exit
 .text._sbrk    0x200043f0       0x2c pico-rv32ima/CMakeFiles/pico-rv32ima.dir/C_/Users/nahue/.pico-sdk/sdk/2.1.1/src/rp2_common/pico_clib_interface/newlib_interface.c.obj
                0x200043f0                _sbrk
 .text.exit     0x2000441c        0x8 pico-rv32ima/CMakeFiles/pico-rv32ima.dir/C_/Users/nahue/.pico-sdk/sdk/2.1.1/src/rp2_common/pico_clib_interface/newlib_interface.c.obj
                0x2000441c                exit
 .text.__assert_func
                0x20004424       0x34 pico-rv32ima/CMakeFiles/pico-rv32ima.dir/C_/Users/nahue/.pico-sdk/sdk/2.1.1/src/rp2_common/pico_clib_interface/newlib_interface.c.obj
                0x20004424                __assert_func
 .text.runtime_init
                0x20004458       0x24 pico-rv32ima/CMakeFiles/pico-rv32ima.dir/C_/Users/nahue/.pico-sdk/sdk/2.1.1/src/rp2_common/pico_clib_interface/newlib_interface.c.obj
                0x20004458                runtime_init
 .text.stdio_out_chars_no_crlf
                0x2000447c        0x8 pico-rv32ima/CMakeFiles/pico-rv32ima.dir/C_/Users/nahue/.pico-sdk/sdk/2.1.1/src/rp2_common/pico_stdio/stdio.c.obj
 .text.stdio_out_chars_crlf
                0x20004484       0xb0 pico-rv32ima/CMakeFiles/pico-rv32ima.dir/C_/Users/nahue/.pico-sdk/sdk/2.1.1/src/rp2_common/pico_stdio/stdio.c.obj
 .text.stdio_put_string
                0x20004534       0xec pico-rv32ima/CMakeFiles/pico-rv32ima.dir/C_/Users/nahue/.pico-sdk/sdk/2.1.1/src/rp2_common/pico_stdio/stdio.c.obj
                0x20004534                stdio_put_string
 .text.__wrap_putchar
                0x20004620       0x84 pico-rv32ima/CMakeFiles/pico-rv32ima.dir/C_/Users/nahue/.pico-sdk/sdk/2.1.1/src/rp2_common/pico_stdio/stdio.c.obj
                0x20004620                __wrap_putchar
                0x20004620                stdio_putchar
 .text.__wrap_puts
                0x200046a4       0x3c pico-rv32ima/CMakeFiles/pico-rv32ima.dir/C_/Users/nahue/.pico-sdk/sdk/2.1.1/src/rp2_common/pico_stdio/stdio.c.obj
                0x200046a4                stdio_puts
                0x200046a4                __wrap_puts
 .text.core1_trampoline
                0x200046e0        0x4 pico-rv32ima/CMakeFiles/pico-rv32ima.dir/C_/Users/nahue/.pico-sdk/sdk/2.1.1/src/rp2_common/pico_multicore/multicore.c.obj
 .text.core1_wrapper
                0x200046e4       0x10 pico-rv32ima/CMakeFiles/pico-rv32ima.dir/C_/Users/nahue/.pico-sdk/sdk/2.1.1/src/rp2_common/pico_multicore/multicore.c.obj
                0x200046e4                core1_wrapper
 .text.multicore_reset_core1
                0x200046f4       0x68 pico-rv32ima/CMakeFiles/pico-rv32ima.dir/C_/Users/nahue/.pico-sdk/sdk/2.1.1/src/rp2_common/pico_multicore/multicore.c.obj
                0x200046f4                multicore_reset_core1
 .text.multicore_launch_core1_raw
                0x2000475c       0x84 pico-rv32ima/CMakeFiles/pico-rv32ima.dir/C_/Users/nahue/.pico-sdk/sdk/2.1.1/src/rp2_common/pico_multicore/multicore.c.obj
                0x2000475c                multicore_launch_core1_raw
 .text.multicore_launch_core1
                0x200047e0       0x48 pico-rv32ima/CMakeFiles/pico-rv32ima.dir/C_/Users/nahue/.pico-sdk/sdk/2.1.1/src/rp2_common/pico_multicore/multicore.c.obj
                0x200047e0                multicore_launch_core1
 .text.startup._retrieve_unique_id_on_boot
                0x20004828       0x30 pico-rv32ima/CMakeFiles/pico-rv32ima.dir/C_/Users/nahue/.pico-sdk/sdk/2.1.1/src/rp2_common/pico_unique_id/unique_id.c.obj
 .text.pico_get_unique_board_id
                0x20004858       0x10 pico-rv32ima/CMakeFiles/pico-rv32ima.dir/C_/Users/nahue/.pico-sdk/sdk/2.1.1/src/rp2_common/pico_unique_id/unique_id.c.obj
                0x20004858                pico_get_unique_board_id
 .text.spi_init
                0x20004868       0xf4 pico-rv32ima/CMakeFiles/pico-rv32ima.dir/C_/Users/nahue/.pico-sdk/sdk/2.1.1/src/rp2_common/hardware_spi/spi.c.obj
                0x20004868                spi_init
 .text.spi_set_baudrate
                0x2000495c       0x98 pico-rv32ima/CMakeFiles/pico-rv32ima.dir/C_/Users/nahue/.pico-sdk/sdk/2.1.1/src/rp2_common/hardware_spi/spi.c.obj
                0x2000495c                spi_set_baudrate
 .text.dcd_init
                0x200049f4       0x8c pico-rv32ima/CMakeFiles/pico-rv32ima.dir/C_/Users/nahue/.pico-sdk/sdk/2.1.1/lib/tinyusb/src/portable/raspberrypi/rp2040/dcd_rp2040.c.obj
                0x200049f4                dcd_init
 .text.dcd_int_enable
                0x20004a80        0x8 pico-rv32ima/CMakeFiles/pico-rv32ima.dir/C_/Users/nahue/.pico-sdk/sdk/2.1.1/lib/tinyusb/src/portable/raspberrypi/rp2040/dcd_rp2040.c.obj
                0x20004a80                dcd_int_enable
 .text.dcd_set_address
                0x20004a88       0x10 pico-rv32ima/CMakeFiles/pico-rv32ima.dir/C_/Users/nahue/.pico-sdk/sdk/2.1.1/lib/tinyusb/src/portable/raspberrypi/rp2040/dcd_rp2040.c.obj
                0x20004a88                dcd_set_address
 .text.dcd_sof_enable
                0x20004a98       0x1c pico-rv32ima/CMakeFiles/pico-rv32ima.dir/C_/Users/nahue/.pico-sdk/sdk/2.1.1/lib/tinyusb/src/portable/raspberrypi/rp2040/dcd_rp2040.c.obj
                0x20004a98                dcd_sof_enable
 .text.dcd_edpt0_status_complete
                0x20004ab4       0x1c pico-rv32ima/CMakeFiles/pico-rv32ima.dir/C_/Users/nahue/.pico-sdk/sdk/2.1.1/lib/tinyusb/src/portable/raspberrypi/rp2040/dcd_rp2040.c.obj
                0x20004ab4                dcd_edpt0_status_complete
 .text.dcd_edpt_open
                0x20004ad0      0x104 pico-rv32ima/CMakeFiles/pico-rv32ima.dir/C_/Users/nahue/.pico-sdk/sdk/2.1.1/lib/tinyusb/src/portable/raspberrypi/rp2040/dcd_rp2040.c.obj
                0x20004ad0                dcd_edpt_open
 .text.dcd_edpt_close_all
                0x20004bd4        0x4 pico-rv32ima/CMakeFiles/pico-rv32ima.dir/C_/Users/nahue/.pico-sdk/sdk/2.1.1/lib/tinyusb/src/portable/raspberrypi/rp2040/dcd_rp2040.c.obj
                0x20004bd4                dcd_edpt_close_all
 .text.dcd_edpt_xfer
                0x20004bd8       0x28 pico-rv32ima/CMakeFiles/pico-rv32ima.dir/C_/Users/nahue/.pico-sdk/sdk/2.1.1/lib/tinyusb/src/portable/raspberrypi/rp2040/dcd_rp2040.c.obj
                0x20004bd8                dcd_edpt_xfer
 .text.dcd_edpt_stall
                0x20004c00       0x30 pico-rv32ima/CMakeFiles/pico-rv32ima.dir/C_/Users/nahue/.pico-sdk/sdk/2.1.1/lib/tinyusb/src/portable/raspberrypi/rp2040/dcd_rp2040.c.obj
                0x20004c00                dcd_edpt_stall
 .text.dcd_edpt_clear_stall
                0x20004c30       0x24 pico-rv32ima/CMakeFiles/pico-rv32ima.dir/C_/Users/nahue/.pico-sdk/sdk/2.1.1/lib/tinyusb/src/portable/raspberrypi/rp2040/dcd_rp2040.c.obj
                0x20004c30                dcd_edpt_clear_stall
 .text.rp2040_usb_init
                0x20004c54       0x40 pico-rv32ima/CMakeFiles/pico-rv32ima.dir/C_/Users/nahue/.pico-sdk/sdk/2.1.1/lib/tinyusb/src/portable/raspberrypi/rp2040/rp2040_usb.c.obj
                0x20004c54                rp2040_usb_init
 .text.hw_endpoint_xfer_start
                0x20004c94       0x40 pico-rv32ima/CMakeFiles/pico-rv32ima.dir/C_/Users/nahue/.pico-sdk/sdk/2.1.1/lib/tinyusb/src/portable/raspberrypi/rp2040/rp2040_usb.c.obj
                0x20004c94                hw_endpoint_xfer_start
 .text.tud_vendor_control_xfer_cb
                0x20004cd4        0x4 pico-rv32ima/CMakeFiles/pico-rv32ima.dir/C_/Users/nahue/.pico-sdk/sdk/2.1.1/lib/tinyusb/src/device/usbd.c.obj
                0x20004cd4                tud_vendor_control_xfer_cb
 .text.configuration_reset
                0x20004cd8       0x8c pico-rv32ima/CMakeFiles/pico-rv32ima.dir/C_/Users/nahue/.pico-sdk/sdk/2.1.1/lib/tinyusb/src/device/usbd.c.obj
 .text.tud_event_hook_cb
                0x20004d64        0x4 pico-rv32ima/CMakeFiles/pico-rv32ima.dir/C_/Users/nahue/.pico-sdk/sdk/2.1.1/lib/tinyusb/src/device/usbd.c.obj
                0x20004d64                tud_event_hook_cb
 .text.tud_sof_cb
                0x20004d68        0x4 pico-rv32ima/CMakeFiles/pico-rv32ima.dir/C_/Users/nahue/.pico-sdk/sdk/2.1.1/lib/tinyusb/src/device/usbd.c.obj
                0x20004d68                tud_sof_cb
 .text.tud_descriptor_bos_cb
                0x20004d6c        0x4 pico-rv32ima/CMakeFiles/pico-rv32ima.dir/C_/Users/nahue/.pico-sdk/sdk/2.1.1/lib/tinyusb/src/device/usbd.c.obj
                0x20004d6c                tud_descriptor_bos_cb
 .text.tud_descriptor_device_qualifier_cb
                0x20004d70        0x4 pico-rv32ima/CMakeFiles/pico-rv32ima.dir/C_/Users/nahue/.pico-sdk/sdk/2.1.1/lib/tinyusb/src/device/usbd.c.obj
                0x20004d70                tud_descriptor_device_qualifier_cb
 .text.tud_descriptor_other_speed_configuration_cb
                0x20004d74        0x4 pico-rv32ima/CMakeFiles/pico-rv32ima.dir/C_/Users/nahue/.pico-sdk/sdk/2.1.1/lib/tinyusb/src/device/usbd.c.obj
                0x20004d74                tud_descriptor_other_speed_configuration_cb
 .text.tud_mount_cb
                0x20004d78        0x4 pico-rv32ima/CMakeFiles/pico-rv32ima.dir/C_/Users/nahue/.pico-sdk/sdk/2.1.1/lib/tinyusb/src/device/usbd.c.obj
                0x20004d78                tud_mount_cb
 .text.tud_umount_cb
                0x20004d7c        0x4 pico-rv32ima/CMakeFiles/pico-rv32ima.dir/C_/Users/nahue/.pico-sdk/sdk/2.1.1/lib/tinyusb/src/device/usbd.c.obj
                0x20004d7c                tud_umount_cb
 .text.tud_suspend_cb
                0x20004d80        0x4 pico-rv32ima/CMakeFiles/pico-rv32ima.dir/C_/Users/nahue/.pico-sdk/sdk/2.1.1/lib/tinyusb/src/device/usbd.c.obj
                0x20004d80                tud_suspend_cb
 .text.tud_resume_cb
                0x20004d84        0x4 pico-rv32ima/CMakeFiles/pico-rv32ima.dir/C_/Users/nahue/.pico-sdk/sdk/2.1.1/lib/tinyusb/src/device/usbd.c.obj
                0x20004d84                tud_resume_cb
 .text.tud_mounted
                0x20004d88       0x10 pico-rv32ima/CMakeFiles/pico-rv32ima.dir/C_/Users/nahue/.pico-sdk/sdk/2.1.1/lib/tinyusb/src/device/usbd.c.obj
                0x20004d88                tud_mounted
 .text.tud_suspended
                0x20004d98       0x10 pico-rv32ima/CMakeFiles/pico-rv32ima.dir/C_/Users/nahue/.pico-sdk/sdk/2.1.1/lib/tinyusb/src/device/usbd.c.obj
                0x20004d98                tud_suspended
 .text.tud_rhport_init
                0x20004da8       0xf4 pico-rv32ima/CMakeFiles/pico-rv32ima.dir/C_/Users/nahue/.pico-sdk/sdk/2.1.1/lib/tinyusb/src/device/usbd.c.obj
                0x20004da8                tud_rhport_init
 .text.tud_task_ext
                0x20004e9c      0x760 pico-rv32ima/CMakeFiles/pico-rv32ima.dir/C_/Users/nahue/.pico-sdk/sdk/2.1.1/lib/tinyusb/src/device/usbd.c.obj
                0x20004e9c                tud_task_ext
 .text.usbd_open_edpt_pair
                0x200055fc       0x9c pico-rv32ima/CMakeFiles/pico-rv32ima.dir/C_/Users/nahue/.pico-sdk/sdk/2.1.1/lib/tinyusb/src/device/usbd.c.obj
                0x200055fc                usbd_open_edpt_pair
 .text.usbd_edpt_open
                0x20005698       0x44 pico-rv32ima/CMakeFiles/pico-rv32ima.dir/C_/Users/nahue/.pico-sdk/sdk/2.1.1/lib/tinyusb/src/device/usbd.c.obj
                0x20005698                usbd_edpt_open
 .text.usbd_edpt_claim
                0x200056dc       0x24 pico-rv32ima/CMakeFiles/pico-rv32ima.dir/C_/Users/nahue/.pico-sdk/sdk/2.1.1/lib/tinyusb/src/device/usbd.c.obj
                0x200056dc                usbd_edpt_claim
 .text.usbd_edpt_release
                0x20005700       0x24 pico-rv32ima/CMakeFiles/pico-rv32ima.dir/C_/Users/nahue/.pico-sdk/sdk/2.1.1/lib/tinyusb/src/device/usbd.c.obj
                0x20005700                usbd_edpt_release
 .text.usbd_edpt_xfer
                0x20005724       0x70 pico-rv32ima/CMakeFiles/pico-rv32ima.dir/C_/Users/nahue/.pico-sdk/sdk/2.1.1/lib/tinyusb/src/device/usbd.c.obj
                0x20005724                usbd_edpt_xfer
 .text.tud_control_status
                0x20005794       0x34 pico-rv32ima/CMakeFiles/pico-rv32ima.dir/C_/Users/nahue/.pico-sdk/sdk/2.1.1/lib/tinyusb/src/device/usbd_control.c.obj
                0x20005794                tud_control_status
 .text.tud_control_xfer
                0x200057c8       0xb0 pico-rv32ima/CMakeFiles/pico-rv32ima.dir/C_/Users/nahue/.pico-sdk/sdk/2.1.1/lib/tinyusb/src/device/usbd_control.c.obj
                0x200057c8                tud_control_xfer
 .text.usbd_control_reset
                0x20005878       0x14 pico-rv32ima/CMakeFiles/pico-rv32ima.dir/C_/Users/nahue/.pico-sdk/sdk/2.1.1/lib/tinyusb/src/device/usbd_control.c.obj
                0x20005878                usbd_control_reset
 .text.usbd_control_set_complete_callback
                0x2000588c        0xc pico-rv32ima/CMakeFiles/pico-rv32ima.dir/C_/Users/nahue/.pico-sdk/sdk/2.1.1/lib/tinyusb/src/device/usbd_control.c.obj
                0x2000588c                usbd_control_set_complete_callback
 .text.usbd_control_set_request
                0x20005898       0x1c pico-rv32ima/CMakeFiles/pico-rv32ima.dir/C_/Users/nahue/.pico-sdk/sdk/2.1.1/lib/tinyusb/src/device/usbd_control.c.obj
                0x20005898                usbd_control_set_request
 .text.usbd_control_xfer_cb
                0x200058b4      0x100 pico-rv32ima/CMakeFiles/pico-rv32ima.dir/C_/Users/nahue/.pico-sdk/sdk/2.1.1/lib/tinyusb/src/device/usbd_control.c.obj
                0x200058b4                usbd_control_xfer_cb
 .text._prep_out_transaction.isra.0
                0x200059b4       0x7c pico-rv32ima/CMakeFiles/pico-rv32ima.dir/C_/Users/nahue/.pico-sdk/sdk/2.1.1/lib/tinyusb/src/class/cdc/cdc_device.c.obj
 .text.tud_cdc_n_connected
                0x20005a30       0x2c pico-rv32ima/CMakeFiles/pico-rv32ima.dir/C_/Users/nahue/.pico-sdk/sdk/2.1.1/lib/tinyusb/src/class/cdc/cdc_device.c.obj
                0x20005a30                tud_cdc_n_connected
 .text.tud_cdc_n_available
                0x20005a5c       0x18 pico-rv32ima/CMakeFiles/pico-rv32ima.dir/C_/Users/nahue/.pico-sdk/sdk/2.1.1/lib/tinyusb/src/class/cdc/cdc_device.c.obj
                0x20005a5c                tud_cdc_n_available
 .text.tud_cdc_n_read
                0x20005a74       0x98 pico-rv32ima/CMakeFiles/pico-rv32ima.dir/C_/Users/nahue/.pico-sdk/sdk/2.1.1/lib/tinyusb/src/class/cdc/cdc_device.c.obj
                0x20005a74                tud_cdc_n_read
 .text.tud_cdc_n_write_flush
                0x20005b0c       0x90 pico-rv32ima/CMakeFiles/pico-rv32ima.dir/C_/Users/nahue/.pico-sdk/sdk/2.1.1/lib/tinyusb/src/class/cdc/cdc_device.c.obj
                0x20005b0c                tud_cdc_n_write_flush
 .text.tud_cdc_n_write
                0x20005b9c       0x40 pico-rv32ima/CMakeFiles/pico-rv32ima.dir/C_/Users/nahue/.pico-sdk/sdk/2.1.1/lib/tinyusb/src/class/cdc/cdc_device.c.obj
                0x20005b9c                tud_cdc_n_write
 .text.cdcd_init
                0x20005bdc       0x78 pico-rv32ima/CMakeFiles/pico-rv32ima.dir/C_/Users/nahue/.pico-sdk/sdk/2.1.1/lib/tinyusb/src/class/cdc/cdc_device.c.obj
                0x20005bdc                cdcd_init
 .text.cdcd_deinit
                0x20005c54       0x30 pico-rv32ima/CMakeFiles/pico-rv32ima.dir/C_/Users/nahue/.pico-sdk/sdk/2.1.1/lib/tinyusb/src/class/cdc/cdc_device.c.obj
                0x20005c54                cdcd_deinit
 .text.cdcd_reset
                0x20005c84       0x4c pico-rv32ima/CMakeFiles/pico-rv32ima.dir/C_/Users/nahue/.pico-sdk/sdk/2.1.1/lib/tinyusb/src/class/cdc/cdc_device.c.obj
                0x20005c84                cdcd_reset
 .text.cdcd_open
                0x20005cd0       0xc0 pico-rv32ima/CMakeFiles/pico-rv32ima.dir/C_/Users/nahue/.pico-sdk/sdk/2.1.1/lib/tinyusb/src/class/cdc/cdc_device.c.obj
                0x20005cd0                cdcd_open
 .text.cdcd_control_xfer_cb
                0x20005d90       0xc0 pico-rv32ima/CMakeFiles/pico-rv32ima.dir/C_/Users/nahue/.pico-sdk/sdk/2.1.1/lib/tinyusb/src/class/cdc/cdc_device.c.obj
                0x20005d90                cdcd_control_xfer_cb
 .text.cdcd_xfer_cb
                0x20005e50       0xf8 pico-rv32ima/CMakeFiles/pico-rv32ima.dir/C_/Users/nahue/.pico-sdk/sdk/2.1.1/lib/tinyusb/src/class/cdc/cdc_device.c.obj
                0x20005e50                cdcd_xfer_cb
 .text.tusb_rhport_init
                0x20005f48       0x64 pico-rv32ima/CMakeFiles/pico-rv32ima.dir/C_/Users/nahue/.pico-sdk/sdk/2.1.1/lib/tinyusb/src/tusb.c.obj
                0x20005f48                tusb_rhport_init
 .text.tu_edpt_claim
                0x20005fac       0x54 pico-rv32ima/CMakeFiles/pico-rv32ima.dir/C_/Users/nahue/.pico-sdk/sdk/2.1.1/lib/tinyusb/src/tusb.c.obj
                0x20005fac                tu_edpt_claim
 .text.tu_edpt_release
                0x20006000       0x38 pico-rv32ima/CMakeFiles/pico-rv32ima.dir/C_/Users/nahue/.pico-sdk/sdk/2.1.1/lib/tinyusb/src/tusb.c.obj
                0x20006000                tu_edpt_release
 .text.tu_edpt_validate
                0x20006038       0x60 pico-rv32ima/CMakeFiles/pico-rv32ima.dir/C_/Users/nahue/.pico-sdk/sdk/2.1.1/lib/tinyusb/src/tusb.c.obj
                0x20006038                tu_edpt_validate
 .text.tu_edpt_bind_driver
                0x20006098       0x58 pico-rv32ima/CMakeFiles/pico-rv32ima.dir/C_/Users/nahue/.pico-sdk/sdk/2.1.1/lib/tinyusb/src/tusb.c.obj
                0x20006098                tu_edpt_bind_driver
 .text.tu_fifo_config
                0x200060f0       0x60 pico-rv32ima/CMakeFiles/pico-rv32ima.dir/C_/Users/nahue/.pico-sdk/sdk/2.1.1/lib/tinyusb/src/common/tusb_fifo.c.obj
                0x200060f0                tu_fifo_config
 .text.tu_fifo_count
                0x20006150       0x20 pico-rv32ima/CMakeFiles/pico-rv32ima.dir/C_/Users/nahue/.pico-sdk/sdk/2.1.1/lib/tinyusb/src/common/tusb_fifo.c.obj
                0x20006150                tu_fifo_count
 .text.tu_fifo_empty
                0x20006170       0x14 pico-rv32ima/CMakeFiles/pico-rv32ima.dir/C_/Users/nahue/.pico-sdk/sdk/2.1.1/lib/tinyusb/src/common/tusb_fifo.c.obj
                0x20006170                tu_fifo_empty
 .text.tu_fifo_remaining
                0x20006184       0x24 pico-rv32ima/CMakeFiles/pico-rv32ima.dir/C_/Users/nahue/.pico-sdk/sdk/2.1.1/lib/tinyusb/src/common/tusb_fifo.c.obj
                0x20006184                tu_fifo_remaining
 .text.tu_fifo_read
                0x200061a8       0x94 pico-rv32ima/CMakeFiles/pico-rv32ima.dir/C_/Users/nahue/.pico-sdk/sdk/2.1.1/lib/tinyusb/src/common/tusb_fifo.c.obj
                0x200061a8                tu_fifo_read
 .text.tu_fifo_read_n
                0x2000623c       0xd8 pico-rv32ima/CMakeFiles/pico-rv32ima.dir/C_/Users/nahue/.pico-sdk/sdk/2.1.1/lib/tinyusb/src/common/tusb_fifo.c.obj
                0x2000623c                tu_fifo_read_n
 .text.tu_fifo_write
                0x20006314       0xa4 pico-rv32ima/CMakeFiles/pico-rv32ima.dir/C_/Users/nahue/.pico-sdk/sdk/2.1.1/lib/tinyusb/src/common/tusb_fifo.c.obj
                0x20006314                tu_fifo_write
 .text.tu_fifo_write_n
                0x200063b8      0x15c pico-rv32ima/CMakeFiles/pico-rv32ima.dir/C_/Users/nahue/.pico-sdk/sdk/2.1.1/lib/tinyusb/src/common/tusb_fifo.c.obj
                0x200063b8                tu_fifo_write_n
 .text.tu_fifo_clear
                0x20006514       0x38 pico-rv32ima/CMakeFiles/pico-rv32ima.dir/C_/Users/nahue/.pico-sdk/sdk/2.1.1/lib/tinyusb/src/common/tusb_fifo.c.obj
                0x20006514                tu_fifo_clear
 .text.tu_fifo_set_overwritable
                0x2000654c       0x3c pico-rv32ima/CMakeFiles/pico-rv32ima.dir/C_/Users/nahue/.pico-sdk/sdk/2.1.1/lib/tinyusb/src/common/tusb_fifo.c.obj
                0x2000654c                tu_fifo_set_overwritable
 .text.pio_add_program
                0x20006588       0xf4 pico-rv32ima/CMakeFiles/pico-rv32ima.dir/C_/Users/nahue/.pico-sdk/sdk/2.1.1/src/rp2_common/hardware_pio/pio.c.obj
                0x20006588                pio_add_program
 .text.pio_sm_set_consecutive_pindirs
                0x2000667c       0x8c pico-rv32ima/CMakeFiles/pico-rv32ima.dir/C_/Users/nahue/.pico-sdk/sdk/2.1.1/src/rp2_common/hardware_pio/pio.c.obj
                0x2000667c                pio_sm_set_consecutive_pindirs
 .text.pio_sm_init
                0x20006708       0xa8 pico-rv32ima/CMakeFiles/pico-rv32ima.dir/C_/Users/nahue/.pico-sdk/sdk/2.1.1/src/rp2_common/hardware_pio/pio.c.obj
                0x20006708                pio_sm_init
 .text.dma_claim_unused_channel
                0x200067b0       0x20 pico-rv32ima/CMakeFiles/pico-rv32ima.dir/C_/Users/nahue/.pico-sdk/sdk/2.1.1/src/rp2_common/hardware_dma/dma.c.obj
                0x200067b0                dma_claim_unused_channel
 .text.get_fat  0x200067d0       0x6c pico-rv32ima/petitfatfs/libpetitfatfs.a(pff.c.obj)
 .text.check_fs
                0x2000683c       0x5c pico-rv32ima/petitfatfs/libpetitfatfs.a(pff.c.obj)
 .text.pf_mount
                0x20006898       0xf0 pico-rv32ima/petitfatfs/libpetitfatfs.a(pff.c.obj)
                0x20006898                pf_mount
 .text.pf_open  0x20006988      0x28c pico-rv32ima/petitfatfs/libpetitfatfs.a(pff.c.obj)
                0x20006988                pf_open
 .text.pf_read  0x20006c14       0xd4 pico-rv32ima/petitfatfs/libpetitfatfs.a(pff.c.obj)
                0x20006c14                pf_read
 .text.pf_write
                0x20006ce8      0x130 pico-rv32ima/petitfatfs/libpetitfatfs.a(pff.c.obj)
                0x20006ce8                pf_write
 .text.pf_lseek
                0x20006e18      0x11c pico-rv32ima/petitfatfs/libpetitfatfs.a(pff.c.obj)
                0x20006e18                pf_lseek
 .text.send_cmd
                0x20006f34       0xec pico-rv32ima/petitfatfs/libpetitfatfs.a(mmcbbp.c.obj)
 .text.disk_initialize
                0x20007020      0x1b8 pico-rv32ima/petitfatfs/libpetitfatfs.a(mmcbbp.c.obj)
                0x20007020                disk_initialize
 .text.disk_readp
                0x200071d8       0xf4 pico-rv32ima/petitfatfs/libpetitfatfs.a(mmcbbp.c.obj)
                0x200071d8                disk_readp
 .text.disk_writep
                0x200072cc      0x128 pico-rv32ima/petitfatfs/libpetitfatfs.a(mmcbbp.c.obj)
                0x200072cc                disk_writep
 .text.dma_handler
                0x200073f4      0x2b0 pico-rv32ima/vga/libvga.a(vga.c.obj)
                0x200073f4                dma_handler
 .text.VGA_cursor
                0x200076a4       0x14 pico-rv32ima/vga/libvga.a(vga.c.obj)
                0x200076a4                VGA_cursor
 .text.VGA_clear
                0x200076b8       0x80 pico-rv32ima/vga/libvga.a(vga.c.obj)
                0x200076b8                VGA_clear
 .text.VGA_scrollUp
                0x20007738       0xec pico-rv32ima/vga/libvga.a(vga.c.obj)
                0x20007738                VGA_scrollUp
 .text.VGA_putc
                0x20007824       0xbc pico-rv32ima/vga/libvga.a(vga.c.obj)
                0x20007824                VGA_putc
 .text.VGA_puts
                0x200078e0       0xdc pico-rv32ima/vga/libvga.a(vga.c.obj)
                0x200078e0                VGA_puts
 *fill*         0x200079bc        0x4 
 .text.VGA_initDisplay
                0x200079c0      0x320 pico-rv32ima/vga/libvga.a(vga.c.obj)
                0x200079c0                VGA_initDisplay
 .text.dma_memset
                0x20007ce0       0x40 pico-rv32ima/vga/libvga.a(vga.c.obj)
                0x20007ce0                dma_memset
 .text.ps2_gpio_callback
                0x20007d20       0xd0 pico-rv32ima/ps2/libps2.a(ps2.c.obj)
                0x20007d20                ps2_gpio_callback
 .text.get_iso8859_code
                0x20007df0      0x308 pico-rv32ima/ps2/libps2.a(ps2.c.obj)
                0x20007df0                get_iso8859_code
 .text.PS2_keyAvailable
                0x200080f8       0x2c pico-rv32ima/ps2/libps2.a(ps2.c.obj)
                0x200080f8                PS2_keyAvailable
 .text.PS2_readKey
                0x20008124       0x58 pico-rv32ima/ps2/libps2.a(ps2.c.obj)
                0x20008124                PS2_readKey
 .text.PS2_init
                0x2000817c       0x54 pico-rv32ima/ps2/libps2.a(ps2.c.obj)
                0x2000817c                PS2_init
 .text          0x200081d0      0x378 C:/Users/nahue/.pico-sdk/toolchain/14_2_Rel1/bin/../lib/gcc/arm-none-eabi/14.2.1/thumb/v8-m.main+fp/softfp\libgcc.a(_arm_addsubdf3.o)
                0x200081d0                __aeabi_drsub
                0x200081d8                __aeabi_dsub
                0x200081d8                __subdf3
                0x200081dc                __aeabi_dadd
                0x200081dc                __adddf3
                0x20008454                __floatunsidf
                0x20008454                __aeabi_ui2d
                0x20008474                __floatsidf
                0x20008474                __aeabi_i2d
                0x20008498                __aeabi_f2d
                0x20008498                __extendsfdf2
                0x200084dc                __floatundidf
                0x200084dc                __aeabi_ul2d
                0x200084ec                __floatdidf
                0x200084ec                __aeabi_l2d
 .text          0x20008548       0x30 C:/Users/nahue/.pico-sdk/toolchain/14_2_Rel1/bin/../lib/gcc/arm-none-eabi/14.2.1/thumb/v8-m.main+fp/softfp\libgcc.a(_aeabi_uldivmod.o)
                0x20008548                __aeabi_uldivmod
 .text.__udivmoddi4
                0x20008578      0x34c C:/Users/nahue/.pico-sdk/toolchain/14_2_Rel1/bin/../lib/gcc/arm-none-eabi/14.2.1/thumb/v8-m.main+fp/softfp\libgcc.a(_udivmoddi4.o)
                0x20008578                __udivmoddi4
 .text          0x200088c4        0x4 C:/Users/nahue/.pico-sdk/toolchain/14_2_Rel1/bin/../lib/gcc/arm-none-eabi/14.2.1/thumb/v8-m.main+fp/softfp\libgcc.a(_dvmd_tls.o)
                0x200088c4                __aeabi_idiv0
                0x200088c4                __aeabi_ldiv0
 .text.atoi     0x200088c8        0x8 C:/Users/nahue/.pico-sdk/toolchain/14_2_Rel1/bin/../lib/gcc/arm-none-eabi/14.2.1/thumb/v8-m.main+fp/softfp\libg.a(libc_a-atoi.o)
                0x200088c8                atoi
 .text.calloc   0x200088d0       0x10 C:/Users/nahue/.pico-sdk/toolchain/14_2_Rel1/bin/../lib/gcc/arm-none-eabi/14.2.1/thumb/v8-m.main+fp/softfp\libg.a(libc_a-calloc.o)
                0x200088d0                calloc
 .text._calloc_r
                0x200088e0       0x70 C:/Users/nahue/.pico-sdk/toolchain/14_2_Rel1/bin/../lib/gcc/arm-none-eabi/14.2.1/thumb/v8-m.main+fp/softfp\libg.a(libc_a-callocr.o)
                0x200088e0                _calloc_r
 .text._malloc_r
                0x20008950      0x578 C:/Users/nahue/.pico-sdk/toolchain/14_2_Rel1/bin/../lib/gcc/arm-none-eabi/14.2.1/thumb/v8-m.main+fp/softfp\libg.a(libc_a-mallocr.o)
                0x20008950                _malloc_r
 .text.__malloc_lock
                0x20008ec8        0xc C:/Users/nahue/.pico-sdk/toolchain/14_2_Rel1/bin/../lib/gcc/arm-none-eabi/14.2.1/thumb/v8-m.main+fp/softfp\libg.a(libc_a-mlock.o)
                0x20008ec8                __malloc_lock
 .text.__malloc_unlock
                0x20008ed4        0xc C:/Users/nahue/.pico-sdk/toolchain/14_2_Rel1/bin/../lib/gcc/arm-none-eabi/14.2.1/thumb/v8-m.main+fp/softfp\libg.a(libc_a-mlock.o)
                0x20008ed4                __malloc_unlock
 .text._realloc_r
                0x20008ee0      0x374 C:/Users/nahue/.pico-sdk/toolchain/14_2_Rel1/bin/../lib/gcc/arm-none-eabi/14.2.1/thumb/v8-m.main+fp/softfp\libg.a(libc_a-reallocr.o)
                0x20008ee0                _realloc_r
 .text._strtol_l.part.0
                0x20009254      0x1c8 C:/Users/nahue/.pico-sdk/toolchain/14_2_Rel1/bin/../lib/gcc/arm-none-eabi/14.2.1/thumb/v8-m.main+fp/softfp\libg.a(libc_a-strtol.o)
 .text.strtol   0x2000941c       0x2c C:/Users/nahue/.pico-sdk/toolchain/14_2_Rel1/bin/../lib/gcc/arm-none-eabi/14.2.1/thumb/v8-m.main+fp/softfp\libg.a(libc_a-strtol.o)
                0x2000941c                strtol
 .text.vsprintf
                0x20009448       0x38 C:/Users/nahue/.pico-sdk/toolchain/14_2_Rel1/bin/../lib/gcc/arm-none-eabi/14.2.1/thumb/v8-m.main+fp/softfp\libg.a(libc_a-vsprintf.o)
                0x20009448                vsprintf
 .text.memmove  0x20009480       0xfc C:/Users/nahue/.pico-sdk/toolchain/14_2_Rel1/bin/../lib/gcc/arm-none-eabi/14.2.1/thumb/v8-m.main+fp/softfp\libg.a(libc_a-memmove.o)
                0x20009480                memmove
 .text.memset   0x2000957c       0x9c C:/Users/nahue/.pico-sdk/toolchain/14_2_Rel1/bin/../lib/gcc/arm-none-eabi/14.2.1/thumb/v8-m.main+fp/softfp\libg.a(libc_a-memset.o)
                0x2000957c                memset
 .text.strtok   0x20009618       0x10 C:/Users/nahue/.pico-sdk/toolchain/14_2_Rel1/bin/../lib/gcc/arm-none-eabi/14.2.1/thumb/v8-m.main+fp/softfp\libg.a(libc_a-strtok.o)
                0x20009618                strtok
 .text.__strtok_r
                0x20009628       0x64 C:/Users/nahue/.pico-sdk/toolchain/14_2_Rel1/bin/../lib/gcc/arm-none-eabi/14.2.1/thumb/v8-m.main+fp/softfp\libg.a(libc_a-strtok_r.o)
                0x20009628                __strtok_r
 .text._sbrk_r  0x2000968c       0x24 C:/Users/nahue/.pico-sdk/toolchain/14_2_Rel1/bin/../lib/gcc/arm-none-eabi/14.2.1/thumb/v8-m.main+fp/softfp\libg.a(libc_a-sbrkr.o)
                0x2000968c                _sbrk_r
 .text.__errno  0x200096b0        0xc C:/Users/nahue/.pico-sdk/toolchain/14_2_Rel1/bin/../lib/gcc/arm-none-eabi/14.2.1/thumb/v8-m.main+fp/softfp\libg.a(libc_a-errno.o)
                0x200096b0                __errno
 .text.__retarget_lock_acquire_recursive
                0x200096bc        0x4 C:/Users/nahue/.pico-sdk/toolchain/14_2_Rel1/bin/../lib/gcc/arm-none-eabi/14.2.1/thumb/v8-m.main+fp/softfp\libg.a(libc_a-lock.o)
                0x200096bc                __retarget_lock_acquire_recursive
 .text.__retarget_lock_release_recursive
                0x200096c0        0x4 C:/Users/nahue/.pico-sdk/toolchain/14_2_Rel1/bin/../lib/gcc/arm-none-eabi/14.2.1/thumb/v8-m.main+fp/softfp\libg.a(libc_a-lock.o)
                0x200096c0                __retarget_lock_release_recursive
 .text.sysconf  0x200096c4       0x1c C:/Users/nahue/.pico-sdk/toolchain/14_2_Rel1/bin/../lib/gcc/arm-none-eabi/14.2.1/thumb/v8-m.main+fp/softfp\libg.a(libc_a-sysconf.o)
                0x200096c4                sysconf
 .text          0x200096e0       0xec C:/Users/nahue/.pico-sdk/toolchain/14_2_Rel1/bin/../lib/gcc/arm-none-eabi/14.2.1/thumb/v8-m.main+fp/softfp\libg.a(libc_a-memcpy.o)
                0x200096e0                memcpy
 .text.strlen   0x200097cc       0x5c C:/Users/nahue/.pico-sdk/toolchain/14_2_Rel1/bin/../lib/gcc/arm-none-eabi/14.2.1/thumb/v8-m.main+fp/softfp\libg.a(libc_a-strlen-stub.o)
                0x200097cc                strlen
 .text._malloc_trim_r
                0x20009828       0xb8 C:/Users/nahue/.pico-sdk/toolchain/14_2_Rel1/bin/../lib/gcc/arm-none-eabi/14.2.1/thumb/v8-m.main+fp/softfp\libg.a(libc_a-freer.o)
                0x20009828                _malloc_trim_r
 .text._free_r  0x200098e0      0x1e8 C:/Users/nahue/.pico-sdk/toolchain/14_2_Rel1/bin/../lib/gcc/arm-none-eabi/14.2.1/thumb/v8-m.main+fp/softfp\libg.a(libc_a-freer.o)
                0x200098e0                _free_r
 .text._svfprintf_r
                0x20009ac8     0x21a8 C:/Users/nahue/.pico-sdk/toolchain/14_2_Rel1/bin/../lib/gcc/arm-none-eabi/14.2.1/thumb/v8-m.main+fp/softfp\libg.a(libc_a-svfprintf.o)
                0x20009ac8                _svfprintf_r
 .text.__ssprint_r
                0x2000bc70       0x58 C:/Users/nahue/.pico-sdk/toolchain/14_2_Rel1/bin/../lib/gcc/arm-none-eabi/14.2.1/thumb/v8-m.main+fp/softfp\libg.a(libc_a-ssprint_r.o)
                0x2000bc70                __ssprint_r
 .text.strncpy  0x2000bcc8       0x64 C:/Users/nahue/.pico-sdk/toolchain/14_2_Rel1/bin/../lib/gcc/arm-none-eabi/14.2.1/thumb/v8-m.main+fp/softfp\libg.a(libc_a-strncpy.o)
                0x2000bcc8                strncpy
 .text.__locale_mb_cur_max
                0x2000bd2c        0xc C:/Users/nahue/.pico-sdk/toolchain/14_2_Rel1/bin/../lib/gcc/arm-none-eabi/14.2.1/thumb/v8-m.main+fp/softfp\libg.a(libc_a-locale.o)
                0x2000bd2c                __locale_mb_cur_max
 .text._localeconv_r
                0x2000bd38        0x8 C:/Users/nahue/.pico-sdk/toolchain/14_2_Rel1/bin/../lib/gcc/arm-none-eabi/14.2.1/thumb/v8-m.main+fp/softfp\libg.a(libc_a-localeconv.o)
                0x2000bd38                _localeconv_r
 .text.memchr   0x2000bd40       0x80 C:/Users/nahue/.pico-sdk/toolchain/14_2_Rel1/bin/../lib/gcc/arm-none-eabi/14.2.1/thumb/v8-m.main+fp/softfp\libg.a(libc_a-memchr-stub.o)
                0x2000bd40                memchr
 .text.frexp    0x2000bdc0       0x6c C:/Users/nahue/.pico-sdk/toolchain/14_2_Rel1/bin/../lib/gcc/arm-none-eabi/14.2.1/thumb/v8-m.main+fp/softfp\libg.a(libm_a-s_frexp.o)
                0x2000bdc0                frexp
 .text.quorem   0x2000be2c      0x138 C:/Users/nahue/.pico-sdk/toolchain/14_2_Rel1/bin/../lib/gcc/arm-none-eabi/14.2.1/thumb/v8-m.main+fp/softfp\libg.a(libc_a-dtoa.o)
 *fill*         0x2000bf64        0x4 
 .text._dtoa_r  0x2000bf68      0xffc C:/Users/nahue/.pico-sdk/toolchain/14_2_Rel1/bin/../lib/gcc/arm-none-eabi/14.2.1/thumb/v8-m.main+fp/softfp\libg.a(libc_a-dtoa.o)
                0x2000bf68                _dtoa_r
 .text.__ascii_mbtowc
                0x2000cf64       0x2c C:/Users/nahue/.pico-sdk/toolchain/14_2_Rel1/bin/../lib/gcc/arm-none-eabi/14.2.1/thumb/v8-m.main+fp/softfp\libg.a(libc_a-mbtowc_r.o)
                0x2000cf64                __ascii_mbtowc
 .text._Balloc  0x2000cf90       0x4c C:/Users/nahue/.pico-sdk/toolchain/14_2_Rel1/bin/../lib/gcc/arm-none-eabi/14.2.1/thumb/v8-m.main+fp/softfp\libg.a(libc_a-mprec.o)
                0x2000cf90                _Balloc
 .text._Bfree   0x2000cfdc       0x14 C:/Users/nahue/.pico-sdk/toolchain/14_2_Rel1/bin/../lib/gcc/arm-none-eabi/14.2.1/thumb/v8-m.main+fp/softfp\libg.a(libc_a-mprec.o)
                0x2000cfdc                _Bfree
 .text.__multadd
                0x2000cff0       0xa4 C:/Users/nahue/.pico-sdk/toolchain/14_2_Rel1/bin/../lib/gcc/arm-none-eabi/14.2.1/thumb/v8-m.main+fp/softfp\libg.a(libc_a-mprec.o)
                0x2000cff0                __multadd
 .text.__hi0bits
                0x2000d094       0x54 C:/Users/nahue/.pico-sdk/toolchain/14_2_Rel1/bin/../lib/gcc/arm-none-eabi/14.2.1/thumb/v8-m.main+fp/softfp\libg.a(libc_a-mprec.o)
                0x2000d094                __hi0bits
 .text.__lo0bits
                0x2000d0e8       0x80 C:/Users/nahue/.pico-sdk/toolchain/14_2_Rel1/bin/../lib/gcc/arm-none-eabi/14.2.1/thumb/v8-m.main+fp/softfp\libg.a(libc_a-mprec.o)
                0x2000d0e8                __lo0bits
 .text.__i2b    0x2000d168       0x5c C:/Users/nahue/.pico-sdk/toolchain/14_2_Rel1/bin/../lib/gcc/arm-none-eabi/14.2.1/thumb/v8-m.main+fp/softfp\libg.a(libc_a-mprec.o)
                0x2000d168                __i2b
 .text.__multiply
                0x2000d1c4      0x168 C:/Users/nahue/.pico-sdk/toolchain/14_2_Rel1/bin/../lib/gcc/arm-none-eabi/14.2.1/thumb/v8-m.main+fp/softfp\libg.a(libc_a-mprec.o)
                0x2000d1c4                __multiply
 .text.__pow5mult
                0x2000d32c       0xc0 C:/Users/nahue/.pico-sdk/toolchain/14_2_Rel1/bin/../lib/gcc/arm-none-eabi/14.2.1/thumb/v8-m.main+fp/softfp\libg.a(libc_a-mprec.o)
                0x2000d32c                __pow5mult
 .text.__lshift
                0x2000d3ec       0xe4 C:/Users/nahue/.pico-sdk/toolchain/14_2_Rel1/bin/../lib/gcc/arm-none-eabi/14.2.1/thumb/v8-m.main+fp/softfp\libg.a(libc_a-mprec.o)
                0x2000d3ec                __lshift
 .text.__mcmp   0x2000d4d0       0x44 C:/Users/nahue/.pico-sdk/toolchain/14_2_Rel1/bin/../lib/gcc/arm-none-eabi/14.2.1/thumb/v8-m.main+fp/softfp\libg.a(libc_a-mprec.o)
                0x2000d4d0                __mcmp
 .text.__mdiff  0x2000d514      0x170 C:/Users/nahue/.pico-sdk/toolchain/14_2_Rel1/bin/../lib/gcc/arm-none-eabi/14.2.1/thumb/v8-m.main+fp/softfp\libg.a(libc_a-mprec.o)
                0x2000d514                __mdiff
 .text.__d2b    0x2000d684       0xbc C:/Users/nahue/.pico-sdk/toolchain/14_2_Rel1/bin/../lib/gcc/arm-none-eabi/14.2.1/thumb/v8-m.main+fp/softfp\libg.a(libc_a-mprec.o)
                0x2000d684                __d2b
 .text.__ascii_wctomb
                0x2000d740       0x1c C:/Users/nahue/.pico-sdk/toolchain/14_2_Rel1/bin/../lib/gcc/arm-none-eabi/14.2.1/thumb/v8-m.main+fp/softfp\libg.a(libc_a-wctomb_r.o)
                0x2000d740                __ascii_wctomb
 .text._wcrtomb_r
                0x2000d75c       0x4c C:/Users/nahue/.pico-sdk/toolchain/14_2_Rel1/bin/../lib/gcc/arm-none-eabi/14.2.1/thumb/v8-m.main+fp/softfp\libg.a(libc_a-wcrtomb.o)
                0x2000d75c                _wcrtomb_r
 .text._wcsrtombs_r
                0x2000d7a8       0x18 C:/Users/nahue/.pico-sdk/toolchain/14_2_Rel1/bin/../lib/gcc/arm-none-eabi/14.2.1/thumb/v8-m.main+fp/softfp\libg.a(libc_a-wcsrtombs.o)
                0x2000d7a8                _wcsrtombs_r
 .text.__ssputs_r
                0x2000d7c0       0xc0 C:/Users/nahue/.pico-sdk/toolchain/14_2_Rel1/bin/../lib/gcc/arm-none-eabi/14.2.1/thumb/v8-m.main+fp/softfp\libg.a(libc_a-ssputs_r.o)
                0x2000d7c0                __ssputs_r
 .text._wcsnrtombs_l
                0x2000d880       0xf4 C:/Users/nahue/.pico-sdk/toolchain/14_2_Rel1/bin/../lib/gcc/arm-none-eabi/14.2.1/thumb/v8-m.main+fp/softfp\libg.a(libc_a-wcsnrtombs.o)
                0x2000d880                _wcsnrtombs_l
 .text._wcsnrtombs_r
                0x2000d974       0x24 C:/Users/nahue/.pico-sdk/toolchain/14_2_Rel1/bin/../lib/gcc/arm-none-eabi/14.2.1/thumb/v8-m.main+fp/softfp\libg.a(libc_a-wcsnrtombs.o)
                0x2000d974                _wcsnrtombs_r
 *(.fini)
 .fini          0x2000d998        0x4 C:/Users/nahue/.pico-sdk/toolchain/14_2_Rel1/bin/../lib/gcc/arm-none-eabi/14.2.1/thumb/v8-m.main+fp/softfp/crti.o
                0x2000d998                _fini
 *crtbegin.o(.ctors)
 *crtbegin?.o(.ctors)
 *(EXCLUDE_FILE(*crtend.o *crtend?.o) .ctors)
 *(SORT_BY_NAME(.ctors.*))
 *(.ctors)
 *crtbegin.o(.dtors)
 *crtbegin?.o(.dtors)
 *(EXCLUDE_FILE(*crtend.o *crtend?.o) .dtors)
 *(SORT_BY_NAME(.dtors.*))
 *(.dtors)
 *(.eh_frame*)
 .eh_frame      0x2000d99c        0x0 C:/Users/nahue/.pico-sdk/toolchain/14_2_Rel1/bin/../lib/gcc/arm-none-eabi/14.2.1/thumb/v8-m.main+fp/softfp/crtbegin.o
                0x2000d99c                        . = ALIGN (0x4)
                0x2000d99c                        __ram_text_end__ = .
                0x10000224                        __ram_text_source__ = LOADADDR (.text)

.glue_7         0x2000d99c        0x0 load address 0x1000dab0
 .glue_7        0x2000d99c        0x0 linker stubs

.glue_7t        0x2000d99c        0x0 load address 0x1000dab0
 .glue_7t       0x2000d99c        0x0 linker stubs

.vfp11_veneer   0x2000d99c        0x0 load address 0x1000dab0
 .vfp11_veneer  0x2000d99c        0x0 linker stubs

.v4_bx          0x2000d99c        0x0 load address 0x1000dab0
 .v4_bx         0x2000d99c        0x0 linker stubs

.iplt           0x2000d99c        0x0 load address 0x1000dab0
 .iplt          0x2000d99c        0x0 C:/Users/nahue/.pico-sdk/toolchain/14_2_Rel1/bin/../lib/gcc/arm-none-eabi/14.2.1/thumb/v8-m.main+fp/softfp/crtbegin.o
                0x2000d99c                        . = ALIGN (0x4)

.data           0x2000d9a0     0x2bec load address 0x1000dab0
                0x2000d9a0                        __data_start__ = .
 *(vtable)
 *(.time_critical*)
 .time_critical.mutex_enter_blocking
                0x2000d9a0       0x80 pico-rv32ima/CMakeFiles/pico-rv32ima.dir/C_/Users/nahue/.pico-sdk/sdk/2.1.1/src/common/pico_sync/mutex.c.obj
                0x2000d9a0                mutex_enter_blocking
 .time_critical.mutex_enter_block_until
                0x2000da20       0x6c pico-rv32ima/CMakeFiles/pico-rv32ima.dir/C_/Users/nahue/.pico-sdk/sdk/2.1.1/src/common/pico_sync/mutex.c.obj
                0x2000da20                mutex_enter_block_until
 .time_critical.mutex_try_enter_block_until
                0x2000da8c       0x68 pico-rv32ima/CMakeFiles/pico-rv32ima.dir/C_/Users/nahue/.pico-sdk/sdk/2.1.1/src/common/pico_sync/mutex.c.obj
                0x2000da8c                mutex_try_enter_block_until
 .time_critical.mutex_enter_timeout_ms
                0x2000daf4       0x38 pico-rv32ima/CMakeFiles/pico-rv32ima.dir/C_/Users/nahue/.pico-sdk/sdk/2.1.1/src/common/pico_sync/mutex.c.obj
                0x2000daf4                mutex_enter_timeout_ms
 .time_critical.mutex_exit
                0x2000db2c       0x3c pico-rv32ima/CMakeFiles/pico-rv32ima.dir/C_/Users/nahue/.pico-sdk/sdk/2.1.1/src/common/pico_sync/mutex.c.obj
                0x2000db2c                mutex_exit
 .time_critical.spi_write_blocking
                0x2000db68       0x90 pico-rv32ima/CMakeFiles/pico-rv32ima.dir/C_/Users/nahue/.pico-sdk/sdk/2.1.1/src/rp2_common/hardware_spi/spi.c.obj
                0x2000db68                spi_write_blocking
 .time_critical.spi_read_blocking
                0x2000dbf8       0x88 pico-rv32ima/CMakeFiles/pico-rv32ima.dir/C_/Users/nahue/.pico-sdk/sdk/2.1.1/src/rp2_common/hardware_spi/spi.c.obj
                0x2000dbf8                spi_read_blocking
 .time_critical.reset_non_control_endpoints
                0x2000dc80       0x64 pico-rv32ima/CMakeFiles/pico-rv32ima.dir/C_/Users/nahue/.pico-sdk/sdk/2.1.1/lib/tinyusb/src/portable/raspberrypi/rp2040/dcd_rp2040.c.obj
 .time_critical.hw_handle_buff_status
                0x2000dce4       0x90 pico-rv32ima/CMakeFiles/pico-rv32ima.dir/C_/Users/nahue/.pico-sdk/sdk/2.1.1/lib/tinyusb/src/portable/raspberrypi/rp2040/dcd_rp2040.c.obj
 .time_critical.dcd_rp2040_irq
                0x2000dd74      0x530 pico-rv32ima/CMakeFiles/pico-rv32ima.dir/C_/Users/nahue/.pico-sdk/sdk/2.1.1/lib/tinyusb/src/portable/raspberrypi/rp2040/dcd_rp2040.c.obj
 .time_critical.prepare_ep_buffer
                0x2000e2a4       0xc0 pico-rv32ima/CMakeFiles/pico-rv32ima.dir/C_/Users/nahue/.pico-sdk/sdk/2.1.1/lib/tinyusb/src/portable/raspberrypi/rp2040/rp2040_usb.c.obj
 .time_critical.sync_ep_buffer
                0x2000e364       0xb4 pico-rv32ima/CMakeFiles/pico-rv32ima.dir/C_/Users/nahue/.pico-sdk/sdk/2.1.1/lib/tinyusb/src/portable/raspberrypi/rp2040/rp2040_usb.c.obj
 .time_critical._hw_endpoint_xfer_sync
                0x2000e418       0x2c pico-rv32ima/CMakeFiles/pico-rv32ima.dir/C_/Users/nahue/.pico-sdk/sdk/2.1.1/lib/tinyusb/src/portable/raspberrypi/rp2040/rp2040_usb.c.obj
 .time_critical.e15_is_bulkin_ep
                0x2000e444       0x28 pico-rv32ima/CMakeFiles/pico-rv32ima.dir/C_/Users/nahue/.pico-sdk/sdk/2.1.1/lib/tinyusb/src/portable/raspberrypi/rp2040/rp2040_usb.c.obj
 .time_critical.e15_is_critical_frame_period
                0x2000e46c       0x28 pico-rv32ima/CMakeFiles/pico-rv32ima.dir/C_/Users/nahue/.pico-sdk/sdk/2.1.1/lib/tinyusb/src/portable/raspberrypi/rp2040/rp2040_usb.c.obj
 .time_critical.hw_endpoint_reset_transfer
                0x2000e494        0xc pico-rv32ima/CMakeFiles/pico-rv32ima.dir/C_/Users/nahue/.pico-sdk/sdk/2.1.1/lib/tinyusb/src/portable/raspberrypi/rp2040/rp2040_usb.c.obj
                0x2000e494                hw_endpoint_reset_transfer
 .time_critical._hw_endpoint_buffer_control_update32
                0x2000e4a0       0x44 pico-rv32ima/CMakeFiles/pico-rv32ima.dir/C_/Users/nahue/.pico-sdk/sdk/2.1.1/lib/tinyusb/src/portable/raspberrypi/rp2040/rp2040_usb.c.obj
                0x2000e4a0                _hw_endpoint_buffer_control_update32
 .time_critical.hw_endpoint_start_next_buffer
                0x2000e4e4       0x64 pico-rv32ima/CMakeFiles/pico-rv32ima.dir/C_/Users/nahue/.pico-sdk/sdk/2.1.1/lib/tinyusb/src/portable/raspberrypi/rp2040/rp2040_usb.c.obj
                0x2000e4e4                hw_endpoint_start_next_buffer
 .time_critical.hw_endpoint_xfer_continue
                0x2000e548       0x3c pico-rv32ima/CMakeFiles/pico-rv32ima.dir/C_/Users/nahue/.pico-sdk/sdk/2.1.1/lib/tinyusb/src/portable/raspberrypi/rp2040/rp2040_usb.c.obj
                0x2000e548                hw_endpoint_xfer_continue
 .time_critical.tinyusb
                0x2000e584      0x218 pico-rv32ima/CMakeFiles/pico-rv32ima.dir/C_/Users/nahue/.pico-sdk/sdk/2.1.1/lib/tinyusb/src/device/usbd.c.obj
                0x2000e584                dcd_event_handler
                0x2000e79c                        . = ALIGN (0x4)
 *(.rodata*)
 .rodata.core1_entry.str1.4
                0x2000e79c      0x55a pico-rv32ima/CMakeFiles/pico-rv32ima.dir/main.c.obj
                                 0x86 (size before relaxing)
 .rodata.gset_sys_clock_khz.str1.4
                0x2000ecf6       0x32 pico-rv32ima/CMakeFiles/pico-rv32ima.dir/main.c.obj
 .rodata.console_panic.str1.4
                0x2000ecf6        0x8 pico-rv32ima/CMakeFiles/pico-rv32ima.dir/console.c.obj
 .rodata.terminal_init.str1.4
                0x2000ecf6       0x28 pico-rv32ima/CMakeFiles/pico-rv32ima.dir/terminal.c.obj
 .rodata.parseCSI.str1.4
                0x2000ecf6        0x2 pico-rv32ima/CMakeFiles/pico-rv32ima.dir/terminal.c.obj
 *fill*         0x2000ecf6        0x2 
 .rodata.csiStr
                0x2000ecf8        0x2 pico-rv32ima/CMakeFiles/pico-rv32ima.dir/terminal.c.obj
                0x2000ecf8                csiStr
 *fill*         0x2000ecfa        0x2 
 .rodata.termColors
                0x2000ecfc        0x8 pico-rv32ima/CMakeFiles/pico-rv32ima.dir/terminal.c.obj
                0x2000ecfc                termColors
 .rodata.riscv_emu.str1.4
                0x2000ed04      0x18f pico-rv32ima/CMakeFiles/pico-rv32ima.dir/emulator.c.obj
 .rodata.kernel_cmdline
                0x2000ed04       0x17 pico-rv32ima/CMakeFiles/pico-rv32ima.dir/emulator.c.obj
                0x2000ed04                kernel_cmdline
 *fill*         0x2000ed1b        0x1 
 .rodata.default64mbdtb
                0x2000ed1c      0x600 pico-rv32ima/CMakeFiles/pico-rv32ima.dir/emulator.c.obj
 .rodata.str1.4
                0x2000f31c       0x19 pico-rv32ima/CMakeFiles/pico-rv32ima.dir/usb_descriptors.c.obj
 .rodata.__compound_literal.0
                0x2000f31c        0x2 pico-rv32ima/CMakeFiles/pico-rv32ima.dir/usb_descriptors.c.obj
 *fill*         0x2000f31e        0x2 
 .rodata.desc_fs_configuration
                0x2000f320       0x4b pico-rv32ima/CMakeFiles/pico-rv32ima.dir/usb_descriptors.c.obj
                0x2000f320                desc_fs_configuration
 *fill*         0x2000f36b        0x1 
 .rodata.desc_device
                0x2000f36c       0x12 pico-rv32ima/CMakeFiles/pico-rv32ima.dir/usb_descriptors.c.obj
                0x2000f36c                desc_device
 .rodata.panic.str1.4
                0x2000f37e       0x12 pico-rv32ima/CMakeFiles/pico-rv32ima.dir/C_/Users/nahue/.pico-sdk/sdk/2.1.1/src/rp2_common/pico_platform_panic/panic.c.obj
 .rodata.spin_lock_claim_unused.str1.4
                0x2000f37e       0x1b pico-rv32ima/CMakeFiles/pico-rv32ima.dir/C_/Users/nahue/.pico-sdk/sdk/2.1.1/src/rp2_common/hardware_sync/sync.c.obj
 .rodata.timer_hardware_alarm_claim.str1.4
                0x2000f37e       0x22 pico-rv32ima/CMakeFiles/pico-rv32ima.dir/C_/Users/nahue/.pico-sdk/sdk/2.1.1/src/rp2_common/hardware_timer/timer.c.obj
 .rodata.hard_assertion_failure.str1.4
                0x2000f37e        0xc pico-rv32ima/CMakeFiles/pico-rv32ima.dir/C_/Users/nahue/.pico-sdk/sdk/2.1.1/src/rp2_common/pico_runtime/runtime.c.obj
 .rodata.__wrap_malloc.str1.4
                0x2000f37e        0xe pico-rv32ima/CMakeFiles/pico-rv32ima.dir/C_/Users/nahue/.pico-sdk/sdk/2.1.1/src/rp2_common/pico_malloc/malloc.c.obj
 .rodata.str1.4
                0x2000f37e       0x48 pico-rv32ima/CMakeFiles/pico-rv32ima.dir/C_/Users/nahue/.pico-sdk/sdk/2.1.1/src/rp2_common/pico_standard_binary_info/standard_binary_info.c.obj
 *fill*         0x2000f37e        0x2 
 .rodata.__bi_84
                0x2000f380        0xc pico-rv32ima/CMakeFiles/pico-rv32ima.dir/C_/Users/nahue/.pico-sdk/sdk/2.1.1/src/rp2_common/pico_standard_binary_info/standard_binary_info.c.obj
 .rodata.__bi_78
                0x2000f38c        0xc pico-rv32ima/CMakeFiles/pico-rv32ima.dir/C_/Users/nahue/.pico-sdk/sdk/2.1.1/src/rp2_common/pico_standard_binary_info/standard_binary_info.c.obj
 .rodata.__bi_54
                0x2000f398        0xc pico-rv32ima/CMakeFiles/pico-rv32ima.dir/C_/Users/nahue/.pico-sdk/sdk/2.1.1/src/rp2_common/pico_standard_binary_info/standard_binary_info.c.obj
 .rodata.__bi_48
                0x2000f3a4        0xc pico-rv32ima/CMakeFiles/pico-rv32ima.dir/C_/Users/nahue/.pico-sdk/sdk/2.1.1/src/rp2_common/pico_standard_binary_info/standard_binary_info.c.obj
 .rodata.__bi_42
                0x2000f3b0        0xc pico-rv32ima/CMakeFiles/pico-rv32ima.dir/C_/Users/nahue/.pico-sdk/sdk/2.1.1/src/rp2_common/pico_standard_binary_info/standard_binary_info.c.obj
 .rodata.__bi_34
                0x2000f3bc        0xc pico-rv32ima/CMakeFiles/pico-rv32ima.dir/C_/Users/nahue/.pico-sdk/sdk/2.1.1/src/rp2_common/pico_standard_binary_info/standard_binary_info.c.obj
 .rodata.__bi_26
                0x2000f3c8        0xc pico-rv32ima/CMakeFiles/pico-rv32ima.dir/C_/Users/nahue/.pico-sdk/sdk/2.1.1/src/rp2_common/pico_standard_binary_info/standard_binary_info.c.obj
 .rodata.__assert_func.str1.4
                0x2000f3d4       0x43 pico-rv32ima/CMakeFiles/pico-rv32ima.dir/C_/Users/nahue/.pico-sdk/sdk/2.1.1/src/rp2_common/pico_clib_interface/newlib_interface.c.obj
 .rodata.crlf_str.0
                0x2000f3d4        0x2 pico-rv32ima/CMakeFiles/pico-rv32ima.dir/C_/Users/nahue/.pico-sdk/sdk/2.1.1/src/rp2_common/pico_stdio/stdio.c.obj
 .rodata.str1.4
                0x2000f3d6       0x14 pico-rv32ima/CMakeFiles/pico-rv32ima.dir/C_/Users/nahue/.pico-sdk/sdk/2.1.1/lib/tinyusb/src/portable/raspberrypi/rp2040/dcd_rp2040.c.obj
 .rodata.str1.4
                0x2000f3d6       0x48 pico-rv32ima/CMakeFiles/pico-rv32ima.dir/C_/Users/nahue/.pico-sdk/sdk/2.1.1/lib/tinyusb/src/portable/raspberrypi/rp2040/rp2040_usb.c.obj
 *fill*         0x2000f3d6        0x2 
 .rodata._usbd_driver
                0x2000f3d8       0x20 pico-rv32ima/CMakeFiles/pico-rv32ima.dir/C_/Users/nahue/.pico-sdk/sdk/2.1.1/lib/tinyusb/src/device/usbd.c.obj
 .rodata.str1.4
                0x2000f3f8        0x4 pico-rv32ima/CMakeFiles/pico-rv32ima.dir/C_/Users/nahue/.pico-sdk/sdk/2.1.1/lib/tinyusb/hw/bsp/rp2040/family.c.obj
 .rodata.__bi_153.0
                0x2000f3f8        0xc pico-rv32ima/CMakeFiles/pico-rv32ima.dir/C_/Users/nahue/.pico-sdk/sdk/2.1.1/lib/tinyusb/hw/bsp/rp2040/family.c.obj
 .rodata.__bi_163.1
                0x2000f404        0x8 pico-rv32ima/CMakeFiles/pico-rv32ima.dir/C_/Users/nahue/.pico-sdk/sdk/2.1.1/lib/tinyusb/hw/bsp/rp2040/family.c.obj
 .rodata.dma_claim_unused_channel.str1.4
                0x2000f40c       0x1e pico-rv32ima/CMakeFiles/pico-rv32ima.dir/C_/Users/nahue/.pico-sdk/sdk/2.1.1/src/rp2_common/hardware_dma/dma.c.obj
 .rodata.cvt.0  0x2000f40c       0x80 pico-rv32ima/petitfatfs/libpetitfatfs.a(pff.c.obj)
 .rodata.rgb_program
                0x2000f48c        0x8 pico-rv32ima/vga/libvga.a(vga.c.obj)
 .rodata.rgb_program_instructions
                0x2000f494       0x12 pico-rv32ima/vga/libvga.a(vga.c.obj)
 *fill*         0x2000f4a6        0x2 
 .rodata.vsync_program
                0x2000f4a8        0x8 pico-rv32ima/vga/libvga.a(vga.c.obj)
 .rodata.vsync_program_instructions
                0x2000f4b0       0x1c pico-rv32ima/vga/libvga.a(vga.c.obj)
 .rodata.hsync_program
                0x2000f4cc        0x8 pico-rv32ima/vga/libvga.a(vga.c.obj)
 .rodata.hsync_program_instructions
                0x2000f4d4       0x12 pico-rv32ima/vga/libvga.a(vga.c.obj)
 *fill*         0x2000f4e6        0x2 
 .rodata.PS2Keymap_US
                0x2000f4e8      0x19c pico-rv32ima/ps2/libps2.a(ps2.c.obj)
                0x2000f4e8                PS2Keymap_US
 .rodata._ctype_
                0x2000f684      0x101 C:/Users/nahue/.pico-sdk/toolchain/14_2_Rel1/bin/../lib/gcc/arm-none-eabi/14.2.1/thumb/v8-m.main+fp/softfp\libg.a(libc_a-ctype_.o)
                0x2000f684                _ctype_
 .rodata._svfprintf_r.str1.4
                0x2000f785       0x42 C:/Users/nahue/.pico-sdk/toolchain/14_2_Rel1/bin/../lib/gcc/arm-none-eabi/14.2.1/thumb/v8-m.main+fp/softfp\libg.a(libc_a-svfprintf.o)
 *fill*         0x2000f785        0x3 
 .rodata.zeroes.0
                0x2000f788       0x10 C:/Users/nahue/.pico-sdk/toolchain/14_2_Rel1/bin/../lib/gcc/arm-none-eabi/14.2.1/thumb/v8-m.main+fp/softfp\libg.a(libc_a-svfprintf.o)
 .rodata.blanks.1
                0x2000f798       0x10 C:/Users/nahue/.pico-sdk/toolchain/14_2_Rel1/bin/../lib/gcc/arm-none-eabi/14.2.1/thumb/v8-m.main+fp/softfp\libg.a(libc_a-svfprintf.o)
 .rodata.str1.4
                0x2000f7a8       0x4c C:/Users/nahue/.pico-sdk/toolchain/14_2_Rel1/bin/../lib/gcc/arm-none-eabi/14.2.1/thumb/v8-m.main+fp/softfp\libg.a(libc_a-locale.o)
 .rodata._dtoa_r.str1.4
                0x2000f7a8       0x81 C:/Users/nahue/.pico-sdk/toolchain/14_2_Rel1/bin/../lib/gcc/arm-none-eabi/14.2.1/thumb/v8-m.main+fp/softfp\libg.a(libc_a-dtoa.o)
 .rodata.__multadd.str1.4
                0x2000f7a8       0x6e C:/Users/nahue/.pico-sdk/toolchain/14_2_Rel1/bin/../lib/gcc/arm-none-eabi/14.2.1/thumb/v8-m.main+fp/softfp\libg.a(libc_a-mprec.o)
 .rodata.p05.0  0x2000f7a8        0xc C:/Users/nahue/.pico-sdk/toolchain/14_2_Rel1/bin/../lib/gcc/arm-none-eabi/14.2.1/thumb/v8-m.main+fp/softfp\libg.a(libc_a-mprec.o)
 *fill*         0x2000f7b4        0x4 
 .rodata.__mprec_bigtens
                0x2000f7b8       0x28 C:/Users/nahue/.pico-sdk/toolchain/14_2_Rel1/bin/../lib/gcc/arm-none-eabi/14.2.1/thumb/v8-m.main+fp/softfp\libg.a(libc_a-mprec.o)
                0x2000f7b8                __mprec_bigtens
 .rodata.__mprec_tens
                0x2000f7e0       0xc8 C:/Users/nahue/.pico-sdk/toolchain/14_2_Rel1/bin/../lib/gcc/arm-none-eabi/14.2.1/thumb/v8-m.main+fp/softfp\libg.a(libc_a-mprec.o)
                0x2000f7e0                __mprec_tens
 *(.srodata*)
                0x2000f8a8                        . = ALIGN (0x4)
 *(.data*)
 .data.blk_size
                0x2000f8a8        0x4 pico-rv32ima/CMakeFiles/pico-rv32ima.dir/emulator.c.obj
                0x2000f8a8                blk_size
 .data.ram_amt  0x2000f8ac        0x4 pico-rv32ima/CMakeFiles/pico-rv32ima.dir/emulator.c.obj
                0x2000f8ac                ram_amt
 .data.do_sleep
                0x2000f8b0        0x4 pico-rv32ima/CMakeFiles/pico-rv32ima.dir/emulator.c.obj
                0x2000f8b0                do_sleep
 .data.time_divisor
                0x2000f8b4        0x4 pico-rv32ima/CMakeFiles/pico-rv32ima.dir/emulator.c.obj
                0x2000f8b4                time_divisor
 .data.string_desc_arr
                0x2000f8b8       0x10 pico-rv32ima/CMakeFiles/pico-rv32ima.dir/usb_descriptors.c.obj
                0x2000f8b8                string_desc_arr
 .data.striped_spin_lock_num
                0x2000f8c8        0x1 pico-rv32ima/CMakeFiles/pico-rv32ima.dir/C_/Users/nahue/.pico-sdk/sdk/2.1.1/src/rp2_common/hardware_sync/sync.c.obj
 *fill*         0x2000f8c9        0x3 
 .data          0x2000f8cc       0x48 pico-rv32ima/CMakeFiles/pico-rv32ima.dir/C_/Users/nahue/.pico-sdk/sdk/2.1.1/src/rp2_common/hardware_irq/irq_handler_chain.S.obj
                0x2000f8cc                irq_handler_chain_slots
                0x2000f8fc                irq_handler_chain_first_slot
                0x2000f906                irq_handler_chain_remove_tail
 .data.default_alarm_pool
                0x2000f914       0x18 pico-rv32ima/CMakeFiles/pico-rv32ima.dir/C_/Users/nahue/.pico-sdk/sdk/2.1.1/src/common/pico_time/time.c.obj
 .data._usbd_qdef
                0x2000f92c       0x1c pico-rv32ima/CMakeFiles/pico-rv32ima.dir/C_/Users/nahue/.pico-sdk/sdk/2.1.1/lib/tinyusb/src/device/usbd.c.obj
                0x2000f92c                _usbd_qdef
 .data._usbd_rhport
                0x2000f948        0x1 pico-rv32ima/CMakeFiles/pico-rv32ima.dir/C_/Users/nahue/.pico-sdk/sdk/2.1.1/lib/tinyusb/src/device/usbd.c.obj
 .data.fg_col   0x2000f949        0x1 pico-rv32ima/vga/libvga.a(vga.c.obj)
                0x2000f949                fg_col
 *fill*         0x2000f94a        0x2 
 .data.rgb_sm   0x2000f94c        0x4 pico-rv32ima/vga/libvga.a(vga.c.obj)
                0x2000f94c                rgb_sm
 .data.vsync_sm
                0x2000f950        0x4 pico-rv32ima/vga/libvga.a(vga.c.obj)
                0x2000f950                vsync_sm
 .data.pio      0x2000f954        0x4 pico-rv32ima/vga/libvga.a(vga.c.obj)
                0x2000f954                pio
 .data.currentBgColLine
                0x2000f958        0x4 pico-rv32ima/vga/libvga.a(vga.c.obj)
                0x2000f958                currentBgColLine
 .data.currentFgColLine
                0x2000f95c        0x4 pico-rv32ima/vga/libvga.a(vga.c.obj)
                0x2000f95c                currentFgColLine
 .data.currentLine
                0x2000f960        0x4 pico-rv32ima/vga/libvga.a(vga.c.obj)
                0x2000f960                currentLine
 .data.transmitBuf
                0x2000f964        0x4 pico-rv32ima/vga/libvga.a(vga.c.obj)
                0x2000f964                transmitBuf
 .data.renderBuf
                0x2000f968        0x4 pico-rv32ima/vga/libvga.a(vga.c.obj)
                0x2000f968                renderBuf
 .data.font     0x2000f96c      0x500 pico-rv32ima/vga/libvga.a(vga.c.obj)
 .data.keymap   0x2000fe6c        0x4 pico-rv32ima/ps2/libps2.a(ps2.c.obj)
                0x2000fe6c                keymap
 .data.__malloc_sbrk_base
                0x2000fe70        0x4 C:/Users/nahue/.pico-sdk/toolchain/14_2_Rel1/bin/../lib/gcc/arm-none-eabi/14.2.1/thumb/v8-m.main+fp/softfp\libg.a(libc_a-mallocr.o)
                0x2000fe70                __malloc_sbrk_base
 .data.__malloc_trim_threshold
                0x2000fe74        0x4 C:/Users/nahue/.pico-sdk/toolchain/14_2_Rel1/bin/../lib/gcc/arm-none-eabi/14.2.1/thumb/v8-m.main+fp/softfp\libg.a(libc_a-mallocr.o)
                0x2000fe74                __malloc_trim_threshold
 .data.__malloc_av_
                0x2000fe78      0x408 C:/Users/nahue/.pico-sdk/toolchain/14_2_Rel1/bin/../lib/gcc/arm-none-eabi/14.2.1/thumb/v8-m.main+fp/softfp\libg.a(libc_a-mallocr.o)
                0x2000fe78                __malloc_av_
 .data._impure_ptr
                0x20010280        0x4 C:/Users/nahue/.pico-sdk/toolchain/14_2_Rel1/bin/../lib/gcc/arm-none-eabi/14.2.1/thumb/v8-m.main+fp/softfp\libg.a(libc_a-impure.o)
                0x20010280                _impure_ptr
 *fill*         0x20010284        0x4 
 .data._impure_data
                0x20010288      0x140 C:/Users/nahue/.pico-sdk/toolchain/14_2_Rel1/bin/../lib/gcc/arm-none-eabi/14.2.1/thumb/v8-m.main+fp/softfp\libg.a(libc_a-impure.o)
                0x20010288                _impure_data
 .data.__global_locale