Archive member included to satisfy reference by file (symbol)

/Users/m6t6ng6/Documents/TD3_VM/repo/3_trabajos_practicos/tp2/firmware/freertos/libfreertos.a(queue.c.o)
                              CMakeFiles/firmware.dir/firmware.c.o (xQueueGenericCreate)
/Users/m6t6ng6/Documents/TD3_VM/repo/3_trabajos_practicos/tp2/firmware/freertos/libfreertos.a(tasks.c.o)
                              CMakeFiles/firmware.dir/firmware.c.o (xTaskCreate)
/Users/m6t6ng6/Documents/TD3_VM/repo/3_trabajos_practicos/tp2/firmware/freertos/libfreertos.a(timers.c.o)
                              /Users/m6t6ng6/Documents/TD3_VM/repo/3_trabajos_practicos/tp2/firmware/freertos/libfreertos.a(tasks.c.o) (xTimerCreateTimerTask)
/Users/m6t6ng6/Documents/TD3_VM/repo/3_trabajos_practicos/tp2/firmware/freertos/libfreertos.a(heap_3.c.o)
                              /Users/m6t6ng6/Documents/TD3_VM/repo/3_trabajos_practicos/tp2/firmware/freertos/libfreertos.a(queue.c.o) (pvPortMalloc)
/Users/m6t6ng6/Documents/TD3_VM/repo/3_trabajos_practicos/tp2/firmware/freertos/libfreertos.a(port.c.o)
                              /Users/m6t6ng6/Documents/TD3_VM/repo/3_trabajos_practicos/tp2/firmware/freertos/libfreertos.a(queue.c.o) (vPortYield)
/Users/m6t6ng6/Documents/TD3_VM/repo/3_trabajos_practicos/tp2/firmware/freertos/libfreertos.a(portasm.c.o)
                              /Users/m6t6ng6/Documents/TD3_VM/repo/3_trabajos_practicos/tp2/firmware/freertos/libfreertos.a(port.c.o) (vRestoreContextOfFirstTask)
/Users/m6t6ng6/Documents/TD3_VM/repo/3_trabajos_practicos/tp2/firmware/freertos/libfreertos.a(event_groups.c.o)
                              /Users/m6t6ng6/Documents/TD3_VM/repo/3_trabajos_practicos/tp2/firmware/freertos/libfreertos.a(port.c.o) (xEventGroupCreate)
/Users/m6t6ng6/Documents/TD3_VM/repo/3_trabajos_practicos/tp2/firmware/freertos/libfreertos.a(list.c.o)
                              /Users/m6t6ng6/Documents/TD3_VM/repo/3_trabajos_practicos/tp2/firmware/freertos/libfreertos.a(queue.c.o) (vListInitialise)
/Users/m6t6ng6/.pico-sdk/toolchain/14_2_Rel1/bin/../lib/gcc/arm-none-eabi/14.2.1/../../../../arm-none-eabi/lib/thumb/v8-m.main+fp/softfp/libm.a(libm_a-wf_sqrt.o)
                              CMakeFiles/firmware.dir/Users/m6t6ng6/.pico-sdk/sdk/2.1.1/src/rp2_common/pico_float/float_math.c.o (sqrtf)
/Users/m6t6ng6/.pico-sdk/toolchain/14_2_Rel1/bin/../lib/gcc/arm-none-eabi/14.2.1/../../../../arm-none-eabi/lib/thumb/v8-m.main+fp/softfp/libm.a(libm_a-ef_sqrt.o)
                              /Users/m6t6ng6/.pico-sdk/toolchain/14_2_Rel1/bin/../lib/gcc/arm-none-eabi/14.2.1/../../../../arm-none-eabi/lib/thumb/v8-m.main+fp/softfp/libm.a(libm_a-wf_sqrt.o) (__ieee754_sqrtf)
/Users/m6t6ng6/.pico-sdk/toolchain/14_2_Rel1/bin/../lib/gcc/arm-none-eabi/14.2.1/thumb/v8-m.main+fp/softfp/libgcc.a(_arm_addsubdf3.o)
                              CMakeFiles/firmware.dir/firmware.c.o (__aeabi_f2d)
/Users/m6t6ng6/.pico-sdk/toolchain/14_2_Rel1/bin/../lib/gcc/arm-none-eabi/14.2.1/thumb/v8-m.main+fp/softfp/libgcc.a(_aeabi_ldivmod.o)
                              CMakeFiles/firmware.dir/Users/m6t6ng6/.pico-sdk/sdk/2.1.1/src/common/pico_time/time.c.o (__aeabi_ldivmod)
/Users/m6t6ng6/.pico-sdk/toolchain/14_2_Rel1/bin/../lib/gcc/arm-none-eabi/14.2.1/thumb/v8-m.main+fp/softfp/libgcc.a(_aeabi_uldivmod.o)
                              CMakeFiles/firmware.dir/Users/m6t6ng6/.pico-sdk/sdk/2.1.1/src/rp2_common/hardware_clocks/clocks.c.o (__aeabi_uldivmod)
/Users/m6t6ng6/.pico-sdk/toolchain/14_2_Rel1/bin/../lib/gcc/arm-none-eabi/14.2.1/thumb/v8-m.main+fp/softfp/libgcc.a(_udivmoddi4.o)
                              /Users/m6t6ng6/.pico-sdk/toolchain/14_2_Rel1/bin/../lib/gcc/arm-none-eabi/14.2.1/thumb/v8-m.main+fp/softfp/libgcc.a(_aeabi_ldivmod.o) (__udivmoddi4)
/Users/m6t6ng6/.pico-sdk/toolchain/14_2_Rel1/bin/../lib/gcc/arm-none-eabi/14.2.1/thumb/v8-m.main+fp/softfp/libgcc.a(_dvmd_tls.o)
                              /Users/m6t6ng6/.pico-sdk/toolchain/14_2_Rel1/bin/../lib/gcc/arm-none-eabi/14.2.1/thumb/v8-m.main+fp/softfp/libgcc.a(_aeabi_ldivmod.o) (__aeabi_ldiv0)
/Users/m6t6ng6/.pico-sdk/toolchain/14_2_Rel1/bin/../lib/gcc/arm-none-eabi/14.2.1/../../../../arm-none-eabi/lib/thumb/v8-m.main+fp/softfp/libg.a(libc_a-calloc.o)
                              CMakeFiles/firmware.dir/Users/m6t6ng6/.pico-sdk/sdk/2.1.1/src/rp2_common/pico_malloc/malloc.c.o (calloc)
/Users/m6t6ng6/.pico-sdk/toolchain/14_2_Rel1/bin/../lib/gcc/arm-none-eabi/14.2.1/../../../../arm-none-eabi/lib/thumb/v8-m.main+fp/softfp/libg.a(libc_a-callocr.o)
                              /Users/m6t6ng6/.pico-sdk/toolchain/14_2_Rel1/bin/../lib/gcc/arm-none-eabi/14.2.1/../../../../arm-none-eabi/lib/thumb/v8-m.main+fp/softfp/libg.a(libc_a-calloc.o) (_calloc_r)
/Users/m6t6ng6/.pico-sdk/toolchain/14_2_Rel1/bin/../lib/gcc/arm-none-eabi/14.2.1/../../../../arm-none-eabi/lib/thumb/v8-m.main+fp/softfp/libg.a(libc_a-malloc.o)
[...]
Memory Configuration

Name             Origin             Length             Attributes
FLASH            0x10000000         0x00400000         xr
RAM              0x20000000         0x00080000         xrw
SCRATCH_X        0x20080000         0x00001000         xrw
SCRATCH_Y        0x20081000         0x00001000         xrw
*default*        0x00000000         0xffffffff

Linker script and memory map

LOAD /Users/m6t6ng6/.pico-sdk/toolchain/14_2_Rel1/bin/../lib/gcc/arm-none-eabi/14.2.1/thumb/v8-m.main+fp/softfp/crti.o
LOAD /Users/m6t6ng6/.pico-sdk/toolchain/14_2_Rel1/bin/../lib/gcc/arm-none-eabi/14.2.1/thumb/v8-m.main+fp/softfp/crtbegin.o
LOAD /Users/m6t6ng6/.pico-sdk/toolchain/14_2_Rel1/bin/../lib/gcc/arm-none-eabi/14.2.1/../../../../arm-none-eabi/lib/thumb/v8-m.main+fp/softfp/crt0.o

.flash_begin    0x10000000        0x0
                0x10000000                        __flash_binary_start = .

.text           0x10000000     0x819c
                0x10000000                        __logical_binary_start = .
 *(.vectors)
 .vectors       0x10000000      0x124 CMakeFiles/firmware.dir/Users/m6t6ng6/.pico-sdk/sdk/2.1.1/src/rp2_common/pico_crt0/crt0.S.o
                0x10000000                __vectors
                0x10000000                __VECTOR_TABLE
                0x10000110                __default_isrs_start
                0x10000110                isr_invalid
                0x10000112                isr_nmi
                0x10000114                isr_hardfault
                0x1000011c                isr_irq27
                0x1000011c                isr_irq32
                0x1000011c                isr_irq31
                0x1000011c                isr_irq5
                0x1000011c                isr_irq11
                0x1000011c                isr_irq23
                0x1000011c                isr_irq48
                0x1000011c                isr_irq35
                0x1000011c                isr_irq18
                0x1000011c                isr_irq50
                0x1000011c                isr_irq40
                0x1000011c                isr_irq28
                0x1000011c                isr_irq19
                0x1000011c                isr_irq36
                0x1000011c                isr_irq41
                0x1000011c                isr_irq0
                0x1000011c                isr_irq6
                0x1000011c                isr_irq37
                0x1000011c                isr_irq42
                0x1000011c                isr_irq22
                0x1000011c                isr_irq17
                0x1000011c                isr_irq38
                0x1000011c                isr_irq14
                0x1000011c                isr_irq2
                0x1000011c                isr_irq10
                0x1000011c                isr_irq8
                0x1000011c                isr_irq24
                0x1000011c                isr_irq46
                0x1000011c                isr_irq1
                0x1000011c                isr_irq47
                0x1000011c                isr_irq51
                0x1000011c                isr_irq7
                0x1000011c                isr_irq21
                0x1000011c                isr_irq39
                0x1000011c                isr_irq20
                0x1000011c                isr_irq15
                0x1000011c                isr_irq25
                0x1000011c                isr_irq34
                0x1000011c                isr_irq9
                0x1000011c                __unhandled_user_irq
                0x1000011c                isr_irq49
                0x1000011c                isr_irq13
                0x1000011c                isr_irq43
                0x1000011c                isr_irq45
                0x1000011c                isr_irq30
                0x1000011c                isr_irq4
                0x1000011c                isr_irq16
                0x1000011c                isr_irq44
                0x1000011c                isr_irq29
                0x1000011c                isr_irq26
                0x1000011c                __default_isrs_end
                0x1000011c                isr_irq33
                0x1000011c                isr_irq3
                0x1000011c                isr_irq12
                0x10000122                unhandled_user_irq_num_in_r0
 *(.binary_info_header)
 .binary_info_header
                0x10000124       0x14 CMakeFiles/firmware.dir/Users/m6t6ng6/.pico-sdk/sdk/2.1.1/src/rp2_common/pico_crt0/crt0.S.o
                0x10000138                        __binary_info_header_end = .
 *(.embedded_block)
 .embedded_block
                0x10000138       0x14 CMakeFiles/firmware.dir/Users/m6t6ng6/.pico-sdk/sdk/2.1.1/src/rp2_common/pico_crt0/crt0.S.o
                0x1000014c                        __embedded_block_end = .
 *(.reset)
 .reset         0x1000014c       0xa0 CMakeFiles/firmware.dir/Users/m6t6ng6/.pico-sdk/sdk/2.1.1/src/rp2_common/pico_crt0/crt0.S.o
                0x1000014c                _entry_point
 *(.init)
 .init          0x100001ec        0x4 /Users/m6t6ng6/.pico-sdk/toolchain/14_2_Rel1/bin/../lib/gcc/arm-none-eabi/14.2.1/thumb/v8-m.main+fp/softfp/crti.o
                0x100001ec                _init
 SORT_BY_NAME(REVERSE(*libgcc.a:cmse_nonsecure_call.o))()
 *(EXCLUDE_FILE(*libm.a: *libc.a:*lib_a-mem*.o *libgcc.a:) .text*)
 .text.register_tm_clones
                0x100001f0       0x28 /Users/m6t6ng6/.pico-sdk/toolchain/14_2_Rel1/bin/../lib/gcc/arm-none-eabi/14.2.1/thumb/v8-m.main+fp/softfp/crtbegin.o
 .text.frame_dummy
                0x10000218       0x24 /Users/m6t6ng6/.pico-sdk/toolchain/14_2_Rel1/bin/../lib/gcc/arm-none-eabi/14.2.1/thumb/v8-m.main+fp/softfp/crtbegin.o
 .text.dma_handler
                0x1000023c       0xbc CMakeFiles/firmware.dir/firmware.c.o
                0x1000023c                dma_handler
 .text.vTaskDisparaADC
                0x100002f8       0x58 CMakeFiles/firmware.dir/firmware.c.o
                0x100002f8                vTaskDisparaADC
 .text.vTaskMuestraTemp
                0x10000350       0x38 CMakeFiles/firmware.dir/firmware.c.o
                0x10000350                vTaskMuestraTemp
 .text.startup.main
                0x10000388      0x118 CMakeFiles/firmware.dir/firmware.c.o
                0x10000388                main
 .text.panic    0x100004a0       0x30 CMakeFiles/firmware.dir/Users/m6t6ng6/.pico-sdk/sdk/2.1.1/src/rp2_common/pico_platform_panic/panic.c.o
                0x100004a0                panic
 .text.hw_claim_or_assert
                0x100004d0       0x58 CMakeFiles/firmware.dir/Users/m6t6ng6/.pico-sdk/sdk/2.1.1/src/common/hardware_claim/claim.c.o
                0x100004d0                hw_claim_or_assert
 .text.hw_claim_unused_from_range
                0x10000528       0x80 CMakeFiles/firmware.dir/Users/m6t6ng6/.pico-sdk/sdk/2.1.1/src/common/hardware_claim/claim.c.o
                0x10000528                hw_claim_unused_from_range
 .text.next_striped_spin_lock_num
                0x100005a8       0x18 CMakeFiles/firmware.dir/Users/m6t6ng6/.pico-sdk/sdk/2.1.1/src/rp2_common/hardware_sync/sync.c.o
                0x100005a8                next_striped_spin_lock_num
 .text.spin_lock_claim_unused
                0x100005c0       0x20 CMakeFiles/firmware.dir/Users/m6t6ng6/.pico-sdk/sdk/2.1.1/src/rp2_common/hardware_sync/sync.c.o
                0x100005c0                spin_lock_claim_unused
 .text.spinlock_set_extexclall
                0x100005e0       0x10 CMakeFiles/firmware.dir/Users/m6t6ng6/.pico-sdk/sdk/2.1.1/src/rp2_common/hardware_sync_spin_lock/sync_spin_lock.c.o
 .text.spin_locks_reset
                0x100005f0       0x18 CMakeFiles/firmware.dir/Users/m6t6ng6/.pico-sdk/sdk/2.1.1/src/rp2_common/hardware_sync_spin_lock/sync_spin_lock.c.o
                0x100005f0                spin_locks_reset
 .text.runtime_init_per_core_irq_priorities
                0x10000608       0x40 CMakeFiles/firmware.dir/Users/m6t6ng6/.pico-sdk/sdk/2.1.1/src/rp2_common/hardware_irq/irq.c.o
                0x10000608                runtime_init_per_core_irq_priorities
 .text.irq_set_enabled
                0x10000648       0x2c CMakeFiles/firmware.dir/Users/m6t6ng6/.pico-sdk/sdk/2.1.1/src/rp2_common/hardware_irq/irq.c.o
                0x10000648                irq_set_enabled
 .text.irq_is_enabled
                0x10000674       0x20 CMakeFiles/firmware.dir/Users/m6t6ng6/.pico-sdk/sdk/2.1.1/src/rp2_common/hardware_irq/irq.c.o
                0x10000674                irq_is_enabled
 .text.irq_set_pending
                0x10000694       0x18 CMakeFiles/firmware.dir/Users/m6t6ng6/.pico-sdk/sdk/2.1.1/src/rp2_common/hardware_irq/irq.c.o
                0x10000694                irq_set_pending
 .text.irq_has_shared_handler
                0x100006ac       0x20 CMakeFiles/firmware.dir/Users/m6t6ng6/.pico-sdk/sdk/2.1.1/src/rp2_common/hardware_irq/irq.c.o
                0x100006ac                irq_has_shared_handler
 .text.irq_set_exclusive_handler
                0x100006cc       0x60 CMakeFiles/firmware.dir/Users/m6t6ng6/.pico-sdk/sdk/2.1.1/src/rp2_common/hardware_irq/irq.c.o
                0x100006cc                irq_set_exclusive_handler
 .text.irq_add_shared_handler
                0x1000072c      0x1e8 CMakeFiles/firmware.dir/Users/m6t6ng6/.pico-sdk/sdk/2.1.1/src/rp2_common/hardware_irq/irq.c.o
                0x1000072c                irq_add_shared_handler
 .text.irq_add_tail_to_free_list
                0x10000914       0xbc CMakeFiles/firmware.dir/Users/m6t6ng6/.pico-sdk/sdk/2.1.1/src/rp2_common/hardware_irq/irq.c.o
                0x10000914                irq_add_tail_to_free_list
 .text.user_irq_claim_unused
                0x100009d0       0x28 CMakeFiles/firmware.dir/Users/m6t6ng6/.pico-sdk/sdk/2.1.1/src/rp2_common/hardware_irq/irq.c.o
                0x100009d0                user_irq_claim_unused
 .text.lock_init
                0x100009f8        0xc CMakeFiles/firmware.dir/Users/m6t6ng6/.pico-sdk/sdk/2.1.1/src/common/pico_sync/lock_core.c.o
                0x100009f8                lock_init
 .text.runtime_init_mutex
                0x10000a04       0x4c CMakeFiles/firmware.dir/Users/m6t6ng6/.pico-sdk/sdk/2.1.1/src/common/pico_sync/mutex.c.o
                0x10000a04                runtime_init_mutex
 .text.mutex_init
                0x10000a50       0x1c CMakeFiles/firmware.dir/Users/m6t6ng6/.pico-sdk/sdk/2.1.1/src/common/pico_sync/mutex.c.o
                0x10000a50                mutex_init
 .text.critical_section_init
                0x10000a6c       0x1c CMakeFiles/firmware.dir/Users/m6t6ng6/.pico-sdk/sdk/2.1.1/src/common/pico_sync/critical_section.c.o
                0x10000a6c                critical_section_init
 .text.critical_section_init_with_lock_num
                0x10000a88       0x10 CMakeFiles/firmware.dir/Users/m6t6ng6/.pico-sdk/sdk/2.1.1/src/common/pico_sync/critical_section.c.o
                0x10000a88                critical_section_init_with_lock_num
 .text.sleep_until_callback
                0x10000a98       0x3c CMakeFiles/firmware.dir/Users/m6t6ng6/.pico-sdk/sdk/2.1.1/src/common/pico_time/time.c.o
 *fill*         0x10000ad4        0x4 
 .text.alarm_pool_irq_handler
                0x10000ad8      0x2f0 CMakeFiles/firmware.dir/Users/m6t6ng6/.pico-sdk/sdk/2.1.1/src/common/pico_time/time.c.o
 .text.runtime_init_default_alarm_pool
                0x10000dc8      0x100 CMakeFiles/firmware.dir/Users/m6t6ng6/.pico-sdk/sdk/2.1.1/src/common/pico_time/time.c.o
                0x10000dc8                runtime_init_default_alarm_pool
 .text.alarm_pool_get_default
                0x10000ec8        0x8 CMakeFiles/firmware.dir/Users/m6t6ng6/.pico-sdk/sdk/2.1.1/src/common/pico_time/time.c.o
                0x10000ec8                alarm_pool_get_default
 .text.alarm_pool_add_alarm_at
                0x10000ed0       0xdc CMakeFiles/firmware.dir/Users/m6t6ng6/.pico-sdk/sdk/2.1.1/src/common/pico_time/time.c.o
                0x10000ed0                alarm_pool_add_alarm_at
 .text.alarm_pool_add_alarm_at_force_in_context
                0x10000fac       0xc8 CMakeFiles/firmware.dir/Users/m6t6ng6/.pico-sdk/sdk/2.1.1/src/common/pico_time/time.c.o
                0x10000fac                alarm_pool_add_alarm_at_force_in_context
 .text.alarm_pool_cancel_alarm
                0x10001074       0x80 CMakeFiles/firmware.dir/Users/m6t6ng6/.pico-sdk/sdk/2.1.1/src/common/pico_time/time.c.o
                0x10001074                alarm_pool_cancel_alarm
 .text.alarm_pool_core_num
                0x100010f4        0x4 CMakeFiles/firmware.dir/Users/m6t6ng6/.pico-sdk/sdk/2.1.1/src/common/pico_time/time.c.o
                0x100010f4                alarm_pool_core_num
 .text.sleep_ms
                0x100010f8       0xdc CMakeFiles/firmware.dir/Users/m6t6ng6/.pico-sdk/sdk/2.1.1/src/common/pico_time/time.c.o
                0x100010f8                sleep_ms
 .text.best_effort_wfe_or_timeout
                0x100011d4       0xd4 CMakeFiles/firmware.dir/Users/m6t6ng6/.pico-sdk/sdk/2.1.1/src/common/pico_time/time.c.o
                0x100011d4                best_effort_wfe_or_timeout
 .text.timer_hardware_alarm_claim
                0x100012a8       0x24 CMakeFiles/firmware.dir/Users/m6t6ng6/.pico-sdk/sdk/2.1.1/src/rp2_common/hardware_timer/timer.c.o
                0x100012a8                timer_hardware_alarm_claim
 .text.timer_time_us_64
                0x100012cc       0x10 CMakeFiles/firmware.dir/Users/m6t6ng6/.pico-sdk/sdk/2.1.1/src/rp2_common/hardware_timer/timer.c.o
                0x100012cc                timer_time_us_64
 .text.time_us_64
                0x100012dc       0x14 CMakeFiles/firmware.dir/Users/m6t6ng6/.pico-sdk/sdk/2.1.1/src/rp2_common/hardware_timer/timer.c.o
                0x100012dc                time_us_64
 .text.busy_wait_until
                0x100012f0       0x24 CMakeFiles/firmware.dir/Users/m6t6ng6/.pico-sdk/sdk/2.1.1/src/rp2_common/hardware_timer/timer.c.o
                0x100012f0                busy_wait_until
 .text.clock_configure_undivided
                0x10001314       0xd0 CMakeFiles/firmware.dir/Users/m6t6ng6/.pico-sdk/sdk/2.1.1/src/rp2_common/hardware_clocks/clocks.c.o
                0x10001314                clock_configure_undivided
 .text.clock_get_hz
                0x100013e4        0xc CMakeFiles/firmware.dir/Users/m6t6ng6/.pico-sdk/sdk/2.1.1/src/rp2_common/hardware_clocks/clocks.c.o
                0x100013e4                clock_get_hz
 .text.pll_init
                0x100013f0       0x8c CMakeFiles/firmware.dir/Users/m6t6ng6/.pico-sdk/sdk/2.1.1/src/rp2_common/hardware_pll/pll.c.o
                0x100013f0                pll_init
 .text.watchdog_reboot
                0x1000147c       0x98 CMakeFiles/firmware.dir/Users/m6t6ng6/.pico-sdk/sdk/2.1.1/src/rp2_common/hardware_watchdog/watchdog.c.o
                0x1000147c                watchdog_reboot
 .text.tick_start
                0x10001514       0x18 CMakeFiles/firmware.dir/Users/m6t6ng6/.pico-sdk/sdk/2.1.1/src/rp2_common/hardware_ticks/ticks.c.o
                0x10001514                tick_start
 .text.rom_reboot.constprop.0.isra.0
                0x1000152c       0x34 CMakeFiles/firmware.dir/Users/m6t6ng6/.pico-sdk/sdk/2.1.1/src/rp2_common/pico_bootrom/bootrom.c.o
 .text.rom_func_lookup
                0x10001560       0x18 CMakeFiles/firmware.dir/Users/m6t6ng6/.pico-sdk/sdk/2.1.1/src/rp2_common/pico_bootrom/bootrom.c.o
                0x10001560                rom_func_lookup
 .text.rom_reset_usb_boot_extra
                0x10001578       0x1c CMakeFiles/firmware.dir/Users/m6t6ng6/.pico-sdk/sdk/2.1.1/src/rp2_common/pico_bootrom/bootrom.c.o
                0x10001578                rom_reset_usb_boot_extra
 .text.runtime_init_bootrom_locking_enable
                0x10001594       0x14 CMakeFiles/firmware.dir/Users/m6t6ng6/.pico-sdk/sdk/2.1.1/src/rp2_common/pico_bootrom/bootrom_lock.c.o
                0x10001594                runtime_init_bootrom_locking_enable
 .text.runtime_init_boot_locks_reset
                0x100015a8       0x1c CMakeFiles/firmware.dir/Users/m6t6ng6/.pico-sdk/sdk/2.1.1/src/rp2_common/hardware_boot_lock/boot_lock.c.o
                0x100015a8                runtime_init_boot_locks_reset
 .text.xosc_init
                0x100015c4       0x30 CMakeFiles/firmware.dir/Users/m6t6ng6/.pico-sdk/sdk/2.1.1/src/rp2_common/hardware_xosc/xosc.c.o
                0x100015c4                xosc_init
 .text.first_per_core_initializer
                0x100015f4        0x4 CMakeFiles/firmware.dir/Users/m6t6ng6/.pico-sdk/sdk/2.1.1/src/rp2_common/pico_runtime/runtime.c.o
 .text.hard_assertion_failure
                0x100015f8        0xc CMakeFiles/firmware.dir/Users/m6t6ng6/.pico-sdk/sdk/2.1.1/src/rp2_common/pico_runtime/runtime.c.o
                0x100015f8                hard_assertion_failure
 .text.runtime_run_initializers
                0x10001604       0x20 CMakeFiles/firmware.dir/Users/m6t6ng6/.pico-sdk/sdk/2.1.1/src/rp2_common/pico_runtime/runtime.c.o
                0x10001604                runtime_run_initializers
 .text.runtime_init_early_resets
                0x10001624       0x34 CMakeFiles/firmware.dir/Users/m6t6ng6/.pico-sdk/sdk/2.1.1/src/rp2_common/pico_runtime_init/runtime_init.c.o
                0x10001624                runtime_init_early_resets
 .text.runtime_init_usb_power_down
                0x10001658       0x1c CMakeFiles/firmware.dir/Users/m6t6ng6/.pico-sdk/sdk/2.1.1/src/rp2_common/pico_runtime_init/runtime_init.c.o
                0x10001658                runtime_init_usb_power_down
 .text.runtime_init_per_core_enable_coprocessors
                0x10001674       0x1c CMakeFiles/firmware.dir/Users/m6t6ng6/.pico-sdk/sdk/2.1.1/src/rp2_common/pico_runtime_init/runtime_init.c.o
                0x10001674                runtime_init_per_core_enable_coprocessors
 .text.runtime_init_post_clock_resets
                0x10001690       0x20 CMakeFiles/firmware.dir/Users/m6t6ng6/.pico-sdk/sdk/2.1.1/src/rp2_common/pico_runtime_init/runtime_init.c.o
                0x10001690                runtime_init_post_clock_resets
 .text.runtime_init_bootrom_reset
                0x100016b0       0x14 CMakeFiles/firmware.dir/Users/m6t6ng6/.pico-sdk/sdk/2.1.1/src/rp2_common/pico_runtime_init/runtime_init.c.o
                0x100016b0                runtime_init_bootrom_reset
 .text.runtime_init_per_core_bootrom_reset
                0x100016c4       0x14 CMakeFiles/firmware.dir/Users/m6t6ng6/.pico-sdk/sdk/2.1.1/src/rp2_common/pico_runtime_init/runtime_init.c.o
                0x100016c4                runtime_init_per_core_bootrom_reset
 .text.runtime_init_spin_locks_reset
                0x100016d8        0x4 CMakeFiles/firmware.dir/Users/m6t6ng6/.pico-sdk/sdk/2.1.1/src/rp2_common/pico_runtime_init/runtime_init.c.o
                0x100016d8                runtime_init_spin_locks_reset
 .text.runtime_init_install_ram_vector_table
                0x100016dc       0x20 CMakeFiles/firmware.dir/Users/m6t6ng6/.pico-sdk/sdk/2.1.1/src/rp2_common/pico_runtime_init/runtime_init.c.o
                0x100016dc                runtime_init_install_ram_vector_table
 .text.runtime_init_clocks
                0x100016fc       0xdc CMakeFiles/firmware.dir/Users/m6t6ng6/.pico-sdk/sdk/2.1.1/src/rp2_common/pico_runtime_init/runtime_init_clocks.c.o
                0x100016fc                runtime_init_clocks
 .text.__rp2350_dcp_engaged_state_save_restore
                0x100017d8       0x3a CMakeFiles/firmware.dir/Users/m6t6ng6/.pico-sdk/sdk/2.1.1/src/rp2_common/pico_double/double_aeabi_dcp.S.o
 *fill*         0x10001812        0x2 
 .text.__wrap___aeabi_dadd
                0x10001814       0x28 CMakeFiles/firmware.dir/Users/m6t6ng6/.pico-sdk/sdk/2.1.1/src/rp2_common/pico_double/double_aeabi_dcp.S.o
                0x1000181c                __wrap___aeabi_dadd
 .text.__wrap___aeabi_dsub
                0x1000183c       0x28 CMakeFiles/firmware.dir/Users/m6t6ng6/.pico-sdk/sdk/2.1.1/src/rp2_common/pico_double/double_aeabi_dcp.S.o
                0x10001844                __wrap___aeabi_dsub
 .text.__wrap___aeabi_dmul
                0x10001864       0x4c CMakeFiles/firmware.dir/Users/m6t6ng6/.pico-sdk/sdk/2.1.1/src/rp2_common/pico_double/double_aeabi_dcp.S.o
                0x1000186c                __wrap___aeabi_dmul
 .text.__wrap___aeabi_ddiv
                0x100018b0       0x9c CMakeFiles/firmware.dir/Users/m6t6ng6/.pico-sdk/sdk/2.1.1/src/rp2_common/pico_double/double_aeabi_dcp.S.o
                0x100018b8                __wrap___aeabi_ddiv
 .text.__wrap___aeabi_i2d
                0x1000194c       0x24 CMakeFiles/firmware.dir/Users/m6t6ng6/.pico-sdk/sdk/2.1.1/src/rp2_common/pico_double/double_aeabi_dcp.S.o
                0x10001954                __wrap___aeabi_i2d
                0x10001954                int2double
 .text.__wrap___aeabi_ui2d
                0x10001970       0x24 CMakeFiles/firmware.dir/Users/m6t6ng6/.pico-sdk/sdk/2.1.1/src/rp2_common/pico_double/double_aeabi_dcp.S.o
                0x10001978                __wrap___aeabi_ui2d
                0x10001978                uint2double
 .text.__wrap___aeabi_d2iz
                0x10001994       0x24 CMakeFiles/firmware.dir/Users/m6t6ng6/.pico-sdk/sdk/2.1.1/src/rp2_common/pico_double/double_aeabi_dcp.S.o
                0x1000199c                __wrap___aeabi_d2iz
                0x1000199c                double2int_z
 .text.__wrap___aeabi_d2uiz
                0x100019b8       0x24 CMakeFiles/firmware.dir/Users/m6t6ng6/.pico-sdk/sdk/2.1.1/src/rp2_common/pico_double/double_aeabi_dcp.S.o
                0x100019c0                double2uint_z
                0x100019c0                double2uint
                0x100019c0                __wrap___aeabi_d2uiz
 .text.__wrap___aeabi_dcmpun
                0x100019dc       0x24 CMakeFiles/firmware.dir/Users/m6t6ng6/.pico-sdk/sdk/2.1.1/src/rp2_common/pico_double/double_aeabi_dcp.S.o
                0x100019e4                __wrap___aeabi_dcmpun
 .text.__wrap___aeabi_dcmplt
                0x10001a00       0x28 CMakeFiles/firmware.dir/Users/m6t6ng6/.pico-sdk/sdk/2.1.1/src/rp2_common/pico_double/double_aeabi_dcp.S.o
                0x10001a08                __wrap___aeabi_dcmplt
 .text.__wrap___aeabi_dcmple
                0x10001a28       0x28 CMakeFiles/firmware.dir/Users/m6t6ng6/.pico-sdk/sdk/2.1.1/src/rp2_common/pico_double/double_aeabi_dcp.S.o
                0x10001a30                __wrap___aeabi_dcmple
 .text.__wrap___aeabi_dcmpge
                0x10001a50       0x28 CMakeFiles/firmware.dir/Users/m6t6ng6/.pico-sdk/sdk/2.1.1/src/rp2_common/pico_double/double_aeabi_dcp.S.o
                0x10001a58                __wrap___aeabi_dcmpge
 .text.__wrap___aeabi_dcmpgt
                0x10001a78       0x28 CMakeFiles/firmware.dir/Users/m6t6ng6/.pico-sdk/sdk/2.1.1/src/rp2_common/pico_double/double_aeabi_dcp.S.o
                0x10001a80                __wrap___aeabi_dcmpgt
 .text.__wrap_malloc
                0x10001aa0       0x24 CMakeFiles/firmware.dir/Users/m6t6ng6/.pico-sdk/sdk/2.1.1/src/rp2_common/pico_malloc/malloc.c.o
                0x10001aa0                __wrap_malloc
 .text.__wrap_free
                0x10001ac4        0x4 CMakeFiles/firmware.dir/Users/m6t6ng6/.pico-sdk/sdk/2.1.1/src/rp2_common/pico_malloc/malloc.c.o
                0x10001ac4                __wrap_free
 .text._out_null
                0x10001ac8        0x4 CMakeFiles/firmware.dir/Users/m6t6ng6/.pico-sdk/sdk/2.1.1/src/rp2_common/pico_printf/printf.c.o
 .text._out_rev
                0x10001acc       0x9c CMakeFiles/firmware.dir/Users/m6t6ng6/.pico-sdk/sdk/2.1.1/src/rp2_common/pico_printf/printf.c.o
 .text._ntoa_format
                0x10001b68      0x1d4 CMakeFiles/firmware.dir/Users/m6t6ng6/.pico-sdk/sdk/2.1.1/src/rp2_common/pico_printf/printf.c.o
 .text._out_char
                0x10001d3c        0x8 CMakeFiles/firmware.dir/Users/m6t6ng6/.pico-sdk/sdk/2.1.1/src/rp2_common/pico_printf/printf.c.o
 .text._out_fct
                0x10001d44        0xc CMakeFiles/firmware.dir/Users/m6t6ng6/.pico-sdk/sdk/2.1.1/src/rp2_common/pico_printf/printf.c.o
 .text._ftoa    0x10001d50      0x4bc CMakeFiles/firmware.dir/Users/m6t6ng6/.pico-sdk/sdk/2.1.1/src/rp2_common/pico_printf/printf.c.o
 *fill*         0x1000220c        0x4 
 .text._etoa    0x10002210      0x574 CMakeFiles/firmware.dir/Users/m6t6ng6/.pico-sdk/sdk/2.1.1/src/rp2_common/pico_printf/printf.c.o
 .text._vsnprintf
                0x10002784      0x9e4 CMakeFiles/firmware.dir/Users/m6t6ng6/.pico-sdk/sdk/2.1.1/src/rp2_common/pico_printf/printf.c.o
 .text.vfctprintf
                0x10003168       0x28 CMakeFiles/firmware.dir/Users/m6t6ng6/.pico-sdk/sdk/2.1.1/src/rp2_common/pico_printf/printf.c.o
                0x10003168                vfctprintf
 .text.weak_raw_vprintf
                0x10003190       0x30 CMakeFiles/firmware.dir/Users/m6t6ng6/.pico-sdk/sdk/2.1.1/src/rp2_common/pico_printf/printf.c.o
                0x10003190                weak_raw_vprintf
 .text._exit    0x100031c0        0x4 CMakeFiles/firmware.dir/Users/m6t6ng6/.pico-sdk/sdk/2.1.1/src/rp2_common/pico_clib_interface/newlib_interface.c.o
                0x100031c0                _exit
 .text._sbrk    0x100031c4       0x2c CMakeFiles/firmware.dir/Users/m6t6ng6/.pico-sdk/sdk/2.1.1/src/rp2_common/pico_clib_interface/newlib_interface.c.o
                0x100031c4                _sbrk
 .text.exit     0x100031f0        0x8 CMakeFiles/firmware.dir/Users/m6t6ng6/.pico-sdk/sdk/2.1.1/src/rp2_common/pico_clib_interface/newlib_interface.c.o
                0x100031f0                exit
 .text.runtime_init
                0x100031f8       0x24 CMakeFiles/firmware.dir/Users/m6t6ng6/.pico-sdk/sdk/2.1.1/src/rp2_common/pico_clib_interface/newlib_interface.c.o
                0x100031f8                runtime_init
 .text.stdio_out_chars_no_crlf
                0x1000321c        0x8 CMakeFiles/firmware.dir/Users/m6t6ng6/.pico-sdk/sdk/2.1.1/src/rp2_common/pico_stdio/stdio.c.o
 .text.stdio_out_chars_crlf
                0x10003224       0xb0 CMakeFiles/firmware.dir/Users/m6t6ng6/.pico-sdk/sdk/2.1.1/src/rp2_common/pico_stdio/stdio.c.o
 .text.stdio_buffered_printer
                0x100032d4       0x60 CMakeFiles/firmware.dir/Users/m6t6ng6/.pico-sdk/sdk/2.1.1/src/rp2_common/pico_stdio/stdio.c.o
 .text.stdio_put_string
                0x10003334       0xec CMakeFiles/firmware.dir/Users/m6t6ng6/.pico-sdk/sdk/2.1.1/src/rp2_common/pico_stdio/stdio.c.o
                0x10003334                stdio_put_string
 .text.stdio_set_driver_enabled
                0x10003420       0x28 CMakeFiles/firmware.dir/Users/m6t6ng6/.pico-sdk/sdk/2.1.1/src/rp2_common/pico_stdio/stdio.c.o
                0x10003420                stdio_set_driver_enabled
 .text.stdio_init_all
                0x10003448        0x4 CMakeFiles/firmware.dir/Users/m6t6ng6/.pico-sdk/sdk/2.1.1/src/rp2_common/pico_stdio/stdio.c.o
                0x10003448                stdio_init_all
 .text.__wrap_putchar
                0x1000344c       0x84 CMakeFiles/firmware.dir/Users/m6t6ng6/.pico-sdk/sdk/2.1.1/src/rp2_common/pico_stdio/stdio.c.o
                0x1000344c                stdio_putchar
                0x1000344c                __wrap_putchar
 .text.__wrap_puts
                0x100034d0       0x3c CMakeFiles/firmware.dir/Users/m6t6ng6/.pico-sdk/sdk/2.1.1/src/rp2_common/pico_stdio/stdio.c.o
                0x100034d0                __wrap_puts
                0x100034d0                stdio_puts
 .text.__wrap_vprintf
                0x1000350c       0xc4 CMakeFiles/firmware.dir/Users/m6t6ng6/.pico-sdk/sdk/2.1.1/src/rp2_common/pico_stdio/stdio.c.o
                0x1000350c                __wrap_vprintf
                0x1000350c                stdio_vprintf
 .text.__wrap_printf
                0x100035d0       0x1c CMakeFiles/firmware.dir/Users/m6t6ng6/.pico-sdk/sdk/2.1.1/src/rp2_common/pico_stdio/stdio.c.o
                0x100035d0                stdio_printf
                0x100035d0                __wrap_printf
 .text.resetd_init
                0x100035ec        0x4 CMakeFiles/firmware.dir/Users/m6t6ng6/.pico-sdk/sdk/2.1.1/src/rp2_common/pico_stdio_usb/reset_interface.c.o
 .text.resetd_reset
                0x100035f0        0xc CMakeFiles/firmware.dir/Users/m6t6ng6/.pico-sdk/sdk/2.1.1/src/rp2_common/pico_stdio_usb/reset_interface.c.o
 .text.resetd_open
                0x100035fc       0x28 CMakeFiles/firmware.dir/Users/m6t6ng6/.pico-sdk/sdk/2.1.1/src/rp2_common/pico_stdio_usb/reset_interface.c.o
 .text.resetd_xfer_cb
                0x10003624        0x4 CMakeFiles/firmware.dir/Users/m6t6ng6/.pico-sdk/sdk/2.1.1/src/rp2_common/pico_stdio_usb/reset_interface.c.o
 .text.resetd_control_xfer_cb
                0x10003628       0x50 CMakeFiles/firmware.dir/Users/m6t6ng6/.pico-sdk/sdk/2.1.1/src/rp2_common/pico_stdio_usb/reset_interface.c.o
 .text.tud_descriptor_bos_cb
                0x10003678        0x8 CMakeFiles/firmware.dir/Users/m6t6ng6/.pico-sdk/sdk/2.1.1/src/rp2_common/pico_stdio_usb/reset_interface.c.o
                0x10003678                tud_descriptor_bos_cb
 .text.tud_vendor_control_xfer_cb
                0x10003680       0x28 CMakeFiles/firmware.dir/Users/m6t6ng6/.pico-sdk/sdk/2.1.1/src/rp2_common/pico_stdio_usb/reset_interface.c.o
                0x10003680                tud_vendor_control_xfer_cb
 .text.usbd_app_driver_get_cb
                0x100036a8       0x10 CMakeFiles/firmware.dir/Users/m6t6ng6/.pico-sdk/sdk/2.1.1/src/rp2_common/pico_stdio_usb/reset_interface.c.o
                0x100036a8                usbd_app_driver_get_cb
 .text.tud_cdc_line_coding_cb
                0x100036b8       0x18 CMakeFiles/firmware.dir/Users/m6t6ng6/.pico-sdk/sdk/2.1.1/src/rp2_common/pico_stdio_usb/reset_interface.c.o
                0x100036b8                tud_cdc_line_coding_cb
 .text.stdio_usb_set_chars_available_callback
                0x100036d0       0x14 CMakeFiles/firmware.dir/Users/m6t6ng6/.pico-sdk/sdk/2.1.1/src/rp2_common/pico_stdio_usb/stdio_usb.c.o
                0x100036d0                stdio_usb_set_chars_available_callback
 .text.timer_task
                0x100036e4       0x70 CMakeFiles/firmware.dir/Users/m6t6ng6/.pico-sdk/sdk/2.1.1/src/rp2_common/pico_stdio_usb/stdio_usb.c.o
 .text.usb_irq  0x10003754        0xc CMakeFiles/firmware.dir/Users/m6t6ng6/.pico-sdk/sdk/2.1.1/src/rp2_common/pico_stdio_usb/stdio_usb.c.o
 .text.stdio_usb_in_chars
                0x10003760       0x88 CMakeFiles/firmware.dir/Users/m6t6ng6/.pico-sdk/sdk/2.1.1/src/rp2_common/pico_stdio_usb/stdio_usb.c.o
                0x10003760                stdio_usb_in_chars
 .text.stdio_usb_out_flush
                0x100037e8       0x54 CMakeFiles/firmware.dir/Users/m6t6ng6/.pico-sdk/sdk/2.1.1/src/rp2_common/pico_stdio_usb/stdio_usb.c.o
 .text.stdio_usb_out_chars
                0x1000383c       0xf4 CMakeFiles/firmware.dir/Users/m6t6ng6/.pico-sdk/sdk/2.1.1/src/rp2_common/pico_stdio_usb/stdio_usb.c.o
 .text.low_priority_worker_irq
                0x10003930       0xd8 CMakeFiles/firmware.dir/Users/m6t6ng6/.pico-sdk/sdk/2.1.1/src/rp2_common/pico_stdio_usb/stdio_usb.c.o
 .text.stdio_usb_init
                0x10003a08       0xe8 CMakeFiles/firmware.dir/Users/m6t6ng6/.pico-sdk/sdk/2.1.1/src/rp2_common/pico_stdio_usb/stdio_usb.c.o
                0x10003a08                stdio_usb_init
 .text.tud_descriptor_device_cb
                0x10003af0        0x8 CMakeFiles/firmware.dir/Users/m6t6ng6/.pico-sdk/sdk/2.1.1/src/rp2_common/pico_stdio_usb/stdio_usb_descriptors.c.o
                0x10003af0                tud_descriptor_device_cb
 .text.tud_descriptor_configuration_cb
                0x10003af8        0x8 CMakeFiles/firmware.dir/Users/m6t6ng6/.pico-sdk/sdk/2.1.1/src/rp2_common/pico_stdio_usb/stdio_usb_descriptors.c.o
                0x10003af8                tud_descriptor_configuration_cb
 .text.tud_descriptor_string_cb
                0x10003b00       0x70 CMakeFiles/firmware.dir/Users/m6t6ng6/.pico-sdk/sdk/2.1.1/src/rp2_common/pico_stdio_usb/stdio_usb_descriptors.c.o
                0x10003b00                tud_descriptor_string_cb
 .text.startup._retrieve_unique_id_on_boot
                0x10003b70       0x30 CMakeFiles/firmware.dir/Users/m6t6ng6/.pico-sdk/sdk/2.1.1/src/rp2_common/pico_unique_id/unique_id.c.o
 .text.pico_get_unique_board_id_string
                0x10003ba0      0x184 CMakeFiles/firmware.dir/Users/m6t6ng6/.pico-sdk/sdk/2.1.1/src/rp2_common/pico_unique_id/unique_id.c.o
                0x10003ba0                pico_get_unique_board_id_string
 .text.dcd_init
                0x10003d24       0x8c CMakeFiles/firmware.dir/Users/m6t6ng6/.pico-sdk/sdk/2.1.1/lib/tinyusb/src/portable/raspberrypi/rp2040/dcd_rp2040.c.o
                0x10003d24                dcd_init
 .text.dcd_int_enable
                0x10003db0        0x8 CMakeFiles/firmware.dir/Users/m6t6ng6/.pico-sdk/sdk/2.1.1/lib/tinyusb/src/portable/raspberrypi/rp2040/dcd_rp2040.c.o
                0x10003db0                dcd_int_enable
 .text.dcd_set_address
                0x10003db8       0x10 CMakeFiles/firmware.dir/Users/m6t6ng6/.pico-sdk/sdk/2.1.1/lib/tinyusb/src/portable/raspberrypi/rp2040/dcd_rp2040.c.o
                0x10003db8                dcd_set_address
 .text.dcd_sof_enable
                0x10003dc8       0x1c CMakeFiles/firmware.dir/Users/m6t6ng6/.pico-sdk/sdk/2.1.1/lib/tinyusb/src/portable/raspberrypi/rp2040/dcd_rp2040.c.o
                0x10003dc8                dcd_sof_enable
 .text.dcd_edpt0_status_complete
                0x10003de4       0x1c CMakeFiles/firmware.dir/Users/m6t6ng6/.pico-sdk/sdk/2.1.1/lib/tinyusb/src/portable/raspberrypi/rp2040/dcd_rp2040.c.o
                0x10003de4                dcd_edpt0_status_complete
 .text.dcd_edpt_open
                0x10003e00      0x104 CMakeFiles/firmware.dir/Users/m6t6ng6/.pico-sdk/sdk/2.1.1/lib/tinyusb/src/portable/raspberrypi/rp2040/dcd_rp2040.c.o
                0x10003e00                dcd_edpt_open
 .text.dcd_edpt_close_all
                0x10003f04        0x4 CMakeFiles/firmware.dir/Users/m6t6ng6/.pico-sdk/sdk/2.1.1/lib/tinyusb/src/portable/raspberrypi/rp2040/dcd_rp2040.c.o
                0x10003f04                dcd_edpt_close_all
 .text.dcd_edpt_xfer
                0x10003f08       0x28 CMakeFiles/firmware.dir/Users/m6t6ng6/.pico-sdk/sdk/2.1.1/lib/tinyusb/src/portable/raspberrypi/rp2040/dcd_rp2040.c.o
                0x10003f08                dcd_edpt_xfer
 .text.dcd_edpt_stall
                0x10003f30       0x30 CMakeFiles/firmware.dir/Users/m6t6ng6/.pico-sdk/sdk/2.1.1/lib/tinyusb/src/portable/raspberrypi/rp2040/dcd_rp2040.c.o
                0x10003f30                dcd_edpt_stall
 .text.dcd_edpt_clear_stall
                0x10003f60       0x24 CMakeFiles/firmware.dir/Users/m6t6ng6/.pico-sdk/sdk/2.1.1/lib/tinyusb/src/portable/raspberrypi/rp2040/dcd_rp2040.c.o
                0x10003f60                dcd_edpt_clear_stall
 .text.rp2040_usb_init
                0x10003f84       0x40 CMakeFiles/firmware.dir/Users/m6t6ng6/.pico-sdk/sdk/2.1.1/lib/tinyusb/src/portable/raspberrypi/rp2040/rp2040_usb.c.o
                0x10003f84                rp2040_usb_init
 .text.hw_endpoint_xfer_start
                0x10003fc4       0x40 CMakeFiles/firmware.dir/Users/m6t6ng6/.pico-sdk/sdk/2.1.1/lib/tinyusb/src/portable/raspberrypi/rp2040/rp2040_usb.c.o
                0x10003fc4                hw_endpoint_xfer_start
 .text.configuration_reset
                0x10004004       0x8c CMakeFiles/firmware.dir/Users/m6t6ng6/.pico-sdk/sdk/2.1.1/lib/tinyusb/src/device/usbd.c.o
 .text.tud_event_hook_cb
                0x10004090        0x4 CMakeFiles/firmware.dir/Users/m6t6ng6/.pico-sdk/sdk/2.1.1/lib/tinyusb/src/device/usbd.c.o
                0x10004090                tud_event_hook_cb
 .text.tud_sof_cb
                0x10004094        0x4 CMakeFiles/firmware.dir/Users/m6t6ng6/.pico-sdk/sdk/2.1.1/lib/tinyusb/src/device/usbd.c.o
                0x10004094                tud_sof_cb
 .text.tud_descriptor_device_qualifier_cb
                0x10004098        0x4 CMakeFiles/firmware.dir/Users/m6t6ng6/.pico-sdk/sdk/2.1.1/lib/tinyusb/src/device/usbd.c.o
                0x10004098                tud_descriptor_device_qualifier_cb
 .text.tud_descriptor_other_speed_configuration_cb
                0x1000409c        0x4 CMakeFiles/firmware.dir/Users/m6t6ng6/.pico-sdk/sdk/2.1.1/lib/tinyusb/src/device/usbd.c.o
                0x1000409c                tud_descriptor_other_speed_configuration_cb
 .text.tud_mount_cb
                0x100040a0        0x4 CMakeFiles/firmware.dir/Users/m6t6ng6/.pico-sdk/sdk/2.1.1/lib/tinyusb/src/device/usbd.c.o
                0x100040a0                tud_mount_cb
 .text.tud_umount_cb
                0x100040a4        0x4 CMakeFiles/firmware.dir/Users/m6t6ng6/.pico-sdk/sdk/2.1.1/lib/tinyusb/src/device/usbd.c.o
                0x100040a4                tud_umount_cb
 .text.tud_suspend_cb
                0x100040a8        0x4 CMakeFiles/firmware.dir/Users/m6t6ng6/.pico-sdk/sdk/2.1.1/lib/tinyusb/src/device/usbd.c.o
                0x100040a8                tud_suspend_cb
 .text.tud_resume_cb
                0x100040ac        0x4 CMakeFiles/firmware.dir/Users/m6t6ng6/.pico-sdk/sdk/2.1.1/lib/tinyusb/src/device/usbd.c.o
                0x100040ac                tud_resume_cb
 .text.tud_mounted
                0x100040b0       0x10 CMakeFiles/firmware.dir/Users/m6t6ng6/.pico-sdk/sdk/2.1.1/lib/tinyusb/src/device/usbd.c.o
                0x100040b0                tud_mounted
 .text.tud_suspended
                0x100040c0       0x10 CMakeFiles/firmware.dir/Users/m6t6ng6/.pico-sdk/sdk/2.1.1/lib/tinyusb/src/device/usbd.c.o
                0x100040c0                tud_suspended
 .text.tud_rhport_init
                0x100040d0       0xf4 CMakeFiles/firmware.dir/Users/m6t6ng6/.pico-sdk/sdk/2.1.1/lib/tinyusb/src/device/usbd.c.o
                0x100040d0                tud_rhport_init
 .text.tud_task_ext
                0x100041c4      0x784 CMakeFiles/firmware.dir/Users/m6t6ng6/.pico-sdk/sdk/2.1.1/lib/tinyusb/src/device/usbd.c.o
                0x100041c4                tud_task_ext
 .text.usbd_open_edpt_pair
                0x10004948       0x9c CMakeFiles/firmware.dir/Users/m6t6ng6/.pico-sdk/sdk/2.1.1/lib/tinyusb/src/device/usbd.c.o
                0x10004948                usbd_open_edpt_pair
 .text.usbd_edpt_open
                0x100049e4       0x44 CMakeFiles/firmware.dir/Users/m6t6ng6/.pico-sdk/sdk/2.1.1/lib/tinyusb/src/device/usbd.c.o
                0x100049e4                usbd_edpt_open
 .text.usbd_edpt_claim
                0x10004a28       0x24 CMakeFiles/firmware.dir/Users/m6t6ng6/.pico-sdk/sdk/2.1.1/lib/tinyusb/src/device/usbd.c.o
                0x10004a28                usbd_edpt_claim
 .text.usbd_edpt_release
                0x10004a4c       0x24 CMakeFiles/firmware.dir/Users/m6t6ng6/.pico-sdk/sdk/2.1.1/lib/tinyusb/src/device/usbd.c.o
                0x10004a4c                usbd_edpt_release
 .text.usbd_edpt_xfer
                0x10004a70       0x70 CMakeFiles/firmware.dir/Users/m6t6ng6/.pico-sdk/sdk/2.1.1/lib/tinyusb/src/device/usbd.c.o
                0x10004a70                usbd_edpt_xfer
 .text.tud_control_status
                0x10004ae0       0x34 CMakeFiles/firmware.dir/Users/m6t6ng6/.pico-sdk/sdk/2.1.1/lib/tinyusb/src/device/usbd_control.c.o
                0x10004ae0                tud_control_status
 .text.tud_control_xfer
                0x10004b14       0xb0 CMakeFiles/firmware.dir/Users/m6t6ng6/.pico-sdk/sdk/2.1.1/lib/tinyusb/src/device/usbd_control.c.o
                0x10004b14                tud_control_xfer
 .text.usbd_control_reset
                0x10004bc4       0x14 CMakeFiles/firmware.dir/Users/m6t6ng6/.pico-sdk/sdk/2.1.1/lib/tinyusb/src/device/usbd_control.c.o
                0x10004bc4                usbd_control_reset
 .text.usbd_control_set_complete_callback
                0x10004bd8        0xc CMakeFiles/firmware.dir/Users/m6t6ng6/.pico-sdk/sdk/2.1.1/lib/tinyusb/src/device/usbd_control.c.o
                0x10004bd8                usbd_control_set_complete_callback
 .text.usbd_control_set_request
                0x10004be4       0x1c CMakeFiles/firmware.dir/Users/m6t6ng6/.pico-sdk/sdk/2.1.1/lib/tinyusb/src/device/usbd_control.c.o
                0x10004be4                usbd_control_set_request
 .text.usbd_control_xfer_cb
                0x10004c00      0x100 CMakeFiles/firmware.dir/Users/m6t6ng6/.pico-sdk/sdk/2.1.1/lib/tinyusb/src/device/usbd_control.c.o
                0x10004c00                usbd_control_xfer_cb
 .text._prep_out_transaction.isra.0
                0x10004d00       0x74 CMakeFiles/firmware.dir/Users/m6t6ng6/.pico-sdk/sdk/2.1.1/lib/tinyusb/src/class/cdc/cdc_device.c.o
 .text.tud_cdc_n_connected
                0x10004d74       0x2c CMakeFiles/firmware.dir/Users/m6t6ng6/.pico-sdk/sdk/2.1.1/lib/tinyusb/src/class/cdc/cdc_device.c.o
                0x10004d74                tud_cdc_n_connected
 .text.tud_cdc_n_available
                0x10004da0       0x14 CMakeFiles/firmware.dir/Users/m6t6ng6/.pico-sdk/sdk/2.1.1/lib/tinyusb/src/class/cdc/cdc_device.c.o
                0x10004da0                tud_cdc_n_available
 .text.tud_cdc_n_read
                0x10004db4       0x90 CMakeFiles/firmware.dir/Users/m6t6ng6/.pico-sdk/sdk/2.1.1/lib/tinyusb/src/class/cdc/cdc_device.c.o
                0x10004db4                tud_cdc_n_read
 .text.tud_cdc_n_write_flush
                0x10004e44       0x8c CMakeFiles/firmware.dir/Users/m6t6ng6/.pico-sdk/sdk/2.1.1/lib/tinyusb/src/class/cdc/cdc_device.c.o
                0x10004e44                tud_cdc_n_write_flush
 .text.tud_cdc_n_write
                0x10004ed0       0x40 CMakeFiles/firmware.dir/Users/m6t6ng6/.pico-sdk/sdk/2.1.1/lib/tinyusb/src/class/cdc/cdc_device.c.o
                0x10004ed0                tud_cdc_n_write
 .text.tud_cdc_n_write_available
                0x10004f10       0x14 CMakeFiles/firmware.dir/Users/m6t6ng6/.pico-sdk/sdk/2.1.1/lib/tinyusb/src/class/cdc/cdc_device.c.o
                0x10004f10                tud_cdc_n_write_available
 .text.cdcd_init
                0x10004f24       0x70 CMakeFiles/firmware.dir/Users/m6t6ng6/.pico-sdk/sdk/2.1.1/lib/tinyusb/src/class/cdc/cdc_device.c.o
                0x10004f24                cdcd_init
 .text.cdcd_deinit
                0x10004f94       0x30 CMakeFiles/firmware.dir/Users/m6t6ng6/.pico-sdk/sdk/2.1.1/lib/tinyusb/src/class/cdc/cdc_device.c.o
                0x10004f94                cdcd_deinit
 .text.cdcd_reset
                0x10004fc4       0x4c CMakeFiles/firmware.dir/Users/m6t6ng6/.pico-sdk/sdk/2.1.1/lib/tinyusb/src/class/cdc/cdc_device.c.o
                0x10004fc4                cdcd_reset
 .text.cdcd_open
                0x10005010       0xc0 CMakeFiles/firmware.dir/Users/m6t6ng6/.pico-sdk/sdk/2.1.1/lib/tinyusb/src/class/cdc/cdc_device.c.o
                0x10005010                cdcd_open
 .text.cdcd_control_xfer_cb
                0x100050d0       0xc0 CMakeFiles/firmware.dir/Users/m6t6ng6/.pico-sdk/sdk/2.1.1/lib/tinyusb/src/class/cdc/cdc_device.c.o
                0x100050d0                cdcd_control_xfer_cb
 .text.cdcd_xfer_cb
                0x10005190       0xf8 CMakeFiles/firmware.dir/Users/m6t6ng6/.pico-sdk/sdk/2.1.1/lib/tinyusb/src/class/cdc/cdc_device.c.o
                0x10005190                cdcd_xfer_cb
 .text.vendord_init
                0x10005288       0x5c CMakeFiles/firmware.dir/Users/m6t6ng6/.pico-sdk/sdk/2.1.1/lib/tinyusb/src/class/vendor/vendor_device.c.o
                0x10005288                vendord_init
 .text.vendord_deinit
                0x100052e4       0x1c CMakeFiles/firmware.dir/Users/m6t6ng6/.pico-sdk/sdk/2.1.1/lib/tinyusb/src/class/vendor/vendor_device.c.o
                0x100052e4                vendord_deinit
 .text.vendord_reset
                0x10005300       0x24 CMakeFiles/firmware.dir/Users/m6t6ng6/.pico-sdk/sdk/2.1.1/lib/tinyusb/src/class/vendor/vendor_device.c.o
                0x10005300                vendord_reset
 .text.vendord_open
                0x10005324       0xf4 CMakeFiles/firmware.dir/Users/m6t6ng6/.pico-sdk/sdk/2.1.1/lib/tinyusb/src/class/vendor/vendor_device.c.o
                0x10005324                vendord_open
 .text.vendord_xfer_cb
                0x10005418       0x88 CMakeFiles/firmware.dir/Users/m6t6ng6/.pico-sdk/sdk/2.1.1/lib/tinyusb/src/class/vendor/vendor_device.c.o
                0x10005418                vendord_xfer_cb
 .text.tusb_rhport_init
                0x100054a0       0x64 CMakeFiles/firmware.dir/Users/m6t6ng6/.pico-sdk/sdk/2.1.1/lib/tinyusb/src/tusb.c.o
                0x100054a0                tusb_rhport_init
 .text.tu_edpt_claim
                0x10005504       0x54 CMakeFiles/firmware.dir/Users/m6t6ng6/.pico-sdk/sdk/2.1.1/lib/tinyusb/src/tusb.c.o
                0x10005504                tu_edpt_claim
 .text.tu_edpt_release
                0x10005558       0x38 CMakeFiles/firmware.dir/Users/m6t6ng6/.pico-sdk/sdk/2.1.1/lib/tinyusb/src/tusb.c.o
                0x10005558                tu_edpt_release
 .text.tu_edpt_validate
                0x10005590       0x60 CMakeFiles/firmware.dir/Users/m6t6ng6/.pico-sdk/sdk/2.1.1/lib/tinyusb/src/tusb.c.o
                0x10005590                tu_edpt_validate
 .text.tu_edpt_bind_driver
                0x100055f0       0x58 CMakeFiles/firmware.dir/Users/m6t6ng6/.pico-sdk/sdk/2.1.1/lib/tinyusb/src/tusb.c.o
                0x100055f0                tu_edpt_bind_driver
 .text.tu_edpt_stream_init
                0x10005648       0x58 CMakeFiles/firmware.dir/Users/m6t6ng6/.pico-sdk/sdk/2.1.1/lib/tinyusb/src/tusb.c.o
                0x10005648                tu_edpt_stream_init
 .text.tu_edpt_stream_deinit
                0x100056a0        0x4 CMakeFiles/firmware.dir/Users/m6t6ng6/.pico-sdk/sdk/2.1.1/lib/tinyusb/src/tusb.c.o
                0x100056a0                tu_edpt_stream_deinit
 .text.tu_edpt_stream_write_zlp_if_needed
                0x100056a4       0x68 CMakeFiles/firmware.dir/Users/m6t6ng6/.pico-sdk/sdk/2.1.1/lib/tinyusb/src/tusb.c.o
                0x100056a4                tu_edpt_stream_write_zlp_if_needed
 .text.tu_edpt_stream_write_xfer
                0x1000570c       0x70 CMakeFiles/firmware.dir/Users/m6t6ng6/.pico-sdk/sdk/2.1.1/lib/tinyusb/src/tusb.c.o
                0x1000570c                tu_edpt_stream_write_xfer
 .text.tu_edpt_stream_read_xfer
                0x1000577c       0xc8 CMakeFiles/firmware.dir/Users/m6t6ng6/.pico-sdk/sdk/2.1.1/lib/tinyusb/src/tusb.c.o
                0x1000577c                tu_edpt_stream_read_xfer
 .text.tu_fifo_config
                0x10005844       0x60 CMakeFiles/firmware.dir/Users/m6t6ng6/.pico-sdk/sdk/2.1.1/lib/tinyusb/src/common/tusb_fifo.c.o
                0x10005844                tu_fifo_config
 .text.tu_fifo_count
                0x100058a4       0x20 CMakeFiles/firmware.dir/Users/m6t6ng6/.pico-sdk/sdk/2.1.1/lib/tinyusb/src/common/tusb_fifo.c.o
                0x100058a4                tu_fifo_count
 .text.tu_fifo_empty
                0x100058c4       0x14 CMakeFiles/firmware.dir/Users/m6t6ng6/.pico-sdk/sdk/2.1.1/lib/tinyusb/src/common/tusb_fifo.c.o
                0x100058c4                tu_fifo_empty
 .text.tu_fifo_remaining
                0x100058d8       0x24 CMakeFiles/firmware.dir/Users/m6t6ng6/.pico-sdk/sdk/2.1.1/lib/tinyusb/src/common/tusb_fifo.c.o
                0x100058d8                tu_fifo_remaining
 .text.tu_fifo_read
                0x100058fc       0x94 CMakeFiles/firmware.dir/Users/m6t6ng6/.pico-sdk/sdk/2.1.1/lib/tinyusb/src/common/tusb_fifo.c.o
                0x100058fc                tu_fifo_read
 .text.tu_fifo_read_n
                0x10005990       0xd8 CMakeFiles/firmware.dir/Users/m6t6ng6/.pico-sdk/sdk/2.1.1/lib/tinyusb/src/common/tusb_fifo.c.o
                0x10005990                tu_fifo_read_n
 .text.tu_fifo_write
                0x10005a68       0xa4 CMakeFiles/firmware.dir/Users/m6t6ng6/.pico-sdk/sdk/2.1.1/lib/tinyusb/src/common/tusb_fifo.c.o
                0x10005a68                tu_fifo_write
 .text.tu_fifo_write_n
                0x10005b0c      0x15c CMakeFiles/firmware.dir/Users/m6t6ng6/.pico-sdk/sdk/2.1.1/lib/tinyusb/src/common/tusb_fifo.c.o
                0x10005b0c                tu_fifo_write_n
 .text.tu_fifo_clear
                0x10005c68       0x38 CMakeFiles/firmware.dir/Users/m6t6ng6/.pico-sdk/sdk/2.1.1/lib/tinyusb/src/common/tusb_fifo.c.o
                0x10005c68                tu_fifo_clear
 .text.tu_fifo_set_overwritable
                0x10005ca0       0x3c CMakeFiles/firmware.dir/Users/m6t6ng6/.pico-sdk/sdk/2.1.1/lib/tinyusb/src/common/tusb_fifo.c.o
                0x10005ca0                tu_fifo_set_overwritable
 .text.exception_set_exclusive_handler
                0x10005cdc       0x4c CMakeFiles/firmware.dir/Users/m6t6ng6/.pico-sdk/sdk/2.1.1/src/rp2_common/hardware_exception/exception.c.o
                0x10005cdc                exception_set_exclusive_handler
 .text.adc_init
                0x10005d28       0x30 CMakeFiles/firmware.dir/Users/m6t6ng6/.pico-sdk/sdk/2.1.1/src/rp2_common/hardware_adc/adc.c.o
                0x10005d28                adc_init
 .text.dma_claim_unused_channel
                0x10005d58       0x20 CMakeFiles/firmware.dir/Users/m6t6ng6/.pico-sdk/sdk/2.1.1/src/rp2_common/hardware_dma/dma.c.o
                0x10005d58                dma_claim_unused_channel
 .text.prvCopyDataToQueue
                0x10005d78       0x78 /Users/m6t6ng6/Documents/TD3_VM/repo/3_trabajos_practicos/tp2/firmware/freertos/libfreertos.a(queue.c.o)
 .text.xQueueGenericCreate
                0x10005df0       0x78 /Users/m6t6ng6/Documents/TD3_VM/repo/3_trabajos_practicos/tp2/firmware/freertos/libfreertos.a(queue.c.o)
                0x10005df0                xQueueGenericCreate
 .text.xQueueGenericSendFromISR
                0x10005e68       0x88 /Users/m6t6ng6/Documents/TD3_VM/repo/3_trabajos_practicos/tp2/firmware/freertos/libfreertos.a(queue.c.o)
                0x10005e68                xQueueGenericSendFromISR
 .text.xQueueReceive
                0x10005ef0      0x288 /Users/m6t6ng6/Documents/TD3_VM/repo/3_trabajos_practicos/tp2/firmware/freertos/libfreertos.a(queue.c.o)
                0x10005ef0                xQueueReceive
 .text.vQueueAddToRegistry
                0x10006178      0x180 /Users/m6t6ng6/Documents/TD3_VM/repo/3_trabajos_practicos/tp2/firmware/freertos/libfreertos.a(queue.c.o)
                0x10006178                vQueueAddToRegistry
 .text.vQueueWaitForMessageRestricted
                0x100062f8       0xc8 /Users/m6t6ng6/Documents/TD3_VM/repo/3_trabajos_practicos/tp2/firmware/freertos/libfreertos.a(queue.c.o)
                0x100062f8                vQueueWaitForMessageRestricted
 .text.prvAddNewTaskToReadyList
                0x100063c0      0x118 /Users/m6t6ng6/Documents/TD3_VM/repo/3_trabajos_practicos/tp2/firmware/freertos/libfreertos.a(tasks.c.o)
 .text.prvIdleTask
                0x100064d8       0x5c /Users/m6t6ng6/Documents/TD3_VM/repo/3_trabajos_practicos/tp2/firmware/freertos/libfreertos.a(tasks.c.o)
 .text.xTaskIncrementTick.part.0
                0x10006534      0x15c /Users/m6t6ng6/Documents/TD3_VM/repo/3_trabajos_practicos/tp2/firmware/freertos/libfreertos.a(tasks.c.o)
 .text.xTaskCreate
                0x10006690      0x104 /Users/m6t6ng6/Documents/TD3_VM/repo/3_trabajos_practicos/tp2/firmware/freertos/libfreertos.a(tasks.c.o)
                0x10006690                xTaskCreate
 .text.vTaskStartScheduler
                0x10006794       0xc0 /Users/m6t6ng6/Documents/TD3_VM/repo/3_trabajos_practicos/tp2/firmware/freertos/libfreertos.a(tasks.c.o)
                0x10006794                vTaskStartScheduler
 .text.vTaskSuspendAll
                0x10006854       0x10 /Users/m6t6ng6/Documents/TD3_VM/repo/3_trabajos_practicos/tp2/firmware/freertos/libfreertos.a(tasks.c.o)
                0x10006854                vTaskSuspendAll
 .text.xTaskResumeAll
                0x10006864      0x180 /Users/m6t6ng6/Documents/TD3_VM/repo/3_trabajos_practicos/tp2/firmware/freertos/libfreertos.a(tasks.c.o)
                0x10006864                xTaskResumeAll
 .text.vTaskDelay
                0x100069e4       0x84 /Users/m6t6ng6/Documents/TD3_VM/repo/3_trabajos_practicos/tp2/firmware/freertos/libfreertos.a(tasks.c.o)
                0x100069e4                vTaskDelay
 .text.xTaskGetTickCount
                0x10006a68        0xc /Users/m6t6ng6/Documents/TD3_VM/repo/3_trabajos_practicos/tp2/firmware/freertos/libfreertos.a(tasks.c.o)
                0x10006a68                xTaskGetTickCount
 .text.uxTaskGetNumberOfTasks
                0x10006a74        0xc /Users/m6t6ng6/Documents/TD3_VM/repo/3_trabajos_practicos/tp2/firmware/freertos/libfreertos.a(tasks.c.o)
                0x10006a74                uxTaskGetNumberOfTasks
 .text.xTaskIncrementTick
                0x10006a80       0x20 /Users/m6t6ng6/Documents/TD3_VM/repo/3_trabajos_practicos/tp2/firmware/freertos/libfreertos.a(tasks.c.o)
                0x10006a80                xTaskIncrementTick
 .text.vTaskSwitchContext
                0x10006aa0       0xa4 /Users/m6t6ng6/Documents/TD3_VM/repo/3_trabajos_practicos/tp2/firmware/freertos/libfreertos.a(tasks.c.o)
                0x10006aa0                vTaskSwitchContext
 .text.vTaskPlaceOnEventList
                0x10006b44       0x98 /Users/m6t6ng6/Documents/TD3_VM/repo/3_trabajos_practicos/tp2/firmware/freertos/libfreertos.a(tasks.c.o)
                0x10006b44                vTaskPlaceOnEventList
 .text.vTaskPlaceOnEventListRestricted
                0x10006bdc       0xcc /Users/m6t6ng6/Documents/TD3_VM/repo/3_trabajos_practicos/tp2/firmware/freertos/libfreertos.a(tasks.c.o)
                0x10006bdc                vTaskPlaceOnEventListRestricted
 .text.xTaskRemoveFromEventList
                0x10006ca8       0xd0 /Users/m6t6ng6/Documents/TD3_VM/repo/3_trabajos_practicos/tp2/firmware/freertos/libfreertos.a(tasks.c.o)
                0x10006ca8                xTaskRemoveFromEventList
 .text.vTaskInternalSetTimeOutState
                0x10006d78       0x18 /Users/m6t6ng6/Documents/TD3_VM/repo/3_trabajos_practicos/tp2/firmware/freertos/libfreertos.a(tasks.c.o)
                0x10006d78                vTaskInternalSetTimeOutState
 .text.xTaskCheckForTimeOut
                0x10006d90       0x60 /Users/m6t6ng6/Documents/TD3_VM/repo/3_trabajos_practicos/tp2/firmware/freertos/libfreertos.a(tasks.c.o)
                0x10006d90                xTaskCheckForTimeOut
 .text.vTaskMissedYield
                0x10006df0        0xc /Users/m6t6ng6/Documents/TD3_VM/repo/3_trabajos_practicos/tp2/firmware/freertos/libfreertos.a(tasks.c.o)
                0x10006df0                vTaskMissedYield
 .text.xTaskPriorityDisinherit
                0x10006dfc       0x6c /Users/m6t6ng6/Documents/TD3_VM/repo/3_trabajos_practicos/tp2/firmware/freertos/libfreertos.a(tasks.c.o)
                0x10006dfc                xTaskPriorityDisinherit
 .text.prvTimerTask
                0x10006e68      0x350 /Users/m6t6ng6/Documents/TD3_VM/repo/3_trabajos_practicos/tp2/firmware/freertos/libfreertos.a(timers.c.o)
 .text.xTimerCreateTimerTask
                0x100071b8       0x84 /Users/m6t6ng6/Documents/TD3_VM/repo/3_trabajos_practicos/tp2/firmware/freertos/libfreertos.a(timers.c.o)
                0x100071b8                xTimerCreateTimerTask
 .text.pvPortMalloc
                0x1000723c       0x18 /Users/m6t6ng6/Documents/TD3_VM/repo/3_trabajos_practicos/tp2/firmware/freertos/libfreertos.a(heap_3.c.o)
                0x1000723c                pvPortMalloc
 .text.vPortFree
                0x10007254       0x1c /Users/m6t6ng6/Documents/TD3_VM/repo/3_trabajos_practicos/tp2/firmware/freertos/libfreertos.a(heap_3.c.o)
                0x10007254                vPortFree
 .text.prvTaskExitError
                0x10007270       0x18 /Users/m6t6ng6/Documents/TD3_VM/repo/3_trabajos_practicos/tp2/firmware/freertos/libfreertos.a(port.c.o)
 .text.isr_systick
                0x10007288       0x24 /Users/m6t6ng6/Documents/TD3_VM/repo/3_trabajos_practicos/tp2/firmware/freertos/libfreertos.a(port.c.o)
                0x10007288                isr_systick
 .text.vPortSetupTimerInterrupt
                0x100072ac       0x2c /Users/m6t6ng6/Documents/TD3_VM/repo/3_trabajos_practicos/tp2/firmware/freertos/libfreertos.a(port.c.o)
                0x100072ac                vPortSetupTimerInterrupt
 .text.vPortYield
                0x100072d8       0x18 /Users/m6t6ng6/Documents/TD3_VM/repo/3_trabajos_practicos/tp2/firmware/freertos/libfreertos.a(port.c.o)
                0x100072d8                vPortYield
 .text.vPortEnterCritical
                0x100072f0       0x1c /Users/m6t6ng6/Documents/TD3_VM/repo/3_trabajos_practicos/tp2/firmware/freertos/libfreertos.a(port.c.o)
                0x100072f0                vPortEnterCritical
 .text.vPortExitCritical
                0x1000730c       0x18 /Users/m6t6ng6/Documents/TD3_VM/repo/3_trabajos_practicos/tp2/firmware/freertos/libfreertos.a(port.c.o)
                0x1000730c                vPortExitCritical
 .text.vPortSVCHandler_C
                0x10007324       0x2c /Users/m6t6ng6/Documents/TD3_VM/repo/3_trabajos_practicos/tp2/firmware/freertos/libfreertos.a(port.c.o)
                0x10007324                vPortSVCHandler_C
 .text.pxPortInitialiseStack
                0x10007350       0x78 /Users/m6t6ng6/Documents/TD3_VM/repo/3_trabajos_practicos/tp2/firmware/freertos/libfreertos.a(port.c.o)
                0x10007350                pxPortInitialiseStack
 .text.xPortStartScheduler
                0x100073c8       0xdc /Users/m6t6ng6/Documents/TD3_VM/repo/3_trabajos_practicos/tp2/firmware/freertos/libfreertos.a(port.c.o)
                0x100073c8                xPortStartScheduler
 .text.vPortValidateInterruptPriority
                0x100074a4       0x14 /Users/m6t6ng6/Documents/TD3_VM/repo/3_trabajos_practicos/tp2/firmware/freertos/libfreertos.a(port.c.o)
                0x100074a4                vPortValidateInterruptPriority
 .text.startup.prvRuntimeInitializer
                0x100074b8       0x24 /Users/m6t6ng6/Documents/TD3_VM/repo/3_trabajos_practicos/tp2/firmware/freertos/libfreertos.a(port.c.o)
 .text.vRestoreContextOfFirstTask
                0x100074dc       0x2c /Users/m6t6ng6/Documents/TD3_VM/repo/3_trabajos_practicos/tp2/firmware/freertos/libfreertos.a(portasm.c.o)
                0x100074dc                vRestoreContextOfFirstTask
 .text.vStartFirstTask
                0x10007508       0x10 /Users/m6t6ng6/Documents/TD3_VM/repo/3_trabajos_practicos/tp2/firmware/freertos/libfreertos.a(portasm.c.o)
                0x10007508                vStartFirstTask
 .text.ulSetInterruptMask
                0x10007518       0x18 /Users/m6t6ng6/Documents/TD3_VM/repo/3_trabajos_practicos/tp2/firmware/freertos/libfreertos.a(portasm.c.o)
                0x10007518                ulSetInterruptMask
 .text.vClearInterruptMask
                0x10007530       0x10 /Users/m6t6ng6/Documents/TD3_VM/repo/3_trabajos_practicos/tp2/firmware/freertos/libfreertos.a(portasm.c.o)
                0x10007530                vClearInterruptMask
 .text.isr_pendsv
                0x10007540       0x80 /Users/m6t6ng6/Documents/TD3_VM/repo/3_trabajos_practicos/tp2/firmware/freertos/libfreertos.a(portasm.c.o)
                0x10007540                isr_pendsv
 .text.isr_svcall
                0x100075c0       0x18 /Users/m6t6ng6/Documents/TD3_VM/repo/3_trabajos_practicos/tp2/firmware/freertos/libfreertos.a(portasm.c.o)
                0x100075c0                isr_svcall
 .text.xEventGroupCreate
                0x100075d8       0x1c /Users/m6t6ng6/Documents/TD3_VM/repo/3_trabajos_practicos/tp2/firmware/freertos/libfreertos.a(event_groups.c.o)
                0x100075d8                xEventGroupCreate
 .text.vListInitialise
                0x100075f4       0x18 /Users/m6t6ng6/Documents/TD3_VM/repo/3_trabajos_practicos/tp2/firmware/freertos/libfreertos.a(list.c.o)
                0x100075f4                vListInitialise
 .text.vListInitialiseItem
                0x1000760c        0x8 /Users/m6t6ng6/Documents/TD3_VM/repo/3_trabajos_practicos/tp2/firmware/freertos/libfreertos.a(list.c.o)
                0x1000760c                vListInitialiseItem
 .text.vListInsert
                0x10007614       0x30 /Users/m6t6ng6/Documents/TD3_VM/repo/3_trabajos_practicos/tp2/firmware/freertos/libfreertos.a(list.c.o)
                0x10007614                vListInsert
 .text.uxListRemove
                0x10007644       0x28 /Users/m6t6ng6/Documents/TD3_VM/repo/3_trabajos_practicos/tp2/firmware/freertos/libfreertos.a(list.c.o)
                0x10007644                uxListRemove
 .text.malloc   0x1000766c       0x10 /Users/m6t6ng6/.pico-sdk/toolchain/14_2_Rel1/bin/../lib/gcc/arm-none-eabi/14.2.1/../../../../arm-none-eabi/lib/thumb/v8-m.main+fp/softfp/libg.a(libc_a-malloc.o)
                0x1000766c                malloc
 .text.free     0x1000767c       0x10 /Users/m6t6ng6/.pico-sdk/toolchain/14_2_Rel1/bin/../lib/gcc/arm-none-eabi/14.2.1/../../../../arm-none-eabi/lib/thumb/v8-m.main+fp/softfp/libg.a(libc_a-malloc.o)
                0x1000767c                free
 .text._malloc_r
                0x1000768c      0x578 /Users/m6t6ng6/.pico-sdk/toolchain/14_2_Rel1/bin/../lib/gcc/arm-none-eabi/14.2.1/../../../../arm-none-eabi/lib/thumb/v8-m.main+fp/softfp/libg.a(libc_a-mallocr.o)
                0x1000768c                _malloc_r
 .text.__malloc_lock
                0x10007c04        0xc /Users/m6t6ng6/.pico-sdk/toolchain/14_2_Rel1/bin/../lib/gcc/arm-none-eabi/14.2.1/../../../../arm-none-eabi/lib/thumb/v8-m.main+fp/softfp/libg.a(libc_a-mlock.o)
                0x10007c04                __malloc_lock
 .text.__malloc_unlock
                0x10007c10        0xc /Users/m6t6ng6/.pico-sdk/toolchain/14_2_Rel1/bin/../lib/gcc/arm-none-eabi/14.2.1/../../../../arm-none-eabi/lib/thumb/v8-m.main+fp/softfp/libg.a(libc_a-mlock.o)
                0x10007c10                __malloc_unlock
 .text.memset   0x10007c1c       0x9c /Users/m6t6ng6/.pico-sdk/toolchain/14_2_Rel1/bin/../lib/gcc/arm-none-eabi/14.2.1/../../../../arm-none-eabi/lib/thumb/v8-m.main+fp/softfp/libg.a(libc_a-memset.o)
                0x10007c1c                memset
 .text._sbrk_r  0x10007cb8       0x24 /Users/m6t6ng6/.pico-sdk/toolchain/14_2_Rel1/bin/../lib/gcc/arm-none-eabi/14.2.1/../../../../arm-none-eabi/lib/thumb/v8-m.main+fp/softfp/libg.a(libc_a-sbrkr.o)
                0x10007cb8                _sbrk_r
 .text.__errno  0x10007cdc        0xc /Users/m6t6ng6/.pico-sdk/toolchain/14_2_Rel1/bin/../lib/gcc/arm-none-eabi/14.2.1/../../../../arm-none-eabi/lib/thumb/v8-m.main+fp/softfp/libg.a(libc_a-errno.o)
                0x10007cdc                __errno
 .text.sysconf  0x10007ce8       0x1c /Users/m6t6ng6/.pico-sdk/toolchain/14_2_Rel1/bin/../lib/gcc/arm-none-eabi/14.2.1/../../../../arm-none-eabi/lib/thumb/v8-m.main+fp/softfp/libg.a(libc_a-sysconf.o)
                0x10007ce8                sysconf
 .text.__retarget_lock_acquire_recursive
                0x10007d04        0x4 /Users/m6t6ng6/.pico-sdk/toolchain/14_2_Rel1/bin/../lib/gcc/arm-none-eabi/14.2.1/../../../../arm-none-eabi/lib/thumb/v8-m.main+fp/softfp/libg.a(libc_a-lock.o)
                0x10007d04                __retarget_lock_acquire_recursive
 .text.__retarget_lock_release_recursive
                0x10007d08        0x4 /Users/m6t6ng6/.pico-sdk/toolchain/14_2_Rel1/bin/../lib/gcc/arm-none-eabi/14.2.1/../../../../arm-none-eabi/lib/thumb/v8-m.main+fp/softfp/libg.a(libc_a-lock.o)
                0x10007d08                __retarget_lock_release_recursive
 .text          0x10007d0c       0xec /Users/m6t6ng6/.pico-sdk/toolchain/14_2_Rel1/bin/../lib/gcc/arm-none-eabi/14.2.1/../../../../arm-none-eabi/lib/thumb/v8-m.main+fp/softfp/libg.a(libc_a-memcpy.o)
                0x10007d0c                memcpy
 .text.strlen   0x10007df8       0x5c /Users/m6t6ng6/.pico-sdk/toolchain/14_2_Rel1/bin/../lib/gcc/arm-none-eabi/14.2.1/../../../../arm-none-eabi/lib/thumb/v8-m.main+fp/softfp/libg.a(libc_a-strlen-stub.o)
                0x10007df8                strlen
 .text._malloc_trim_r
                0x10007e54       0xb8 /Users/m6t6ng6/.pico-sdk/toolchain/14_2_Rel1/bin/../lib/gcc/arm-none-eabi/14.2.1/../../../../arm-none-eabi/lib/thumb/v8-m.main+fp/softfp/libg.a(libc_a-freer.o)
                0x10007e54                _malloc_trim_r
 .text._free_r  0x10007f0c      0x1e8 /Users/m6t6ng6/.pico-sdk/toolchain/14_2_Rel1/bin/../lib/gcc/arm-none-eabi/14.2.1/../../../../arm-none-eabi/lib/thumb/v8-m.main+fp/softfp/libg.a(libc_a-freer.o)
                0x10007f0c                _free_r
 *(.fini)
 .fini          0x100080f4        0x4 /Users/m6t6ng6/.pico-sdk/toolchain/14_2_Rel1/bin/../lib/gcc/arm-none-eabi/14.2.1/thumb/v8-m.main+fp/softfp/crti.o
                0x100080f4                _fini
 .fini.__stub   0x100080f8       0x58 linker stubs
 *crtbegin.o(.ctors)
 *crtbegin?.o(.ctors)
 *(EXCLUDE_FILE(*crtend.o *crtend?.o) .ctors)
 *(SORT_BY_NAME(.ctors.*))
 *(.ctors)
 *crtbegin.o(.dtors)
 *crtbegin?.o(.dtors)
 *(EXCLUDE_FILE(*crtend.o *crtend?.o) .dtors)
 *(SORT_BY_NAME(.dtors.*))
 *(.dtors)
                0x10008150                        . = ALIGN (0x4)
                0x10008150                        PROVIDE (__preinit_array_start = .)
 *(SORT_BY_NAME(.preinit_array.*))
 .preinit_array.00050
                0x10008150        0x4 CMakeFiles/firmware.dir/Users/m6t6ng6/.pico-sdk/sdk/2.1.1/src/rp2_common/pico_runtime_init/runtime_init.c.o
                0x10008150                __pre_init_runtime_init_bootrom_reset
 .preinit_array.00100
                0x10008154        0x4 CMakeFiles/firmware.dir/Users/m6t6ng6/.pico-sdk/sdk/2.1.1/src/rp2_common/pico_runtime_init/runtime_init.c.o
                0x10008154                __pre_init_runtime_init_early_resets
 .preinit_array.00101
                0x10008158        0x4 CMakeFiles/firmware.dir/Users/m6t6ng6/.pico-sdk/sdk/2.1.1/src/rp2_common/pico_runtime_init/runtime_init.c.o
                0x10008158                __pre_init_runtime_init_usb_power_down
 .preinit_array.00500
                0x1000815c        0x4 CMakeFiles/firmware.dir/Users/m6t6ng6/.pico-sdk/sdk/2.1.1/src/rp2_common/pico_runtime_init/runtime_init.c.o
                0x1000815c                __pre_init_runtime_init_clocks
 .preinit_array.00600
                0x10008160        0x4 CMakeFiles/firmware.dir/Users/m6t6ng6/.pico-sdk/sdk/2.1.1/src/rp2_common/pico_runtime_init/runtime_init.c.o
                0x10008160                __pre_init_runtime_init_post_clock_resets
 .preinit_array.01000
                0x10008164        0x4 CMakeFiles/firmware.dir/Users/m6t6ng6/.pico-sdk/sdk/2.1.1/src/rp2_common/hardware_boot_lock/boot_lock.c.o
                0x10008164                __pre_init_runtime_init_boot_locks_reset
 .preinit_array.01000
                0x10008168        0x4 CMakeFiles/firmware.dir/Users/m6t6ng6/.pico-sdk/sdk/2.1.1/src/rp2_common/pico_runtime_init/runtime_init.c.o
                0x10008168                __pre_init_runtime_init_spin_locks_reset
 .preinit_array.01010
                0x1000816c        0x4 CMakeFiles/firmware.dir/Users/m6t6ng6/.pico-sdk/sdk/2.1.1/src/rp2_common/pico_bootrom/bootrom_lock.c.o
                0x1000816c                __pre_init_runtime_init_bootrom_locking_enable
 .preinit_array.01100
                0x10008170        0x4 CMakeFiles/firmware.dir/Users/m6t6ng6/.pico-sdk/sdk/2.1.1/src/common/pico_sync/mutex.c.o
                0x10008170                __pre_init_runtime_init_mutex
 .preinit_array.10080
                0x10008174        0x4 CMakeFiles/firmware.dir/Users/m6t6ng6/.pico-sdk/sdk/2.1.1/src/rp2_common/pico_runtime_init/runtime_init.c.o
                0x10008174                __pre_init_runtime_init_install_ram_vector_table
 .preinit_array.11000
                0x10008178        0x4 CMakeFiles/firmware.dir/Users/m6t6ng6/.pico-sdk/sdk/2.1.1/src/common/pico_time/time.c.o
                0x10008178                __pre_init_runtime_init_default_alarm_pool
 .preinit_array.YYYYY
                0x1000817c        0x4 CMakeFiles/firmware.dir/Users/m6t6ng6/.pico-sdk/sdk/2.1.1/src/rp2_common/pico_runtime/runtime.c.o
                0x1000817c                __pre_init_first_per_core_initializer
 .preinit_array.ZZZZZ.00051
                0x10008180        0x4 CMakeFiles/firmware.dir/Users/m6t6ng6/.pico-sdk/sdk/2.1.1/src/rp2_common/pico_runtime_init/runtime_init.c.o
                0x10008180                __pre_init_runtime_init_per_core_bootrom_reset
 .preinit_array.ZZZZZ.00200
                0x10008184        0x4 CMakeFiles/firmware.dir/Users/m6t6ng6/.pico-sdk/sdk/2.1.1/src/rp2_common/pico_runtime_init/runtime_init.c.o
                0x10008184                __pre_init_runtime_init_per_core_enable_coprocessors
 .preinit_array.ZZZZZ.01000
                0x10008188        0x4 CMakeFiles/firmware.dir/Users/m6t6ng6/.pico-sdk/sdk/2.1.1/src/rp2_common/hardware_sync_spin_lock/sync_spin_lock.c.o
                0x10008188                __pre_init_spinlock_set_extexclall
 .preinit_array.ZZZZZ.01200
                0x1000818c        0x4 CMakeFiles/firmware.dir/Users/m6t6ng6/.pico-sdk/sdk/2.1.1/src/rp2_common/hardware_irq/irq.c.o
                0x1000818c                __pre_init_runtime_init_per_core_irq_priorities
 *(.preinit_array)
                0x10008190                        PROVIDE (__preinit_array_end = .)
                0x10008190                        . = ALIGN (0x4)
                0x10008190                        PROVIDE (__init_array_start = .)
 *(SORT_BY_NAME(.init_array.*))
 *(.init_array)
 .init_array    0x10008190        0x4 /Users/m6t6ng6/.pico-sdk/toolchain/14_2_Rel1/bin/../lib/gcc/arm-none-eabi/14.2.1/thumb/v8-m.main+fp/softfp/crtbegin.o
 .init_array    0x10008194        0x4 CMakeFiles/firmware.dir/Users/m6t6ng6/.pico-sdk/sdk/2.1.1/src/rp2_common/pico_unique_id/unique_id.c.o
 .init_array    0x10008198        0x4 /Users/m6t6ng6/Documents/TD3_VM/repo/3_trabajos_practicos/tp2/firmware/freertos/libfreertos.a(port.c.o)
                0x1000819c                        PROVIDE (__init_array_end = .)
                0x1000819c                        . = ALIGN (0x4)
                [!provide]                        PROVIDE (__fini_array_start = .)
 *(SORT_BY_NAME(.fini_array.*))
 *(.fini_array)
                [!provide]                        PROVIDE (__fini_array_end = .)
 *(.eh_frame*)
 .eh_frame      0x1000819c        0x0 /Users/m6t6ng6/.pico-sdk/toolchain/14_2_Rel1/bin/../lib/gcc/arm-none-eabi/14.2.1/thumb/v8-m.main+fp/softfp/crtbegin.o
                0x1000819c                        . = ALIGN (0x4)

.glue_7         0x1000819c        0x0
 .glue_7        0x1000819c        0x0 linker stubs

.glue_7t        0x1000819c        0x0
 .glue_7t       0x1000819c        0x0 linker stubs

.vfp11_veneer   0x1000819c        0x0
 .vfp11_veneer  0x1000819c        0x0 linker stubs

.v4_bx          0x1000819c        0x0
 .v4_bx         0x1000819c        0x0 linker stubs

.iplt           0x1000819c        0x0
 .iplt          0x1000819c        0x0 /Users/m6t6ng6/.pico-sdk/toolchain/14_2_Rel1/bin/../lib/gcc/arm-none-eabi/14.2.1/thumb/v8-m.main+fp/softfp/crtbegin.o

.boot2          0x1000819c        0x0
                0x1000819c                        __boot2_start__ = .
 *(.boot2)
                0x1000819c                        __boot2_end__ = .
                0x00000001                        ASSERT (((__boot2_end__ - __boot2_start__) <= 0x100), ERROR: Pico second stage bootloader must be no more than 256 bytes in size)

.rodata         0x100081a0      0x478
 *(EXCLUDE_FILE(*libm.a: *libc.a:*lib_a-mem*.o *libgcc.a:) .rodata*)
 .rodata.vTaskMuestraTemp.str1.4
                0x100081a0      0x208 CMakeFiles/firmware.dir/firmware.c.o
                                 0x21 (size before relaxing)
 .rodata.main.str1.4
                0x100083a8       0x30 CMakeFiles/firmware.dir/firmware.c.o
 .rodata.panic.str1.4
                0x100083a8       0x12 CMakeFiles/firmware.dir/Users/m6t6ng6/.pico-sdk/sdk/2.1.1/src/rp2_common/pico_platform_panic/panic.c.o
 .rodata.spin_lock_claim_unused.str1.4
                0x100083a8       0x1b CMakeFiles/firmware.dir/Users/m6t6ng6/.pico-sdk/sdk/2.1.1/src/rp2_common/hardware_sync/sync.c.o
 .rodata.user_irq_claim_unused.str1.4
                0x100083a8       0x1b CMakeFiles/firmware.dir/Users/m6t6ng6/.pico-sdk/sdk/2.1.1/src/rp2_common/hardware_irq/irq.c.o
 .rodata.timer_hardware_alarm_claim.str1.4
                0x100083a8       0x22 CMakeFiles/firmware.dir/Users/m6t6ng6/.pico-sdk/sdk/2.1.1/src/rp2_common/hardware_timer/timer.c.o
 .rodata.hard_assertion_failure.str1.4
                0x100083a8        0xc CMakeFiles/firmware.dir/Users/m6t6ng6/.pico-sdk/sdk/2.1.1/src/rp2_common/pico_runtime/runtime.c.o
 .rodata.__wrap_malloc.str1.4
                0x100083a8        0xe CMakeFiles/firmware.dir/Users/m6t6ng6/.pico-sdk/sdk/2.1.1/src/rp2_common/pico_malloc/malloc.c.o
 .rodata.str1.4
                0x100083a8       0x44 CMakeFiles/firmware.dir/Users/m6t6ng6/.pico-sdk/sdk/2.1.1/src/rp2_common/pico_standard_binary_info/standard_binary_info.c.o
 .rodata.__bi_84
                0x100083a8        0xc CMakeFiles/firmware.dir/Users/m6t6ng6/.pico-sdk/sdk/2.1.1/src/rp2_common/pico_standard_binary_info/standard_binary_info.c.o
 .rodata.__bi_78
                0x100083b4        0xc CMakeFiles/firmware.dir/Users/m6t6ng6/.pico-sdk/sdk/2.1.1/src/rp2_common/pico_standard_binary_info/standard_binary_info.c.o
 .rodata.__bi_60
                0x100083c0        0xc CMakeFiles/firmware.dir/Users/m6t6ng6/.pico-sdk/sdk/2.1.1/src/rp2_common/pico_standard_binary_info/standard_binary_info.c.o
 .rodata.__bi_54
                0x100083cc        0xc CMakeFiles/firmware.dir/Users/m6t6ng6/.pico-sdk/sdk/2.1.1/src/rp2_common/pico_standard_binary_info/standard_binary_info.c.o
 .rodata.__bi_48
                0x100083d8        0xc CMakeFiles/firmware.dir/Users/m6t6ng6/.pico-sdk/sdk/2.1.1/src/rp2_common/pico_standard_binary_info/standard_binary_info.c.o
 .rodata.__bi_42
                0x100083e4        0xc CMakeFiles/firmware.dir/Users/m6t6ng6/.pico-sdk/sdk/2.1.1/src/rp2_common/pico_standard_binary_info/standard_binary_info.c.o
 .rodata.__bi_34
                0x100083f0        0xc CMakeFiles/firmware.dir/Users/m6t6ng6/.pico-sdk/sdk/2.1.1/src/rp2_common/pico_standard_binary_info/standard_binary_info.c.o
 .rodata.__bi_26
                0x100083fc        0xc CMakeFiles/firmware.dir/Users/m6t6ng6/.pico-sdk/sdk/2.1.1/src/rp2_common/pico_standard_binary_info/standard_binary_info.c.o
 .rodata._ftoa.str1.4
                0x10008408       0x15 CMakeFiles/firmware.dir/Users/m6t6ng6/.pico-sdk/sdk/2.1.1/src/rp2_common/pico_printf/printf.c.o
 .rodata.pow10.0
                0x10008408       0x50 CMakeFiles/firmware.dir/Users/m6t6ng6/.pico-sdk/sdk/2.1.1/src/rp2_common/pico_printf/printf.c.o
 .rodata.crlf_str.0
                0x10008458        0x2 CMakeFiles/firmware.dir/Users/m6t6ng6/.pico-sdk/sdk/2.1.1/src/rp2_common/pico_stdio/stdio.c.o
 *fill*         0x1000845a        0x2 
 .rodata._resetd_driver
                0x1000845c       0x20 CMakeFiles/firmware.dir/Users/m6t6ng6/.pico-sdk/sdk/2.1.1/src/rp2_common/pico_stdio_usb/reset_interface.c.o
 .rodata.desc_ms_os_20
                0x1000847c       0xa6 CMakeFiles/firmware.dir/Users/m6t6ng6/.pico-sdk/sdk/2.1.1/src/rp2_common/pico_stdio_usb/reset_interface.c.o
 *fill*         0x10008522        0x2 
 .rodata.desc_bos
                0x10008524       0x21 CMakeFiles/firmware.dir/Users/m6t6ng6/.pico-sdk/sdk/2.1.1/src/rp2_common/pico_stdio_usb/reset_interface.c.o
                0x10008524                desc_bos
 .rodata.str1.4
                0x10008545       0x13 CMakeFiles/firmware.dir/Users/m6t6ng6/.pico-sdk/sdk/2.1.1/src/rp2_common/pico_stdio_usb/stdio_usb.c.o
 *fill*         0x10008545        0x3 
 .rodata.__bi_197.0
                0x10008548        0xc CMakeFiles/firmware.dir/Users/m6t6ng6/.pico-sdk/sdk/2.1.1/src/rp2_common/pico_stdio_usb/stdio_usb.c.o
 .rodata.str1.4
                0x10008554       0x2a CMakeFiles/firmware.dir/Users/m6t6ng6/.pico-sdk/sdk/2.1.1/src/rp2_common/pico_stdio_usb/stdio_usb_descriptors.c.o
 .rodata.usbd_desc_str
                0x10008554       0x18 CMakeFiles/firmware.dir/Users/m6t6ng6/.pico-sdk/sdk/2.1.1/src/rp2_common/pico_stdio_usb/stdio_usb_descriptors.c.o
 .rodata.usbd_desc_cfg
                0x1000856c       0x54 CMakeFiles/firmware.dir/Users/m6t6ng6/.pico-sdk/sdk/2.1.1/src/rp2_common/pico_stdio_usb/stdio_usb_descriptors.c.o
 .rodata.usbd_desc_device
                0x100085c0       0x12 CMakeFiles/firmware.dir/Users/m6t6ng6/.pico-sdk/sdk/2.1.1/src/rp2_common/pico_stdio_usb/stdio_usb_descriptors.c.o
 .rodata.str1.4
                0x100085d2       0x14 CMakeFiles/firmware.dir/Users/m6t6ng6/.pico-sdk/sdk/2.1.1/lib/tinyusb/src/portable/raspberrypi/rp2040/dcd_rp2040.c.o
 .rodata.str1.4
                0x100085d2       0x48 CMakeFiles/firmware.dir/Users/m6t6ng6/.pico-sdk/sdk/2.1.1/lib/tinyusb/src/portable/raspberrypi/rp2040/rp2040_usb.c.o
 *fill*         0x100085d2        0x2 
 .rodata._usbd_driver
                0x100085d4       0x40 CMakeFiles/firmware.dir/Users/m6t6ng6/.pico-sdk/sdk/2.1.1/lib/tinyusb/src/device/usbd.c.o
 .rodata.dma_claim_unused_channel.str1.4
                0x10008614       0x1e CMakeFiles/firmware.dir/Users/m6t6ng6/.pico-sdk/sdk/2.1.1/src/rp2_common/hardware_dma/dma.c.o
 .rodata.uxTopUsedPriority
                0x10008614        0x4 /Users/m6t6ng6/Documents/TD3_VM/repo/3_trabajos_practicos/tp2/firmware/freertos/libfreertos.a(tasks.c.o)
 .rodata.xTimerCreateTimerTask.str1.4
                0x10008618       0x10 /Users/m6t6ng6/Documents/TD3_VM/repo/3_trabajos_practicos/tp2/firmware/freertos/libfreertos.a(timers.c.o)
 *(.srodata*)
                0x10008634                        . = ALIGN (0x4)
 *(SORT_BY_ALIGNMENT(SORT_BY_NAME(.flashdata*)))
                0x10008634                        . = ALIGN (0x4)

.ARM.extab
 *(.ARM.extab* .gnu.linkonce.armextab.*)
                0x10008618                        __exidx_start = .

.ARM.exidx      0x10008618        0x8
 *(.ARM.exidx* .gnu.linkonce.armexidx.*)
 .ARM.exidx     0x10008618        0x8 /Users/m6t6ng6/.pico-sdk/toolchain/14_2_Rel1/bin/../lib/gcc/arm-none-eabi/14.2.1/../../../../arm-none-eabi/lib/thumb/v8-m.main+fp/softfp/libg.a(libc_a-memcpy.o)
 .ARM.exidx.text.__udivmoddi4
                0x10008620        0x0 /Users/m6t6ng6/.pico-sdk/toolchain/14_2_Rel1/bin/../lib/gcc/arm-none-eabi/14.2.1/thumb/v8-m.main+fp/softfp/libgcc.a(_udivmoddi4.o)
                                  0x8 (size before relaxing)
                0x10008620                        __exidx_end = .
                0x10008620                        . = ALIGN (0x4)
                0x10008620                        __binary_info_start = .

.binary_info    0x10008620       0x24
 *(.binary_info.keep.*)
 .binary_info.keep.__bi_ptr84
                0x10008620        0x4 CMakeFiles/firmware.dir/Users/m6t6ng6/.pico-sdk/sdk/2.1.1/src/rp2_common/pico_standard_binary_info/standard_binary_info.c.o
 .binary_info.keep.__bi_ptr78
                0x10008624        0x4 CMakeFiles/firmware.dir/Users/m6t6ng6/.pico-sdk/sdk/2.1.1/src/rp2_common/pico_standard_binary_info/standard_binary_info.c.o
 .binary_info.keep.__bi_ptr60
                0x10008628        0x4 CMakeFiles/firmware.dir/Users/m6t6ng6/.pico-sdk/sdk/2.1.1/src/rp2_common/pico_standard_binary_info/standard_binary_info.c.o
 .binary_info.keep.__bi_ptr54
                0x1000862c        0x4 CMakeFiles/firmware.dir/Users/m6t6ng6/.pico-sdk/sdk/2.1.1/src/rp2_common/pico_standard_binary_info/standard_binary_info.c.o
 .binary_info.keep.__bi_ptr48
                0x10008630        0x4 CMakeFiles/firmware.dir/Users/m6t6ng6/.pico-sdk/sdk/2.1.1/src/rp2_common/pico_standard_binary_info/standard_binary_info.c.o
 .binary_info.keep.__bi_ptr42
                0x10008634        0x4 CMakeFiles/firmware.dir/Users/m6t6ng6/.pico-sdk/sdk/2.1.1/src/rp2_common/pico_standard_binary_info/standard_binary_info.c.o
 .binary_info.keep.__bi_ptr34
                0x10008638        0x4 CMakeFiles/firmware.dir/Users/m6t6ng6/.pico-sdk/sdk/2.1.1/src/rp2_common/pico_standard_binary_info/standard_binary_info.c.o
 .binary_info.keep.__bi_ptr26
                0x1000863c        0x4 CMakeFiles/firmware.dir/Users/m6t6ng6/.pico-sdk/sdk/2.1.1/src/rp2_common/pico_standard_binary_info/standard_binary_info.c.o
 *(.binary_info.*)
 .binary_info.__bi_ptr197
                0x10008640        0x4 CMakeFiles/firmware.dir/Users/m6t6ng6/.pico-sdk/sdk/2.1.1/src/rp2_common/pico_stdio_usb/stdio_usb.c.o
                0x10008644                        __binary_info_end = .
                0x10008644                        . = ALIGN (0x4)

.ram_vector_table
                0x20000000      0x110
 *(.ram_vector_table)
 .ram_vector_table
                0x20000000      0x110 CMakeFiles/firmware.dir/Users/m6t6ng6/.pico-sdk/sdk/2.1.1/src/rp2_common/pico_runtime_init/runtime_init.c.o
                0x20000000                ram_vector_table

.uninitialized_data
                0x20000110        0x0
                0x20000110                        . = ALIGN (0x4)
 *(.uninitialized_data*)

.data           0x20000110     0x19e8 load address 0x10008644
                0x20000110                        __data_start__ = .
 *(vtable)
 *(.time_critical*)
 .time_critical.mutex_try_enter
                0x20000110       0x50 CMakeFiles/firmware.dir/Users/m6t6ng6/.pico-sdk/sdk/2.1.1/src/common/pico_sync/mutex.c.o
                0x20000110                mutex_try_enter
 .time_critical.mutex_enter_block_until
                0x20000160       0x6c CMakeFiles/firmware.dir/Users/m6t6ng6/.pico-sdk/sdk/2.1.1/src/common/pico_sync/mutex.c.o
                0x20000160                mutex_enter_block_until
 .time_critical.mutex_try_enter_block_until
                0x200001cc       0x68 CMakeFiles/firmware.dir/Users/m6t6ng6/.pico-sdk/sdk/2.1.1/src/common/pico_sync/mutex.c.o
                0x200001cc                mutex_try_enter_block_until
 .time_critical.mutex_enter_timeout_ms
                0x20000234       0x38 CMakeFiles/firmware.dir/Users/m6t6ng6/.pico-sdk/sdk/2.1.1/src/common/pico_sync/mutex.c.o
                0x20000234                mutex_enter_timeout_ms
 .time_critical.mutex_exit
                0x2000026c       0x3c CMakeFiles/firmware.dir/Users/m6t6ng6/.pico-sdk/sdk/2.1.1/src/common/pico_sync/mutex.c.o
                0x2000026c                mutex_exit
 .time_critical.reset_non_control_endpoints
                0x200002a8       0x64 CMakeFiles/firmware.dir/Users/m6t6ng6/.pico-sdk/sdk/2.1.1/lib/tinyusb/src/portable/raspberrypi/rp2040/dcd_rp2040.c.o
 .time_critical.hw_handle_buff_status
                0x2000030c       0x90 CMakeFiles/firmware.dir/Users/m6t6ng6/.pico-sdk/sdk/2.1.1/lib/tinyusb/src/portable/raspberrypi/rp2040/dcd_rp2040.c.o
 .time_critical.dcd_rp2040_irq
                0x2000039c      0x530 CMakeFiles/firmware.dir/Users/m6t6ng6/.pico-sdk/sdk/2.1.1/lib/tinyusb/src/portable/raspberrypi/rp2040/dcd_rp2040.c.o
 .time_critical.prepare_ep_buffer
                0x200008cc       0xc0 CMakeFiles/firmware.dir/Users/m6t6ng6/.pico-sdk/sdk/2.1.1/lib/tinyusb/src/portable/raspberrypi/rp2040/rp2040_usb.c.o
 .time_critical.sync_ep_buffer
                0x2000098c       0xb4 CMakeFiles/firmware.dir/Users/m6t6ng6/.pico-sdk/sdk/2.1.1/lib/tinyusb/src/portable/raspberrypi/rp2040/rp2040_usb.c.o
 .time_critical._hw_endpoint_xfer_sync
                0x20000a40       0x2c CMakeFiles/firmware.dir/Users/m6t6ng6/.pico-sdk/sdk/2.1.1/lib/tinyusb/src/portable/raspberrypi/rp2040/rp2040_usb.c.o
 .time_critical.e15_is_bulkin_ep
                0x20000a6c       0x28 CMakeFiles/firmware.dir/Users/m6t6ng6/.pico-sdk/sdk/2.1.1/lib/tinyusb/src/portable/raspberrypi/rp2040/rp2040_usb.c.o
 .time_critical.e15_is_critical_frame_period
                0x20000a94       0x28 CMakeFiles/firmware.dir/Users/m6t6ng6/.pico-sdk/sdk/2.1.1/lib/tinyusb/src/portable/raspberrypi/rp2040/rp2040_usb.c.o
 .time_critical.hw_endpoint_reset_transfer
                0x20000abc        0xc CMakeFiles/firmware.dir/Users/m6t6ng6/.pico-sdk/sdk/2.1.1/lib/tinyusb/src/portable/raspberrypi/rp2040/rp2040_usb.c.o
                0x20000abc                hw_endpoint_reset_transfer
 .time_critical._hw_endpoint_buffer_control_update32
                0x20000ac8       0x44 CMakeFiles/firmware.dir/Users/m6t6ng6/.pico-sdk/sdk/2.1.1/lib/tinyusb/src/portable/raspberrypi/rp2040/rp2040_usb.c.o
                0x20000ac8                _hw_endpoint_buffer_control_update32
 .time_critical.hw_endpoint_start_next_buffer
                0x20000b0c       0x64 CMakeFiles/firmware.dir/Users/m6t6ng6/.pico-sdk/sdk/2.1.1/lib/tinyusb/src/portable/raspberrypi/rp2040/rp2040_usb.c.o
                0x20000b0c                hw_endpoint_start_next_buffer
 .time_critical.hw_endpoint_xfer_continue
                0x20000b70       0x3c CMakeFiles/firmware.dir/Users/m6t6ng6/.pico-sdk/sdk/2.1.1/lib/tinyusb/src/portable/raspberrypi/rp2040/rp2040_usb.c.o
                0x20000b70                hw_endpoint_xfer_continue
 .time_critical.tinyusb
                0x20000bac      0x224 CMakeFiles/firmware.dir/Users/m6t6ng6/.pico-sdk/sdk/2.1.1/lib/tinyusb/src/device/usbd.c.o
                0x20000bac                dcd_event_handler
 *(.text*)
 .text          0x20000dd0      0x378 /Users/m6t6ng6/.pico-sdk/toolchain/14_2_Rel1/bin/../lib/gcc/arm-none-eabi/14.2.1/thumb/v8-m.main+fp/softfp/libgcc.a(_arm_addsubdf3.o)
                0x20000dd0                __aeabi_drsub
                0x20000dd8                __subdf3
                0x20000dd8                __aeabi_dsub
                0x20000ddc                __aeabi_dadd
                0x20000ddc                __adddf3
                0x20001054                __aeabi_ui2d
                0x20001054                __floatunsidf
                0x20001074                __floatsidf
                0x20001074                __aeabi_i2d
                0x20001098                __extendsfdf2
                0x20001098                __aeabi_f2d
                0x200010dc                __aeabi_ul2d
                0x200010dc                __floatundidf
                0x200010ec                __aeabi_l2d
                0x200010ec                __floatdidf
 .text          0x20001148       0x30 /Users/m6t6ng6/.pico-sdk/toolchain/14_2_Rel1/bin/../lib/gcc/arm-none-eabi/14.2.1/thumb/v8-m.main+fp/softfp/libgcc.a(_aeabi_uldivmod.o)
                0x20001148                __aeabi_uldivmod
 .text.__udivmoddi4
                0x20001178      0x34c /Users/m6t6ng6/.pico-sdk/toolchain/14_2_Rel1/bin/../lib/gcc/arm-none-eabi/14.2.1/thumb/v8-m.main+fp/softfp/libgcc.a(_udivmoddi4.o)
                0x20001178                __udivmoddi4
 .text          0x200014c4        0x4 /Users/m6t6ng6/.pico-sdk/toolchain/14_2_Rel1/bin/../lib/gcc/arm-none-eabi/14.2.1/thumb/v8-m.main+fp/softfp/libgcc.a(_dvmd_tls.o)
                0x200014c4                __aeabi_ldiv0
                0x200014c4                __aeabi_idiv0
 .text.__stub   0x200014c8       0x30 linker stubs
                0x200014f8                        . = ALIGN (0x4)
 *(.rodata*)
                0x200014f8                        . = ALIGN (0x4)
 *(.data*)
 .data.striped_spin_lock_num
                0x200014f8        0x1 CMakeFiles/firmware.dir/Users/m6t6ng6/.pico-sdk/sdk/2.1.1/src/rp2_common/hardware_sync/sync.c.o
 *fill*         0x200014f9        0x3 
 .data          0x200014fc       0x48 CMakeFiles/firmware.dir/Users/m6t6ng6/.pico-sdk/sdk/2.1.1/src/rp2_common/hardware_irq/irq_handler_chain.S.o
                0x200014fc                irq_handler_chain_slots
                0x2000152c                irq_handler_chain_first_slot
                0x20001536                irq_handler_chain_remove_tail
 .data.default_alarm_pool
                0x20001544       0x18 CMakeFiles/firmware.dir/Users/m6t6ng6/.pico-sdk/sdk/2.1.1/src/common/pico_time/time.c.o
 .data.stdio_usb
                0x2000155c       0x18 CMakeFiles/firmware.dir/Users/m6t6ng6/.pico-sdk/sdk/2.1.1/src/rp2_common/pico_stdio_usb/stdio_usb.c.o
                0x2000155c                stdio_usb
 .data._usbd_qdef
                0x20001574       0x1c CMakeFiles/firmware.dir/Users/m6t6ng6/.pico-sdk/sdk/2.1.1/lib/tinyusb/src/device/usbd.c.o
                0x20001574                _usbd_qdef
 .data._usbd_rhport
                0x20001590        0x1 CMakeFiles/firmware.dir/Users/m6t6ng6/.pico-sdk/sdk/2.1.1/lib/tinyusb/src/device/usbd.c.o
 .data.ucPrimaryCoreNum
                0x20001591        0x1 /Users/m6t6ng6/Documents/TD3_VM/repo/3_trabajos_practicos/tp2/firmware/freertos/libfreertos.a(port.c.o)
 *fill*         0x20001592        0x2 
 .data.ulCriticalNesting
                0x20001594        0x4 /Users/m6t6ng6/Documents/TD3_VM/repo/3_trabajos_practicos/tp2/firmware/freertos/libfreertos.a(port.c.o)
 .data.__malloc_sbrk_base
                0x20001598        0x4 /Users/m6t6ng6/.pico-sdk/toolchain/14_2_Rel1/bin/../lib/gcc/arm-none-eabi/14.2.1/../../../../arm-none-eabi/lib/thumb/v8-m.main+fp/softfp/libg.a(libc_a-mallocr.o)
                0x20001598                __malloc_sbrk_base
 .data.__malloc_trim_threshold
                0x2000159c        0x4 /Users/m6t6ng6/.pico-sdk/toolchain/14_2_Rel1/bin/../lib/gcc/arm-none-eabi/14.2.1/../../../../arm-none-eabi/lib/thumb/v8-m.main+fp/softfp/libg.a(libc_a-mallocr.o)
                0x2000159c                __malloc_trim_threshold
 .data.__malloc_av_
                0x200015a0      0x408 /Users/m6t6ng6/.pico-sdk/toolchain/14_2_Rel1/bin/../lib/gcc/arm-none-eabi/14.2.1/../../../../arm-none-eabi/lib/thumb/v8-m.main+fp/softfp/libg.a(libc_a-mallocr.o)
                0x200015a0                __malloc_av_
 .data._impure_ptr
                0x200019a8        0x4 /Users/m6t6ng6/.pico-sdk/toolchain/14_2_Rel1/bin/../lib/gcc/arm-none-eabi/14.2.1/../../../../arm-none-eabi/lib/thumb/v8-m.main+fp/softfp/libg.a(libc_a-impure.o)
                0x200019a8                _impure_ptr
 *fill*         0x200019ac        0x4 
 .data._impure_data
                0x200019b0      0x140 /Users/m6t6ng6/.pico-sdk/toolchain/14_2_Rel1/bin/../lib/gcc/arm-none-eabi/14.2.1/../../../../arm-none-eabi/lib/thumb/v8-m.main+fp/softfp/libg.a(libc_a-impure.o)
                0x200019b0                _impure_data
 *(.sdata*)
                0x20001af0                        . = ALIGN (0x4)
 *(.after_data.*)
                0x20001af0                        . = ALIGN (0x4)
                0x20001af0                        PROVIDE (__mutex_array_start = .)
 *(SORT_BY_NAME(.mutex_array.*))
 *(.mutex_array)
 .mutex_array   0x20001af0        0x8 CMakeFiles/firmware.dir/Users/m6t6ng6/.pico-sdk/sdk/2.1.1/src/rp2_common/pico_stdio/stdio.c.o
                0x20001af8                        PROVIDE (__mutex_array_end = .)
 *(.jcr)
                0x20001af8                        . = ALIGN (0x4)

.tm_clone_table
                0x20001af8        0x0 load address 0x1000a02c
 .tm_clone_table
                0x20001af8        0x0 /Users/m6t6ng6/.pico-sdk/toolchain/14_2_Rel1/bin/../lib/gcc/arm-none-eabi/14.2.1/thumb/v8-m.main+fp/softfp/crtbegin.o
 .tm_clone_table
                0x20001af8        0x0 /Users/m6t6ng6/.pico-sdk/toolchain/14_2_Rel1/bin/../lib/gcc/arm-none-eabi/14.2.1/thumb/v8-m.main+fp/softfp/crtend.o

.igot.plt       0x20001af8        0x0 load address 0x1000a02c
 .igot.plt      0x20001af8        0x0 /Users/m6t6ng6/.pico-sdk/toolchain/14_2_Rel1/bin/../lib/gcc/arm-none-eabi/14.2.1/thumb/v8-m.main+fp/softfp/crtbegin.o

.tdata          0x20001af8        0x0 load address 0x1000a02c
                0x20001af8                        . = ALIGN (0x4)
 *(.tdata .tdata.* .gnu.linkonce.td.*)
                0x20001af8                        __tdata_end = .
                0x20001af8                        PROVIDE (__data_end__ = .)
                0x10008644                        __etext = LOADADDR (.data)

.tbss           0x20001af8        0x0 load address 0x1000a02c
                0x20001af8                        . = ALIGN (0x4)
                0x20001af8                        __bss_start__ = .
                0x20001af8                        __tls_base = .
 *(.tbss .tbss.* .gnu.linkonce.tb.*)
 *(.tcommon)
                0x20001af8                        __tls_end = .

.bss            0x20001af8      0xf7c load address 0x1000a02c
                0x20001af8                        . = ALIGN (0x4)
                0x20001af8                        __tbss_end = .
 *(SORT_BY_ALIGNMENT(SORT_BY_NAME(.bss*)))
 .bss.default_alarm_pool_entries
                0x20001af8      0x180 CMakeFiles/firmware.dir/Users/m6t6ng6/.pico-sdk/sdk/2.1.1/src/common/pico_time/time.c.o
 .bss.last_avail_time.1
                0x20001c78        0x8 CMakeFiles/firmware.dir/Users/m6t6ng6/.pico-sdk/sdk/2.1.1/src/rp2_common/pico_stdio_usb/stdio_usb.c.o
 .bss.xQueueRegistry
                0x20001c80       0x50 /Users/m6t6ng6/Documents/TD3_VM/repo/3_trabajos_practicos/tp2/firmware/freertos/libfreertos.a(queue.c.o)
                0x20001c80                xQueueRegistry
 .bss.__lock___malloc_recursive_mutex
                0x20001cd0        0x1 /Users/m6t6ng6/.pico-sdk/toolchain/14_2_Rel1/bin/../lib/gcc/arm-none-eabi/14.2.1/../../../../arm-none-eabi/lib/thumb/v8-m.main+fp/softfp/libg.a(libc_a-lock.o)
                0x20001cd0                __lock___malloc_recursive_mutex
 *fill*         0x20001cd1        0x3 
 .bss.__malloc_current_mallinfo
                0x20001cd4       0x28 /Users/m6t6ng6/.pico-sdk/toolchain/14_2_Rel1/bin/../lib/gcc/arm-none-eabi/14.2.1/../../../../arm-none-eabi/lib/thumb/v8-m.main+fp/softfp/libg.a(libc_a-mallocr.o)
                0x20001cd4                __malloc_current_mallinfo
 .bss.__malloc_max_sbrked_mem
                0x20001cfc        0x4 /Users/m6t6ng6/.pico-sdk/toolchain/14_2_Rel1/bin/../lib/gcc/arm-none-eabi/14.2.1/../../../../arm-none-eabi/lib/thumb/v8-m.main+fp/softfp/libg.a(libc_a-mallocr.o)
                0x20001cfc                __malloc_max_sbrked_mem
 .bss.__malloc_max_total_mem
                0x20001d00        0x4 /Users/m6t6ng6/.pico-sdk/toolchain/14_2_Rel1/bin/../lib/gcc/arm-none-eabi/14.2.1/../../../../arm-none-eabi/lib/thumb/v8-m.main+fp/softfp/libg.a(libc_a-mallocr.o)
                0x20001d00                __malloc_max_total_mem
 .bss.__malloc_top_pad
                0x20001d04        0x4 /Users/m6t6ng6/.pico-sdk/toolchain/14_2_Rel1/bin/../lib/gcc/arm-none-eabi/14.2.1/../../../../arm-none-eabi/lib/thumb/v8-m.main+fp/softfp/libg.a(libc_a-mallocr.o)
                0x20001d04                __malloc_top_pad
 .bss.__sf      0x20001d08      0x138 /Users/m6t6ng6/.pico-sdk/toolchain/14_2_Rel1/bin/../lib/gcc/arm-none-eabi/14.2.1/../../../../arm-none-eabi/lib/thumb/v8-m.main+fp/softfp/libg.a(libc_a-findfp.o)